Archive member included because of file (symbol)

/home/taylor/ARM/ArduinoDev/Arduino-1.5.5-r2/hardware/arduino/sam/variants/flutter/libsam_sam3s1a_gcc_dbg.a(timetick.o)
                              /home/taylor/ARM/Arduino1.5/Arduino-ide-1.5.x/hardware/build/test.ino.cpp.o (TimeTick_Increment)
/home/taylor/ARM/ArduinoDev/Arduino-1.5.5-r2/hardware/arduino/sam/variants/flutter/libsam_sam3s1a_gcc_dbg.a(startup_sam3s.o)
                              (Reset_Handler)
/home/taylor/ARM/Arduino1.5/Arduino-ide-1.5.x/hardware/build/core.a(wiring.c.o)
                              /home/taylor/ARM/Arduino1.5/Arduino-ide-1.5.x/hardware/build/test.ino.cpp.o (delay)
/home/taylor/ARM/Arduino1.5/Arduino-ide-1.5.x/hardware/build/core.a(wiring_digital.c.o)
                              /home/taylor/ARM/Arduino1.5/Arduino-ide-1.5.x/hardware/build/test.ino.cpp.o (pinMode)
/home/taylor/ARM/Arduino1.5/Arduino-ide-1.5.x/hardware/build/core.a(Print.cpp.o)
                              /home/taylor/ARM/Arduino1.5/Arduino-ide-1.5.x/hardware/build/test.ino.cpp.o (Print::println(char const*))
/home/taylor/ARM/Arduino1.5/Arduino-ide-1.5.x/hardware/build/core.a(USARTClass.cpp.o)
                              /home/taylor/ARM/Arduino1.5/Arduino-ide-1.5.x/hardware/build/test.ino.cpp.o (USARTClass::begin(unsigned long))
/home/taylor/ARM/Arduino1.5/Arduino-ide-1.5.x/hardware/build/core.a(WString.cpp.o)
                              /home/taylor/ARM/Arduino1.5/Arduino-ide-1.5.x/hardware/build/core.a(Print.cpp.o) (String::operator[](unsigned int) const)
/home/taylor/ARM/Arduino1.5/Arduino-ide-1.5.x/hardware/build/core.a(RingBuffer.cpp.o)
                              /home/taylor/ARM/Arduino1.5/Arduino-ide-1.5.x/hardware/build/core.a(USARTClass.cpp.o) (RingBuffer::store_char(unsigned char))
/home/taylor/ARM/Arduino1.5/Arduino-ide-1.5.x/hardware/build/core.a(variant.cpp.o)
                              /home/taylor/ARM/Arduino1.5/Arduino-ide-1.5.x/hardware/build/test.ino.cpp.o (init)
/home/taylor/ARM/Arduino1.5/Arduino-ide-1.5.x/hardware/build/core.a(wiring_analog.c.o)
                              /home/taylor/ARM/Arduino1.5/Arduino-ide-1.5.x/hardware/build/core.a(variant.cpp.o) (analogOutputInit)
/home/taylor/ARM/Arduino1.5/Arduino-ide-1.5.x/hardware/build/core.a(itoa.c.o)
                              /home/taylor/ARM/Arduino1.5/Arduino-ide-1.5.x/hardware/build/core.a(WString.cpp.o) (ltoa)
/home/taylor/ARM/Arduino1.5/Arduino-ide-1.5.x/hardware/build/core.a(hooks.c.o)
                              /home/taylor/ARM/Arduino1.5/Arduino-ide-1.5.x/hardware/build/core.a(wiring.c.o) (yield)
/home/taylor/ARM/Arduino1.5/Arduino-ide-1.5.x/hardware/build/core.a(UARTClass.cpp.o)
                              /home/taylor/ARM/Arduino1.5/Arduino-ide-1.5.x/hardware/build/core.a(variant.cpp.o) (UARTClass::available())
/home/taylor/ARM/ArduinoDev/Arduino-1.5.5-r2/hardware/arduino/sam/variants/flutter/libsam_sam3s1a_gcc_dbg.a(adc.o)
                              /home/taylor/ARM/Arduino1.5/Arduino-ide-1.5.x/hardware/build/core.a(variant.cpp.o) (adc_init)
/home/taylor/ARM/ArduinoDev/Arduino-1.5.5-r2/hardware/arduino/sam/variants/flutter/libsam_sam3s1a_gcc_dbg.a(pio.o)
                              /home/taylor/ARM/Arduino1.5/Arduino-ide-1.5.x/hardware/build/core.a(wiring_digital.c.o) (PIO_PullUp)
/home/taylor/ARM/ArduinoDev/Arduino-1.5.5-r2/hardware/arduino/sam/variants/flutter/libsam_sam3s1a_gcc_dbg.a(pmc.o)
                              /home/taylor/ARM/Arduino1.5/Arduino-ide-1.5.x/hardware/build/core.a(wiring_digital.c.o) (pmc_enable_periph_clk)
/home/taylor/ARM/ArduinoDev/Arduino-1.5.5-r2/hardware/arduino/sam/variants/flutter/libsam_sam3s1a_gcc_dbg.a(pwmc.o)
                              /home/taylor/ARM/Arduino1.5/Arduino-ide-1.5.x/hardware/build/core.a(wiring_analog.c.o) (PWMC_ConfigureChannel)
/home/taylor/ARM/ArduinoDev/Arduino-1.5.5-r2/hardware/arduino/sam/variants/flutter/libsam_sam3s1a_gcc_dbg.a(tc.o)
                              /home/taylor/ARM/Arduino1.5/Arduino-ide-1.5.x/hardware/build/core.a(wiring_analog.c.o) (TC_Configure)
/home/taylor/ARM/ArduinoDev/Arduino-1.5.5-r2/hardware/arduino/sam/variants/flutter/libsam_sam3s1a_gcc_dbg.a(wdt.o)
                              /home/taylor/ARM/Arduino1.5/Arduino-ide-1.5.x/hardware/build/core.a(variant.cpp.o) (WDT_Disable)
/home/taylor/ARM/ArduinoDev/Arduino-1.5.5-r2/hardware/arduino/sam/variants/flutter/libsam_sam3s1a_gcc_dbg.a(system_sam3s.o)
                              /home/taylor/ARM/Arduino1.5/Arduino-ide-1.5.x/hardware/build/core.a(USARTClass.cpp.o) (SystemCoreClock)
/usr/bin/../lib/gcc/arm-none-eabi/4.8.3/../../../../arm-none-eabi/lib/armv7-m/libm.a(lib_a-s_fpclassify.o)
                              /home/taylor/ARM/Arduino1.5/Arduino-ide-1.5.x/hardware/build/core.a(Print.cpp.o) (__fpclassifyd)
/usr/bin/../lib/gcc/arm-none-eabi/4.8.3/armv7-m/libgcc.a(_arm_addsubdf3.o)
                              /home/taylor/ARM/Arduino1.5/Arduino-ide-1.5.x/hardware/build/core.a(Print.cpp.o) (__aeabi_dsub)
[...]
Memory Configuration

Name             Origin             Length             Attributes
rom              0x00400000         0x00010000         xr
ram              0x20000000         0x00004000         xrw
*default*        0x00000000         0xffffffff

Linker script and memory map

LOAD /usr/bin/../lib/gcc/arm-none-eabi/4.8.3/armv7-m/crti.o
LOAD /usr/bin/../lib/gcc/arm-none-eabi/4.8.3/armv7-m/crtbegin.o
LOAD /usr/bin/../lib/gcc/arm-none-eabi/4.8.3/../../../../arm-none-eabi/lib/armv7-m/crt0.o
LOAD /usr/bin/../lib/gcc/arm-none-eabi/4.8.3/armv7-m/libgcc.a
START GROUP
LOAD /home/taylor/ARM/Arduino1.5/Arduino-ide-1.5.x/hardware/build/core/syscalls_sam3.c.o
LOAD /home/taylor/ARM/Arduino1.5/Arduino-ide-1.5.x/hardware/build/test.ino.cpp.o
LOAD /home/taylor/ARM/ArduinoDev/Arduino-1.5.5-r2/hardware/arduino/sam/variants/flutter/libsam_sam3s1a_gcc_dbg.a
LOAD /home/taylor/ARM/Arduino1.5/Arduino-ide-1.5.x/hardware/build/core.a
END GROUP
LOAD /usr/bin/../lib/gcc/arm-none-eabi/4.8.3/../../../../arm-none-eabi/lib/armv7-m/libstdc++.a
LOAD /usr/bin/../lib/gcc/arm-none-eabi/4.8.3/../../../../arm-none-eabi/lib/armv7-m/libm.a
START GROUP
LOAD /usr/bin/../lib/gcc/arm-none-eabi/4.8.3/armv7-m/libgcc.a
LOAD /usr/bin/../lib/gcc/arm-none-eabi/4.8.3/../../../../arm-none-eabi/lib/armv7-m/libc.a
END GROUP
LOAD /usr/bin/../lib/gcc/arm-none-eabi/4.8.3/armv7-m/crtend.o
LOAD /usr/bin/../lib/gcc/arm-none-eabi/4.8.3/armv7-m/crtn.o
                0x00002000                STACK_SIZE = DEFINED (STACK_SIZE)?STACK_SIZE:0x2000

.text           0x00400000     0x1b50
                0x00400000                . = ALIGN (0x4)
                0x00400000                _sfixed = .
 *(.vectors .vectors.*)
 .vectors       0x00400000       0xcc /home/taylor/ARM/ArduinoDev/Arduino-1.5.5-r2/hardware/arduino/sam/variants/flutter/libsam_sam3s1a_gcc_dbg.a(startup_sam3s.o)
                0x00400000                exception_table
 *(.text .text.* .gnu.linkonce.t.*)
 .text          0x004000cc       0x54 /usr/bin/../lib/gcc/arm-none-eabi/4.8.3/armv7-m/crtbegin.o
 .text._sbrk    0x00400120       0x1c /home/taylor/ARM/Arduino1.5/Arduino-ide-1.5.x/hardware/build/core/syscalls_sam3.c.o
                0x00400120                _sbrk
 .text.SysTick_Handler
                0x0040013c        0x4 /home/taylor/ARM/Arduino1.5/Arduino-ide-1.5.x/hardware/build/test.ino.cpp.o
                0x0040013c                SysTick_Handler
 .text.setup    0x00400140       0x4c /home/taylor/ARM/Arduino1.5/Arduino-ide-1.5.x/hardware/build/test.ino.cpp.o
                0x00400140                setup
 .text.loop     0x0040018c       0x34 /home/taylor/ARM/Arduino1.5/Arduino-ide-1.5.x/hardware/build/test.ino.cpp.o
                0x0040018c                loop
 .text.startup.main
                0x004001c0       0x24 /home/taylor/ARM/Arduino1.5/Arduino-ide-1.5.x/hardware/build/test.ino.cpp.o
                0x004001c0                main
 .text.TimeTick_Increment
                0x004001e4       0x1c /home/taylor/ARM/ArduinoDev/Arduino-1.5.5-r2/hardware/arduino/sam/variants/flutter/libsam_sam3s1a_gcc_dbg.a(timetick.o)
                0x004001e4                TimeTick_Increment
 .text.GetTickCount
                0x00400200       0x18 /home/taylor/ARM/ArduinoDev/Arduino-1.5.5-r2/hardware/arduino/sam/variants/flutter/libsam_sam3s1a_gcc_dbg.a(timetick.o)
                0x00400200                GetTickCount
 .text.Reset_Handler
                0x00400218       0xa8 /home/taylor/ARM/ArduinoDev/Arduino-1.5.5-r2/hardware/arduino/sam/variants/flutter/libsam_sam3s1a_gcc_dbg.a(startup_sam3s.o)
                0x00400218                Reset_Handler
 .text.Dummy_Handler
                0x004002c0        0x8 /home/taylor/ARM/ArduinoDev/Arduino-1.5.5-r2/hardware/arduino/sam/variants/flutter/libsam_sam3s1a_gcc_dbg.a(startup_sam3s.o)
                0x004002c0                DebugMon_Handler
                0x004002c0                HardFault_Handler
                0x004002c0                TC2_Handler
                0x004002c0                SPI_Handler
                0x004002c0                TWI1_Handler
                0x004002c0                PendSV_Handler
                0x004002c0                NMI_Handler
                0x004002c0                ADC_Handler
                0x004002c0                CRCCU_Handler
                0x004002c0                RTT_Handler
                0x004002c0                PIOB_Handler
                0x004002c0                RTC_Handler
                0x004002c0                UsageFault_Handler
                0x004002c0                WDT_Handler
                0x004002c0                TC1_Handler
                0x004002c0                HSMCI_Handler
                0x004002c0                Dummy_Handler
                0x004002c0                TWI0_Handler
                0x004002c0                PIOA_Handler
                0x004002c0                SSC_Handler
                0x004002c0                ACC_Handler
                0x004002c0                PMC_Handler
                0x004002c0                PWM_Handler
                0x004002c0                MemManage_Handler
                0x004002c0                SUPC_Handler
                0x004002c0                SVC_Handler
                0x004002c0                EFC_Handler
                0x004002c0                UART0_Handler
                0x004002c0                UDP_Handler
                0x004002c0                BusFault_Handler
                0x004002c0                RSTC_Handler
                0x004002c0                TC0_Handler
 .text.delay    0x004002c8       0x1a /home/taylor/ARM/Arduino1.5/Arduino-ide-1.5.x/hardware/build/core.a(wiring.c.o)
                0x004002c8                delay
 *fill*         0x004002e2        0x2 
 .text.pinMode  0x004002e4       0x64 /home/taylor/ARM/Arduino1.5/Arduino-ide-1.5.x/hardware/build/core.a(wiring_digital.c.o)
                0x004002e4                pinMode
 .text.digitalWrite
                0x00400348       0x48 /home/taylor/ARM/Arduino1.5/Arduino-ide-1.5.x/hardware/build/core.a(wiring_digital.c.o)
                0x00400348                digitalWrite
 .text._ZN5Print5writeEPKhj
                0x00400390       0x22 /home/taylor/ARM/Arduino1.5/Arduino-ide-1.5.x/hardware/build/core.a(Print.cpp.o)
                0x00400390                Print::write(unsigned char const*, unsigned int)
 .text._ZN5Print5writeEPKc
                0x004003b2       0x1e /home/taylor/ARM/Arduino1.5/Arduino-ide-1.5.x/hardware/build/core.a(Print.cpp.o)
                0x004003b2                Print::write(char const*)
 .text._ZN5Print5printEc
                0x004003d0        0xa /home/taylor/ARM/Arduino1.5/Arduino-ide-1.5.x/hardware/build/core.a(Print.cpp.o)
                0x004003d0                Print::print(char)
 .text._ZN5Print7printlnEv
                0x004003da       0x18 /home/taylor/ARM/Arduino1.5/Arduino-ide-1.5.x/hardware/build/core.a(Print.cpp.o)
                0x004003da                Print::println()
 .text._ZN5Print7printlnEPKc
                0x004003f2       0x14 /home/taylor/ARM/Arduino1.5/Arduino-ide-1.5.x/hardware/build/core.a(Print.cpp.o)
                0x004003f2                Print::println(char const*)
 .text._ZN10USARTClasscvbEv
                0x00400406        0x4 /home/taylor/ARM/Arduino1.5/Arduino-ide-1.5.x/hardware/build/core.a(USARTClass.cpp.o)
                0x00400406                USARTClass::operator bool()
 .text._ZN10USARTClass9availableEv
                0x0040040a        0xe /home/taylor/ARM/Arduino1.5/Arduino-ide-1.5.x/hardware/build/core.a(USARTClass.cpp.o)
                0x0040040a                USARTClass::available()
 .text._ZN10USARTClass4peekEv
                0x00400418       0x12 /home/taylor/ARM/Arduino1.5/Arduino-ide-1.5.x/hardware/build/core.a(USARTClass.cpp.o)
                0x00400418                USARTClass::peek()
 .text._ZN10USARTClass4readEv
                0x0040042a       0x1c /home/taylor/ARM/Arduino1.5/Arduino-ide-1.5.x/hardware/build/core.a(USARTClass.cpp.o)
                0x0040042a                USARTClass::read()
 .text._ZN10USARTClass5flushEv
                0x00400446        0xa /home/taylor/ARM/Arduino1.5/Arduino-ide-1.5.x/hardware/build/core.a(USARTClass.cpp.o)
                0x00400446                USARTClass::flush()
 .text._ZN10USARTClass5writeEh
                0x00400450        0xe /home/taylor/ARM/Arduino1.5/Arduino-ide-1.5.x/hardware/build/core.a(USARTClass.cpp.o)
                0x00400450                USARTClass::write(unsigned char)
 *fill*         0x0040045e        0x2 
 .text._ZN10USARTClassC2EP5Usart4IRQnmP10RingBuffer
                0x00400460       0x20 /home/taylor/ARM/Arduino1.5/Arduino-ide-1.5.x/hardware/build/core.a(USARTClass.cpp.o)
                0x00400460                USARTClass::USARTClass(Usart*, IRQn, unsigned long, RingBuffer*)
                0x00400460                USARTClass::USARTClass(Usart*, IRQn, unsigned long, RingBuffer*)
 .text._ZN10USARTClass5beginEm
                0x00400480       0x5c /home/taylor/ARM/Arduino1.5/Arduino-ide-1.5.x/hardware/build/core.a(USARTClass.cpp.o)
                0x00400480                USARTClass::begin(unsigned long)
 .text._ZN10USARTClass10IrqHandlerEv
                0x004004dc       0x28 /home/taylor/ARM/Arduino1.5/Arduino-ide-1.5.x/hardware/build/core.a(USARTClass.cpp.o)
                0x004004dc                USARTClass::IrqHandler()
 .text._ZN10RingBufferC2Ev
                0x00400504       0x16 /home/taylor/ARM/Arduino1.5/Arduino-ide-1.5.x/hardware/build/core.a(RingBuffer.cpp.o)
                0x00400504                RingBuffer::RingBuffer()
                0x00400504                RingBuffer::RingBuffer()
 .text._ZN10RingBuffer10store_charEh
                0x0040051a       0x16 /home/taylor/ARM/Arduino1.5/Arduino-ide-1.5.x/hardware/build/core.a(RingBuffer.cpp.o)
                0x0040051a                RingBuffer::store_char(unsigned char)
 .text._Z11serialEventv
                0x00400530        0x2 /home/taylor/ARM/Arduino1.5/Arduino-ide-1.5.x/hardware/build/core.a(variant.cpp.o)
                0x00400530                serialEvent()
 *fill*         0x00400532        0x2 
 .text.UART1_Handler
                0x00400534        0xc /home/taylor/ARM/Arduino1.5/Arduino-ide-1.5.x/hardware/build/core.a(variant.cpp.o)
                0x00400534                UART1_Handler
 .text._Z12serialEvent1v
                0x00400540        0x2 /home/taylor/ARM/Arduino1.5/Arduino-ide-1.5.x/hardware/build/core.a(variant.cpp.o)
                0x00400540                serialEvent1()
 *fill*         0x00400542        0x2 
 .text.USART0_Handler
                0x00400544        0xc /home/taylor/ARM/Arduino1.5/Arduino-ide-1.5.x/hardware/build/core.a(variant.cpp.o)
                0x00400544                USART0_Handler
 .text.init     0x00400550       0xd0 /home/taylor/ARM/Arduino1.5/Arduino-ide-1.5.x/hardware/build/core.a(variant.cpp.o)
                0x00400550                init
 .text.startup._GLOBAL__sub_I_g_APinDescription
                0x00400620       0x4c /home/taylor/ARM/Arduino1.5/Arduino-ide-1.5.x/hardware/build/core.a(variant.cpp.o)
 .text._Z14serialEventRunv
                0x0040066c       0x24 /home/taylor/ARM/Arduino1.5/Arduino-ide-1.5.x/hardware/build/core.a(variant.cpp.o)
                0x0040066c                serialEventRun()
 .text.analogOutputInit
                0x00400690       0x14 /home/taylor/ARM/Arduino1.5/Arduino-ide-1.5.x/hardware/build/core.a(wiring_analog.c.o)
                0x00400690                analogOutputInit
 .text.__empty  0x004006a4        0x2 /home/taylor/ARM/Arduino1.5/Arduino-ide-1.5.x/hardware/build/core.a(hooks.c.o)
                0x004006a4                yield
 .text._ZN9UARTClasscvbEv
                0x004006a6        0x4 /home/taylor/ARM/Arduino1.5/Arduino-ide-1.5.x/hardware/build/core.a(UARTClass.cpp.o)
                0x004006a6                UARTClass::operator bool()
 .text._ZN9UARTClass9availableEv
                0x004006aa        0xe /home/taylor/ARM/Arduino1.5/Arduino-ide-1.5.x/hardware/build/core.a(UARTClass.cpp.o)
                0x004006aa                UARTClass::available()
 .text._ZN9UARTClass4peekEv
                0x004006b8       0x12 /home/taylor/ARM/Arduino1.5/Arduino-ide-1.5.x/hardware/build/core.a(UARTClass.cpp.o)
                0x004006b8                UARTClass::peek()
 .text._ZN9UARTClass4readEv
                0x004006ca       0x1c /home/taylor/ARM/Arduino1.5/Arduino-ide-1.5.x/hardware/build/core.a(UARTClass.cpp.o)
                0x004006ca                UARTClass::read()
 .text._ZN9UARTClass5flushEv
                0x004006e6        0xa /home/taylor/ARM/Arduino1.5/Arduino-ide-1.5.x/hardware/build/core.a(UARTClass.cpp.o)
                0x004006e6                UARTClass::flush()
 .text._ZN9UARTClass5writeEh
                0x004006f0        0xe /home/taylor/ARM/Arduino1.5/Arduino-ide-1.5.x/hardware/build/core.a(UARTClass.cpp.o)
                0x004006f0                UARTClass::write(unsigned char)
 *fill*         0x004006fe        0x2 
 .text._ZN9UARTClassC2EP4Uart4IRQnmP10RingBuffer
                0x00400700       0x20 /home/taylor/ARM/Arduino1.5/Arduino-ide-1.5.x/hardware/build/core.a(UARTClass.cpp.o)
                0x00400700                UARTClass::UARTClass(Uart*, IRQn, unsigned long, RingBuffer*)
                0x00400700                UARTClass::UARTClass(Uart*, IRQn, unsigned long, RingBuffer*)
 .text._ZN9UARTClass10IrqHandlerEv
                0x00400720       0x28 /home/taylor/ARM/Arduino1.5/Arduino-ide-1.5.x/hardware/build/core.a(UARTClass.cpp.o)
                0x00400720                UARTClass::IrqHandler()
 .text.adc_init
                0x00400748       0x6c /home/taylor/ARM/ArduinoDev/Arduino-1.5.5-r2/hardware/arduino/sam/variants/flutter/libsam_sam3s1a_gcc_dbg.a(adc.o)
                0x00400748                adc_init
 .text.adc_configure_trigger
                0x004007b4       0x30 /home/taylor/ARM/ArduinoDev/Arduino-1.5.5-r2/hardware/arduino/sam/variants/flutter/libsam_sam3s1a_gcc_dbg.a(adc.o)
                0x004007b4                adc_configure_trigger
 .text.adc_configure_timing
                0x004007e4       0x3c /home/taylor/ARM/ArduinoDev/Arduino-1.5.5-r2/hardware/arduino/sam/variants/flutter/libsam_sam3s1a_gcc_dbg.a(adc.o)
                0x004007e4                adc_configure_timing
 .text.adc_disable_all_channel
                0x00400820       0x1c /home/taylor/ARM/ArduinoDev/Arduino-1.5.5-r2/hardware/arduino/sam/variants/flutter/libsam_sam3s1a_gcc_dbg.a(adc.o)
                0x00400820                adc_disable_all_channel
 .text.adc_disable_interrupt
                0x0040083c       0x1c /home/taylor/ARM/ArduinoDev/Arduino-1.5.5-r2/hardware/arduino/sam/variants/flutter/libsam_sam3s1a_gcc_dbg.a(adc.o)
                0x0040083c                adc_disable_interrupt
 .text.PIO_DisableInterrupt
                0x00400858       0x1c /home/taylor/ARM/ArduinoDev/Arduino-1.5.5-r2/hardware/arduino/sam/variants/flutter/libsam_sam3s1a_gcc_dbg.a(pio.o)
                0x00400858                PIO_DisableInterrupt
 .text.PIO_PullUp
                0x00400874       0x2c /home/taylor/ARM/ArduinoDev/Arduino-1.5.5-r2/hardware/arduino/sam/variants/flutter/libsam_sam3s1a_gcc_dbg.a(pio.o)
                0x00400874                PIO_PullUp
 .text.PIO_SetPeripheral
                0x004008a0       0xfc /home/taylor/ARM/ArduinoDev/Arduino-1.5.5-r2/hardware/arduino/sam/variants/flutter/libsam_sam3s1a_gcc_dbg.a(pio.o)
                0x004008a0                PIO_SetPeripheral
 .text.PIO_SetInput
                0x0040099c       0x7c /home/taylor/ARM/ArduinoDev/Arduino-1.5.5-r2/hardware/arduino/sam/variants/flutter/libsam_sam3s1a_gcc_dbg.a(pio.o)
                0x0040099c                PIO_SetInput
 .text.PIO_SetOutput
                0x00400a18       0x64 /home/taylor/ARM/ArduinoDev/Arduino-1.5.5-r2/hardware/arduino/sam/variants/flutter/libsam_sam3s1a_gcc_dbg.a(pio.o)
                0x00400a18                PIO_SetOutput
 .text.PIO_Configure
                0x00400a7c       0xcc /home/taylor/ARM/ArduinoDev/Arduino-1.5.5-r2/hardware/arduino/sam/variants/flutter/libsam_sam3s1a_gcc_dbg.a(pio.o)
                0x00400a7c                PIO_Configure
 .text.PIO_GetOutputDataStatus
                0x00400b48       0x34 /home/taylor/ARM/ArduinoDev/Arduino-1.5.5-r2/hardware/arduino/sam/variants/flutter/libsam_sam3s1a_gcc_dbg.a(pio.o)
                0x00400b48                PIO_GetOutputDataStatus
 .text.pmc_enable_periph_clk
                0x00400b7c       0x84 /home/taylor/ARM/ArduinoDev/Arduino-1.5.5-r2/hardware/arduino/sam/variants/flutter/libsam_sam3s1a_gcc_dbg.a(pmc.o)
                0x00400b7c                pmc_enable_periph_clk
 .text.pmc_disable_periph_clk
                0x00400c00       0x84 /home/taylor/ARM/ArduinoDev/Arduino-1.5.5-r2/hardware/arduino/sam/variants/flutter/libsam_sam3s1a_gcc_dbg.a(pmc.o)
                0x00400c00                pmc_disable_periph_clk
 .text.WDT_Disable
                0x00400c84       0x1c /home/taylor/ARM/ArduinoDev/Arduino-1.5.5-r2/hardware/arduino/sam/variants/flutter/libsam_sam3s1a_gcc_dbg.a(wdt.o)
                0x00400c84                WDT_Disable
 .text.SystemInit
                0x00400ca0       0xc4 /home/taylor/ARM/ArduinoDev/Arduino-1.5.5-r2/hardware/arduino/sam/variants/flutter/libsam_sam3s1a_gcc_dbg.a(system_sam3s.o)
                0x00400ca0                SystemInit
 .text.__libc_init_array
                0x00400d64       0x50 /usr/bin/../lib/gcc/arm-none-eabi/4.8.3/../../../../arm-none-eabi/lib/armv7-m/libc.a(lib_a-init.o)
                0x00400d64                __libc_init_array
 .text.malloc   0x00400db4       0x10 /usr/bin/../lib/gcc/arm-none-eabi/4.8.3/../../../../arm-none-eabi/lib/armv7-m/libc.a(lib_a-malloc.o)
                0x00400db4                malloc
 .text._malloc_r
                0x00400dc4      0x538 /usr/bin/../lib/gcc/arm-none-eabi/4.8.3/../../../../arm-none-eabi/lib/armv7-m/libc.a(lib_a-mallocr.o)
                0x00400dc4                _malloc_r
 .text.memset   0x004012fc       0x94 /usr/bin/../lib/gcc/arm-none-eabi/4.8.3/../../../../arm-none-eabi/lib/armv7-m/libc.a(lib_a-memset.o)
                0x004012fc                memset
 .text.__malloc_lock
                0x00401390        0x4 /usr/bin/../lib/gcc/arm-none-eabi/4.8.3/../../../../arm-none-eabi/lib/armv7-m/libc.a(lib_a-mlock.o)
                0x00401390                __malloc_lock
 .text.__malloc_unlock
                0x00401394        0x4 /usr/bin/../lib/gcc/arm-none-eabi/4.8.3/../../../../arm-none-eabi/lib/armv7-m/libc.a(lib_a-mlock.o)
                0x00401394                __malloc_unlock
 .text._sbrk_r  0x00401398       0x24 /usr/bin/../lib/gcc/arm-none-eabi/4.8.3/../../../../arm-none-eabi/lib/armv7-m/libc.a(lib_a-sbrkr.o)
                0x00401398                _sbrk_r
 .text.strlen   0x004013bc       0x60 /usr/bin/../lib/gcc/arm-none-eabi/4.8.3/../../../../arm-none-eabi/lib/armv7-m/libc.a(lib_a-strlen.o)
                0x004013bc                strlen
 .text.startup.register_fini
                0x0040141c       0x14 /usr/bin/../lib/gcc/arm-none-eabi/4.8.3/../../../../arm-none-eabi/lib/armv7-m/libc.a(lib_a-__call_atexit.o)
 .text.atexit   0x00401430        0xc /usr/bin/../lib/gcc/arm-none-eabi/4.8.3/../../../../arm-none-eabi/lib/armv7-m/libc.a(lib_a-atexit.o)
                0x00401430                atexit
 .text.__libc_fini_array
                0x0040143c       0x30 /usr/bin/../lib/gcc/arm-none-eabi/4.8.3/../../../../arm-none-eabi/lib/armv7-m/libc.a(lib_a-fini.o)
                0x0040143c                __libc_fini_array
 .text._malloc_trim_r
                0x0040146c       0x9c /usr/bin/../lib/gcc/arm-none-eabi/4.8.3/../../../../arm-none-eabi/lib/armv7-m/libc.a(lib_a-freer.o)
                0x0040146c                _malloc_trim_r
 .text._free_r  0x00401508      0x198 /usr/bin/../lib/gcc/arm-none-eabi/4.8.3/../../../../arm-none-eabi/lib/armv7-m/libc.a(lib_a-freer.o)
                0x00401508                _free_r
 .text.__register_exitproc
                0x004016a0       0xa8 /usr/bin/../lib/gcc/arm-none-eabi/4.8.3/../../../../arm-none-eabi/lib/armv7-m/libc.a(lib_a-__atexit.o)
                0x004016a0                __register_exitproc
 *(.glue_7t)
 .glue_7t       0x00000000        0x0 linker stubs
 *(.glue_7)
 .glue_7        0x00000000        0x0 linker stubs
 *(.rodata .rodata* .gnu.linkonce.r.*)
 .rodata.str1.1
                0x00401748        0x6 /home/taylor/ARM/Arduino1.5/Arduino-ide-1.5.x/hardware/build/test.ino.cpp.o
 *fill*         0x0040174e        0x2 
 .rodata._ZTV10USARTClass
                0x00401750       0x28 /home/taylor/ARM/Arduino1.5/Arduino-ide-1.5.x/hardware/build/core.a(USARTClass.cpp.o)
                0x00401750                vtable for USARTClass
 .rodata.g_APinDescription
                0x00401778      0x380 /home/taylor/ARM/Arduino1.5/Arduino-ide-1.5.x/hardware/build/core.a(variant.cpp.o)
                0x00401778                g_APinDescription
 .rodata._ZTV9UARTClass
                0x00401af8       0x28 /home/taylor/ARM/Arduino1.5/Arduino-ide-1.5.x/hardware/build/core.a(UARTClass.cpp.o)
                0x00401af8                vtable for UARTClass
 .rodata.str1.4
                0x00401b20        0x4 /usr/bin/../lib/gcc/arm-none-eabi/4.8.3/../../../../arm-none-eabi/lib/armv7-m/libc.a(lib_a-impure.o)
 .rodata._global_impure_ptr
                0x00401b24        0x4 /usr/bin/../lib/gcc/arm-none-eabi/4.8.3/../../../../arm-none-eabi/lib/armv7-m/libc.a(lib_a-impure.o)
                0x00401b24                _global_impure_ptr
 *(.ARM.extab* .gnu.linkonce.armextab.*)
                0x00401b28                . = ALIGN (0x4)
 *(.init)
 .init          0x00401b28        0x4 /usr/bin/../lib/gcc/arm-none-eabi/4.8.3/armv7-m/crti.o
                0x00401b28                _init
 .init          0x00401b2c        0x8 /usr/bin/../lib/gcc/arm-none-eabi/4.8.3/armv7-m/crtn.o
                0x00401b34                . = ALIGN (0x4)
                0x00401b34                __preinit_array_start = .
 *(.preinit_array)
                0x00401b34                __preinit_array_end = .
                0x00401b34                . = ALIGN (0x4)
                0x00401b34                __init_array_start = .
 *(SORT(.init_array.*))
 .init_array.00000
                0x00401b34        0x4 /usr/bin/../lib/gcc/arm-none-eabi/4.8.3/../../../../arm-none-eabi/lib/armv7-m/libc.a(lib_a-__call_atexit.o)
 *(.init_array)
 .init_array    0x00401b38        0x4 /usr/bin/../lib/gcc/arm-none-eabi/4.8.3/armv7-m/crtbegin.o
 .init_array    0x00401b3c        0x4 /home/taylor/ARM/Arduino1.5/Arduino-ide-1.5.x/hardware/build/core.a(variant.cpp.o)
                0x00401b40                __init_array_end = .
                0x00401b40                . = ALIGN (0x4)
 *crtbegin.o(.ctors)
 *(EXCLUDE_FILE(*crtend.o) .ctors)
 *(SORT(.ctors.*))
 *crtend.o(.ctors)
                0x00401b40                . = ALIGN (0x4)
 *(.fini)
 .fini          0x00401b40        0x4 /usr/bin/../lib/gcc/arm-none-eabi/4.8.3/armv7-m/crti.o
                0x00401b40                _fini
 .fini          0x00401b44        0x8 /usr/bin/../lib/gcc/arm-none-eabi/4.8.3/armv7-m/crtn.o
                0x00401b4c                . = ALIGN (0x4)
                0x00401b4c                __fini_array_start = .
 *(.fini_array)
 .fini_array    0x00401b4c        0x4 /usr/bin/../lib/gcc/arm-none-eabi/4.8.3/armv7-m/crtbegin.o
 *(SORT(.fini_array.*))
                0x00401b50                __fini_array_end = .
 *crtbegin.o(.dtors)
 *(EXCLUDE_FILE(*crtend.o) .dtors)
 *(SORT(.dtors.*))
 *crtend.o(.dtors)
                0x00401b50                . = ALIGN (0x4)
                0x00401b50                _efixed = .
                0x00401b50                PROVIDE (__exidx_start, .)

.vfp11_veneer   0x00401b50        0x0
 .vfp11_veneer  0x00000000        0x0 linker stubs

.v4_bx          0x00401b50        0x0
 .v4_bx         0x00000000        0x0 linker stubs

.iplt           0x00401b50        0x0
 .iplt          0x00000000        0x0 /usr/bin/../lib/gcc/arm-none-eabi/4.8.3/armv7-m/crtbegin.o

.eh_frame       0x00401b50        0x0
 .eh_frame      0x00401b50        0x0 /usr/bin/../lib/gcc/arm-none-eabi/4.8.3/armv7-m/crtbegin.o

.rel.dyn        0x00401b50        0x0
 .rel.iplt      0x00000000        0x0 /usr/bin/../lib/gcc/arm-none-eabi/4.8.3/armv7-m/crtbegin.o

.jcr            0x00401b50        0x0
 .jcr           0x00401b50        0x0 /usr/bin/../lib/gcc/arm-none-eabi/4.8.3/armv7-m/crtbegin.o

.igot.plt       0x00401b50        0x0
 .igot.plt      0x00000000        0x0 /usr/bin/../lib/gcc/arm-none-eabi/4.8.3/armv7-m/crtbegin.o

.ARM.exidx
 *(.ARM.exidx* .gnu.linkonce.armexidx.*)
                0x00401b50                PROVIDE (__exidx_end, .)
                0x00401b50                . = ALIGN (0x4)
                0x00401b50                _etext = .

.relocate       0x20000000      0x844 load address 0x00401b50
                0x20000000                . = ALIGN (0x4)
                0x20000000                _srelocate = .
 *(.ramfunc .ramfunc.*)
 *(.data .data.*)
 .data.SystemCoreClock
                0x20000000        0x4 /home/taylor/ARM/ArduinoDev/Arduino-1.5.5-r2/hardware/arduino/sam/variants/flutter/libsam_sam3s1a_gcc_dbg.a(system_sam3s.o)
                0x20000000                SystemCoreClock
 *fill*         0x20000004        0x4 
 .data.impure_data
                0x20000008      0x428 /usr/bin/../lib/gcc/arm-none-eabi/4.8.3/../../../../arm-none-eabi/lib/armv7-m/libc.a(lib_a-impure.o)
 .data._impure_ptr
                0x20000430        0x4 /usr/bin/../lib/gcc/arm-none-eabi/4.8.3/../../../../arm-none-eabi/lib/armv7-m/libc.a(lib_a-impure.o)
                0x20000430                _impure_ptr
 .data.__malloc_av_
                0x20000434      0x408 /usr/bin/../lib/gcc/arm-none-eabi/4.8.3/../../../../arm-none-eabi/lib/armv7-m/libc.a(lib_a-mallocr.o)
                0x20000434                __malloc_av_
 .data.__malloc_trim_threshold
                0x2000083c        0x4 /usr/bin/../lib/gcc/arm-none-eabi/4.8.3/../../../../arm-none-eabi/lib/armv7-m/libc.a(lib_a-mallocr.o)
                0x2000083c                __malloc_trim_threshold
 .data.__malloc_sbrk_base
                0x20000840        0x4 /usr/bin/../lib/gcc/arm-none-eabi/4.8.3/../../../../arm-none-eabi/lib/armv7-m/libc.a(lib_a-mallocr.o)
                0x20000840                __malloc_sbrk_base
                0x20000844                . = ALIGN (0x4)
                0x20000844                _erelocate = .

.bss            0x20000844      0x148 load address 0x00402394
                0x20000844                . = ALIGN (0x4)
                0x20000844                _sbss = .
                0x20000844                _szero = .
 *(.bss .bss.*)
 .bss           0x20000844       0x1c /usr/bin/../lib/gcc/arm-none-eabi/4.8.3/armv7-m/crtbegin.o
 .bss.heap.6221
                0x20000860        0x4 /home/taylor/ARM/Arduino1.5/Arduino-ide-1.5.x/hardware/build/core/syscalls_sam3.c.o
 .bss._dwTickCount
                0x20000864        0x4 /home/taylor/ARM/ArduinoDev/Arduino-1.5.5-r2/hardware/arduino/sam/variants/flutter/libsam_sam3s1a_gcc_dbg.a(timetick.o)
 .bss.Serial    0x20000868       0x20 /home/taylor/ARM/Arduino1.5/Arduino-ide-1.5.x/hardware/build/core.a(variant.cpp.o)
                0x20000868                Serial
 .bss.rx_buffer1
                0x20000888       0x48 /home/taylor/ARM/Arduino1.5/Arduino-ide-1.5.x/hardware/build/core.a(variant.cpp.o)
                0x20000888                rx_buffer1
 .bss.Serial1   0x200008d0       0x20 /home/taylor/ARM/Arduino1.5/Arduino-ide-1.5.x/hardware/build/core.a(variant.cpp.o)
                0x200008d0                Serial1
 .bss.rx_buffer2
                0x200008f0       0x48 /home/taylor/ARM/Arduino1.5/Arduino-ide-1.5.x/hardware/build/core.a(variant.cpp.o)
                0x200008f0                rx_buffer2
 .bss.pinEnabled
                0x20000938       0x1b /home/taylor/ARM/Arduino1.5/Arduino-ide-1.5.x/hardware/build/core.a(wiring_analog.c.o)
 *fill*         0x20000953        0x1 
 .bss.__malloc_max_total_mem
                0x20000954        0x4 /usr/bin/../lib/gcc/arm-none-eabi/4.8.3/../../../../arm-none-eabi/lib/armv7-m/libc.a(lib_a-mallocr.o)
                0x20000954                __malloc_max_total_mem
 .bss.__malloc_max_sbrked_mem
                0x20000958        0x4 /usr/bin/../lib/gcc/arm-none-eabi/4.8.3/../../../../arm-none-eabi/lib/armv7-m/libc.a(lib_a-mallocr.o)
                0x20000958                __malloc_max_sbrked_mem
 .bss.__malloc_top_pad
                0x2000095c        0x4 /usr/bin/../lib/gcc/arm-none-eabi/4.8.3/../../../../arm-none-eabi/lib/armv7-m/libc.a(lib_a-mallocr.o)
                0x2000095c                __malloc_top_pad
 .bss.__malloc_current_mallinfo
                0x20000960       0x28 /usr/bin/../lib/gcc/arm-none-eabi/4.8.3/../../../../arm-none-eabi/lib/armv7-m/libc.a(lib_a-mallocr.o)
                0x20000960                __malloc_current_mallinfo
 *(COMMON)
 COMMON         0x20000988        0x4 /usr/bin/../lib/gcc/arm-none-eabi/4.8.3/../../../../arm-none-eabi/lib/armv7-m/libc.a(lib_a-reent.o)
                0x20000988                errno
                0x2000098c                . = ALIGN (0x4)
                0x2000098c                _ebss = .
                0x2000098c                _ezero = .

.stack          0x2000098c     0x2004 load address 0x004024dc
                0x20000990                . = ALIGN (0x8)
 *fill*         0x2000098c        0x4 
                0x20000990                _sstack = .
                0x20002990                . = (. + STACK_SIZE)
 *fill*         0x20000990     0x2000 
                0x20002990                . = ALIGN (0x8)
                0x20002990                _estack = .
                0x20002990                . = ALIGN (0x4)
                0x20002990                _end = .
OUTPUT(/home/taylor/ARM/Arduino1.5/Arduino-ide-1.5.x/hardware/build/test.elf elf32-littlearm)

.ARM.attributes
                0x00000000       0x29
 .ARM.attributes
                0x00000000       0x1d /usr/bin/../lib/gcc/arm-none-eabi/4.8.3/armv7-m/crti.o
 .ARM.attributes
                0x0000001d       0x2d /usr/bin/../lib/gcc/arm-none-eabi/4.8.3/armv7-m/crtbegin.o
 .ARM.attributes
                0x0000004a       0x33 /home/taylor/ARM/Arduino1.5/Arduino-ide-1.5.x/hardware/build/core/syscalls_sam3.c.o
 .ARM.attributes
                0x0000007d       0x33 /home/taylor/ARM/Arduino1.5/Arduino-ide-1.5.x/hardware/build/test.ino.cpp.o
 .ARM.attributes
                0x000000b0       0x33 /home/taylor/ARM/ArduinoDev/Arduino-1.5.5-r2/hardware/arduino/sam/variants/flutter/libsam_sam3s1a_gcc_dbg.a(timetick.o)
 .ARM.attributes
                0x000000e3       0x33 /home/taylor/ARM/ArduinoDev/Arduino-1.5.5-r2/hardware/arduino/sam/variants/flutter/libsam_sam3s1a_gcc_dbg.a(startup_sam3s.o)
 .ARM.attributes
                0x00000116       0x33 /home/taylor/ARM/Arduino1.5/Arduino-ide-1.5.x/hardware/build/core.a(wiring.c.o)
 .ARM.attributes
                0x00000149       0x33 /home/taylor/ARM/Arduino1.5/Arduino-ide-1.5.x/hardware/build/core.a(wiring_digital.c.o)
 .ARM.attributes
                0x0000017c       0x33 /home/taylor/ARM/Arduino1.5/Arduino-ide-1.5.x/hardware/build/core.a(Print.cpp.o)
 .ARM.attributes
                0x000001af       0x33 /home/taylor/ARM/Arduino1.5/Arduino-ide-1.5.x/hardware/build/core.a(USARTClass.cpp.o)
 .ARM.attributes
                0x000001e2       0x33 /home/taylor/ARM/Arduino1.5/Arduino-ide-1.5.x/hardware/build/core.a(RingBuffer.cpp.o)
 .ARM.attributes
                0x00000215       0x33 /home/taylor/ARM/Arduino1.5/Arduino-ide-1.5.x/hardware/build/core.a(variant.cpp.o)
 .ARM.attributes
                0x00000248       0x33 /home/taylor/ARM/Arduino1.5/Arduino-ide-1.5.x/hardware/build/core.a(wiring_analog.c.o)
 .ARM.attributes
                0x0000027b       0x33 /home/taylor/ARM/Arduino1.5/Arduino-ide-1.5.x/hardware/build/core.a(hooks.c.o)
 .ARM.attributes
                0x000002ae       0x33 /home/taylor/ARM/Arduino1.5/Arduino-ide-1.5.x/hardware/build/core.a(UARTClass.cpp.o)
 .ARM.attributes
                0x000002e1       0x33 /home/taylor/ARM/ArduinoDev/Arduino-1.5.5-r2/hardware/arduino/sam/variants/flutter/libsam_sam3s1a_gcc_dbg.a(adc.o)
 .ARM.attributes
                0x00000314       0x33 /home/taylor/ARM/ArduinoDev/Arduino-1.5.5-r2/hardware/arduino/sam/variants/flutter/libsam_sam3s1a_gcc_dbg.a(pio.o)
 .ARM.attributes
                0x00000347       0x33 /home/taylor/ARM/ArduinoDev/Arduino-1.5.5-r2/hardware/arduino/sam/variants/flutter/libsam_sam3s1a_gcc_dbg.a(pmc.o)
 .ARM.attributes
                0x0000037a       0x33 /home/taylor/ARM/ArduinoDev/Arduino-1.5.5-r2/hardware/arduino/sam/variants/flutter/libsam_sam3s1a_gcc_dbg.a(wdt.o)
 .ARM.attributes
                0x000003ad       0x33 /home/taylor/ARM/ArduinoDev/Arduino-1.5.5-r2/hardware/arduino/sam/variants/flutter/libsam_sam3s1a_gcc_dbg.a(system_sam3s.o)
 .ARM.attributes
                0x000003e0       0x2d /usr/bin/../lib/gcc/arm-none-eabi/4.8.3/../../../../arm-none-eabi/lib/armv7-m/libc.a(lib_a-impure.o)
 .ARM.attributes
                0x0000040d       0x2d /usr/bin/../lib/gcc/arm-none-eabi/4.8.3/../../../../arm-none-eabi/lib/armv7-m/libc.a(lib_a-init.o)
 .ARM.attributes
                0x0000043a       0x2d /usr/bin/../lib/gcc/arm-none-eabi/4.8.3/../../../../arm-none-eabi/lib/armv7-m/libc.a(lib_a-malloc.o)
 .ARM.attributes
                0x00000467       0x2d /usr/bin/../lib/gcc/arm-none-eabi/4.8.3/../../../../arm-none-eabi/lib/armv7-m/libc.a(lib_a-mallocr.o)
 .ARM.attributes
                0x00000494       0x2d /usr/bin/../lib/gcc/arm-none-eabi/4.8.3/../../../../arm-none-eabi/lib/armv7-m/libc.a(lib_a-memset.o)
 .ARM.attributes
                0x000004c1       0x2d /usr/bin/../lib/gcc/arm-none-eabi/4.8.3/../../../../arm-none-eabi/lib/armv7-m/libc.a(lib_a-mlock.o)
 .ARM.attributes
                0x000004ee       0x2d /usr/bin/../lib/gcc/arm-none-eabi/4.8.3/../../../../arm-none-eabi/lib/armv7-m/libc.a(lib_a-sbrkr.o)
 .ARM.attributes
                0x0000051b       0x2d /usr/bin/../lib/gcc/arm-none-eabi/4.8.3/../../../../arm-none-eabi/lib/armv7-m/libc.a(lib_a-strlen.o)
 .ARM.attributes
                0x00000548       0x2d /usr/bin/../lib/gcc/arm-none-eabi/4.8.3/../../../../arm-none-eabi/lib/armv7-m/libc.a(lib_a-__call_atexit.o)
 .ARM.attributes
                0x00000575       0x2d /usr/bin/../lib/gcc/arm-none-eabi/4.8.3/../../../../arm-none-eabi/lib/armv7-m/libc.a(lib_a-atexit.o)
 .ARM.attributes
                0x000005a2       0x2d /usr/bin/../lib/gcc/arm-none-eabi/4.8.3/../../../../arm-none-eabi/lib/armv7-m/libc.a(lib_a-fini.o)
 .ARM.attributes
                0x000005cf       0x2d /usr/bin/../lib/gcc/arm-none-eabi/4.8.3/../../../../arm-none-eabi/lib/armv7-m/libc.a(lib_a-freer.o)
 .ARM.attributes
                0x000005fc       0x2d /usr/bin/../lib/gcc/arm-none-eabi/4.8.3/../../../../arm-none-eabi/lib/armv7-m/libc.a(lib_a-reent.o)
 .ARM.attributes
                0x00000629       0x2d /usr/bin/../lib/gcc/arm-none-eabi/4.8.3/../../../../arm-none-eabi/lib/armv7-m/libc.a(lib_a-__atexit.o)
 .ARM.attributes
                0x00000656       0x1d /usr/bin/../lib/gcc/arm-none-eabi/4.8.3/armv7-m/crtn.o

.comment        0x00000000       0x70
 .comment       0x00000000       0x70 /home/taylor/ARM/Arduino1.5/Arduino-ide-1.5.x/hardware/build/core/syscalls_sam3.c.o
                                 0x71 (size before relaxing)
 .comment       0x00000000       0x71 /home/taylor/ARM/Arduino1.5/Arduino-ide-1.5.x/hardware/build/test.ino.cpp.o
 .comment       0x00000000       0x71 /home/taylor/ARM/ArduinoDev/Arduino-1.5.5-r2/hardware/arduino/sam/variants/flutter/libsam_sam3s1a_gcc_dbg.a(timetick.o)
 .comment       0x00000000       0x71 /home/taylor/ARM/ArduinoDev/Arduino-1.5.5-r2/hardware/arduino/sam/variants/flutter/libsam_sam3s1a_gcc_dbg.a(startup_sam3s.o)
 .comment       0x00000000       0x71 /home/taylor/ARM/Arduino1.5/Arduino-ide-1.5.x/hardware/build/core.a(wiring.c.o)
 .comment       0x00000000       0x71 /home/taylor/ARM/Arduino1.5/Arduino-ide-1.5.x/hardware/build/core.a(wiring_digital.c.o)
 .comment       0x00000000       0x71 /home/taylor/ARM/Arduino1.5/Arduino-ide-1.5.x/hardware/build/core.a(Print.cpp.o)
 .comment       0x00000000       0x71 /home/taylor/ARM/Arduino1.5/Arduino-ide-1.5.x/hardware/build/core.a(USARTClass.cpp.o)
 .comment       0x00000000       0x71 /home/taylor/ARM/Arduino1.5/Arduino-ide-1.5.x/hardware/build/core.a(RingBuffer.cpp.o)
 .comment       0x00000000       0x71 /home/taylor/ARM/Arduino1.5/Arduino-ide-1.5.x/hardware/build/core.a(variant.cpp.o)
 .comment       0x00000000       0x71 /home/taylor/ARM/Arduino1.5/Arduino-ide-1.5.x/hardware/build/core.a(wiring_analog.c.o)
 .comment       0x00000000       0x71 /home/taylor/ARM/Arduino1.5/Arduino-ide-1.5.x/hardware/build/core.a(hooks.c.o)
 .comment       0x00000000       0x71 /home/taylor/ARM/Arduino1.5/Arduino-ide-1.5.x/hardware/build/core.a(UARTClass.cpp.o)
 .comment       0x00000000       0x71 /home/taylor/ARM/ArduinoDev/Arduino-1.5.5-r2/hardware/arduino/sam/variants/flutter/libsam_sam3s1a_gcc_dbg.a(adc.o)
 .comment       0x00000000       0x71 /home/taylor/ARM/ArduinoDev/Arduino-1.5.5-r2/hardware/arduino/sam/variants/flutter/libsam_sam3s1a_gcc_dbg.a(pio.o)
 .comment       0x00000000       0x71 /home/taylor/ARM/ArduinoDev/Arduino-1.5.5-r2/hardware/arduino/sam/variants/flutter/libsam_sam3s1a_gcc_dbg.a(pmc.o)
 .comment       0x00000000       0x71 /home/taylor/ARM/ArduinoDev/Arduino-1.5.5-r2/hardware/arduino/sam/variants/flutter/libsam_sam3s1a_gcc_dbg.a(wdt.o)
 .comment       0x00000000       0x71 /home/taylor/ARM/ArduinoDev/Arduino-1.5.5-r2/hardware/arduino/sam/variants/flutter/libsam_sam3s1a_gcc_dbg.a(system_sam3s.o)

.debug_info     0x00000000     0xd986
 .debug_info    0x00000000      0x60e /home/taylor/ARM/Arduino1.5/Arduino-ide-1.5.x/hardware/build/core/syscalls_sam3.c.o
 .debug_info    0x0000060e      0x415 /home/taylor/ARM/Arduino1.5/Arduino-ide-1.5.x/hardware/build/test.ino.cpp.o
 .debug_info    0x00000a23      0x60c /home/taylor/ARM/ArduinoDev/Arduino-1.5.5-r2/hardware/arduino/sam/variants/flutter/libsam_sam3s1a_gcc_dbg.a(timetick.o)
 .debug_info    0x0000102f      0x568 /home/taylor/ARM/ArduinoDev/Arduino-1.5.5-r2/hardware/arduino/sam/variants/flutter/libsam_sam3s1a_gcc_dbg.a(startup_sam3s.o)
 .debug_info    0x00001597      0x416 /home/taylor/ARM/Arduino1.5/Arduino-ide-1.5.x/hardware/build/core.a(wiring.c.o)
 .debug_info    0x000019ad      0xaa3 /home/taylor/ARM/Arduino1.5/Arduino-ide-1.5.x/hardware/build/core.a(wiring_digital.c.o)
 .debug_info    0x00002450     0x238d /home/taylor/ARM/Arduino1.5/Arduino-ide-1.5.x/hardware/build/core.a(Print.cpp.o)
 .debug_info    0x000047dd     0x1cbf /home/taylor/ARM/Arduino1.5/Arduino-ide-1.5.x/hardware/build/core.a(USARTClass.cpp.o)
 .debug_info    0x0000649c      0x1c6 /home/taylor/ARM/Arduino1.5/Arduino-ide-1.5.x/hardware/build/core.a(RingBuffer.cpp.o)
 .debug_info    0x00006662     0x1755 /home/taylor/ARM/Arduino1.5/Arduino-ide-1.5.x/hardware/build/core.a(variant.cpp.o)
 .debug_info    0x00007db7     0x15c2 /home/taylor/ARM/Arduino1.5/Arduino-ide-1.5.x/hardware/build/core.a(wiring_analog.c.o)
 .debug_info    0x00009379       0x60 /home/taylor/ARM/Arduino1.5/Arduino-ide-1.5.x/hardware/build/core.a(hooks.c.o)
 .debug_info    0x000093d9     0x1bf0 /home/taylor/ARM/Arduino1.5/Arduino-ide-1.5.x/hardware/build/core.a(UARTClass.cpp.o)
 .debug_info    0x0000afc9      0xdf4 /home/taylor/ARM/ArduinoDev/Arduino-1.5.5-r2/hardware/arduino/sam/variants/flutter/libsam_sam3s1a_gcc_dbg.a(adc.o)
 .debug_info    0x0000bdbd      0x8b6 /home/taylor/ARM/ArduinoDev/Arduino-1.5.5-r2/hardware/arduino/sam/variants/flutter/libsam_sam3s1a_gcc_dbg.a(pio.o)
 .debug_info    0x0000c673      0xd20 /home/taylor/ARM/ArduinoDev/Arduino-1.5.5-r2/hardware/arduino/sam/variants/flutter/libsam_sam3s1a_gcc_dbg.a(pmc.o)
 .debug_info    0x0000d393      0x1eb /home/taylor/ARM/ArduinoDev/Arduino-1.5.5-r2/hardware/arduino/sam/variants/flutter/libsam_sam3s1a_gcc_dbg.a(wdt.o)
 .debug_info    0x0000d57e      0x408 /home/taylor/ARM/ArduinoDev/Arduino-1.5.5-r2/hardware/arduino/sam/variants/flutter/libsam_sam3s1a_gcc_dbg.a(system_sam3s.o)

.debug_abbrev   0x00000000     0x267e
 .debug_abbrev  0x00000000      0x19c /home/taylor/ARM/Arduino1.5/Arduino-ide-1.5.x/hardware/build/core/syscalls_sam3.c.o
 .debug_abbrev  0x0000019c      0x1b8 /home/taylor/ARM/Arduino1.5/Arduino-ide-1.5.x/hardware/build/test.ino.cpp.o
 .debug_abbrev  0x00000354      0x1e2 /home/taylor/ARM/ArduinoDev/Arduino-1.5.5-r2/hardware/arduino/sam/variants/flutter/libsam_sam3s1a_gcc_dbg.a(timetick.o)
 .debug_abbrev  0x00000536      0x131 /home/taylor/ARM/ArduinoDev/Arduino-1.5.5-r2/hardware/arduino/sam/variants/flutter/libsam_sam3s1a_gcc_dbg.a(startup_sam3s.o)
 .debug_abbrev  0x00000667      0x16f /home/taylor/ARM/Arduino1.5/Arduino-ide-1.5.x/hardware/build/core.a(wiring.c.o)
 .debug_abbrev  0x000007d6      0x1e4 /home/taylor/ARM/Arduino1.5/Arduino-ide-1.5.x/hardware/build/core.a(wiring_digital.c.o)
 .debug_abbrev  0x000009ba      0x452 /home/taylor/ARM/Arduino1.5/Arduino-ide-1.5.x/hardware/build/core.a(Print.cpp.o)
 .debug_abbrev  0x00000e0c      0x46f /home/taylor/ARM/Arduino1.5/Arduino-ide-1.5.x/hardware/build/core.a(USARTClass.cpp.o)
 .debug_abbrev  0x0000127b      0x165 /home/taylor/ARM/Arduino1.5/Arduino-ide-1.5.x/hardware/build/core.a(RingBuffer.cpp.o)
 .debug_abbrev  0x000013e0      0x3cc /home/taylor/ARM/Arduino1.5/Arduino-ide-1.5.x/hardware/build/core.a(variant.cpp.o)
 .debug_abbrev  0x000017ac      0x300 /home/taylor/ARM/Arduino1.5/Arduino-ide-1.5.x/hardware/build/core.a(wiring_analog.c.o)
 .debug_abbrev  0x00001aac       0x47 /home/taylor/ARM/Arduino1.5/Arduino-ide-1.5.x/hardware/build/core.a(hooks.c.o)
 .debug_abbrev  0x00001af3      0x46f /home/taylor/ARM/Arduino1.5/Arduino-ide-1.5.x/hardware/build/core.a(UARTClass.cpp.o)
 .debug_abbrev  0x00001f62      0x187 /home/taylor/ARM/ArduinoDev/Arduino-1.5.5-r2/hardware/arduino/sam/variants/flutter/libsam_sam3s1a_gcc_dbg.a(adc.o)
 .debug_abbrev  0x000020e9      0x1a1 /home/taylor/ARM/ArduinoDev/Arduino-1.5.5-r2/hardware/arduino/sam/variants/flutter/libsam_sam3s1a_gcc_dbg.a(pio.o)
 .debug_abbrev  0x0000228a      0x217 /home/taylor/ARM/ArduinoDev/Arduino-1.5.5-r2/hardware/arduino/sam/variants/flutter/libsam_sam3s1a_gcc_dbg.a(pmc.o)
 .debug_abbrev  0x000024a1       0xde /home/taylor/ARM/ArduinoDev/Arduino-1.5.5-r2/hardware/arduino/sam/variants/flutter/libsam_sam3s1a_gcc_dbg.a(wdt.o)
 .debug_abbrev  0x0000257f       0xff /home/taylor/ARM/ArduinoDev/Arduino-1.5.5-r2/hardware/arduino/sam/variants/flutter/libsam_sam3s1a_gcc_dbg.a(system_sam3s.o)

.debug_loc      0x00000000     0x2163
 .debug_loc     0x00000000      0x176 /home/taylor/ARM/Arduino1.5/Arduino-ide-1.5.x/hardware/build/core/syscalls_sam3.c.o
 .debug_loc     0x00000176       0xf7 /home/taylor/ARM/Arduino1.5/Arduino-ide-1.5.x/hardware/build/core.a(wiring.c.o)
 .debug_loc     0x0000026d      0x138 /home/taylor/ARM/Arduino1.5/Arduino-ide-1.5.x/hardware/build/core.a(wiring_digital.c.o)
 .debug_loc     0x000003a5     0x11f3 /home/taylor/ARM/Arduino1.5/Arduino-ide-1.5.x/hardware/build/core.a(Print.cpp.o)
 .debug_loc     0x00001598      0x1ea /home/taylor/ARM/Arduino1.5/Arduino-ide-1.5.x/hardware/build/core.a(USARTClass.cpp.o)
 .debug_loc     0x00001782       0x1e /home/taylor/ARM/Arduino1.5/Arduino-ide-1.5.x/hardware/build/core.a(RingBuffer.cpp.o)
 .debug_loc     0x000017a0       0x8a /home/taylor/ARM/Arduino1.5/Arduino-ide-1.5.x/hardware/build/core.a(variant.cpp.o)
 .debug_loc     0x0000182a      0x74f /home/taylor/ARM/Arduino1.5/Arduino-ide-1.5.x/hardware/build/core.a(wiring_analog.c.o)
 .debug_loc     0x00001f79      0x1ea /home/taylor/ARM/Arduino1.5/Arduino-ide-1.5.x/hardware/build/core.a(UARTClass.cpp.o)

.debug_aranges  0x00000000      0x838
 .debug_aranges
                0x00000000       0x70 /home/taylor/ARM/Arduino1.5/Arduino-ide-1.5.x/hardware/build/core/syscalls_sam3.c.o
 .debug_aranges
                0x00000070       0x40 /home/taylor/ARM/Arduino1.5/Arduino-ide-1.5.x/hardware/build/test.ino.cpp.o
 .debug_aranges
                0x000000b0       0x50 /home/taylor/ARM/ArduinoDev/Arduino-1.5.5-r2/hardware/arduino/sam/variants/flutter/libsam_sam3s1a_gcc_dbg.a(timetick.o)
 .debug_aranges
                0x00000100       0x28 /home/taylor/ARM/ArduinoDev/Arduino-1.5.5-r2/hardware/arduino/sam/variants/flutter/libsam_sam3s1a_gcc_dbg.a(startup_sam3s.o)
 .debug_aranges
                0x00000128       0x30 /home/taylor/ARM/Arduino1.5/Arduino-ide-1.5.x/hardware/build/core.a(wiring.c.o)
 .debug_aranges
                0x00000158       0x30 /home/taylor/ARM/Arduino1.5/Arduino-ide-1.5.x/hardware/build/core.a(wiring_digital.c.o)
 .debug_aranges
                0x00000188       0xf0 /home/taylor/ARM/Arduino1.5/Arduino-ide-1.5.x/hardware/build/core.a(Print.cpp.o)
 .debug_aranges
                0x00000278       0x68 /home/taylor/ARM/Arduino1.5/Arduino-ide-1.5.x/hardware/build/core.a(USARTClass.cpp.o)
 .debug_aranges
                0x000002e0       0x28 /home/taylor/ARM/Arduino1.5/Arduino-ide-1.5.x/hardware/build/core.a(RingBuffer.cpp.o)
 .debug_aranges
                0x00000308       0x50 /home/taylor/ARM/Arduino1.5/Arduino-ide-1.5.x/hardware/build/core.a(variant.cpp.o)
 .debug_aranges
                0x00000358       0x48 /home/taylor/ARM/Arduino1.5/Arduino-ide-1.5.x/hardware/build/core.a(wiring_analog.c.o)
 .debug_aranges
                0x000003a0       0x30 /home/taylor/ARM/Arduino1.5/Arduino-ide-1.5.x/hardware/build/core.a(hooks.c.o)
 .debug_aranges
                0x000003d0       0x68 /home/taylor/ARM/Arduino1.5/Arduino-ide-1.5.x/hardware/build/core.a(UARTClass.cpp.o)
 .debug_aranges
                0x00000438      0x170 /home/taylor/ARM/ArduinoDev/Arduino-1.5.5-r2/hardware/arduino/sam/variants/flutter/libsam_sam3s1a_gcc_dbg.a(adc.o)
 .debug_aranges
                0x000005a8       0x70 /home/taylor/ARM/ArduinoDev/Arduino-1.5.5-r2/hardware/arduino/sam/variants/flutter/libsam_sam3s1a_gcc_dbg.a(pio.o)
 .debug_aranges
                0x00000618      0x1b0 /home/taylor/ARM/ArduinoDev/Arduino-1.5.5-r2/hardware/arduino/sam/variants/flutter/libsam_sam3s1a_gcc_dbg.a(pmc.o)
 .debug_aranges
                0x000007c8       0x40 /home/taylor/ARM/ArduinoDev/Arduino-1.5.5-r2/hardware/arduino/sam/variants/flutter/libsam_sam3s1a_gcc_dbg.a(wdt.o)
 .debug_aranges
                0x00000808       0x30 /home/taylor/ARM/ArduinoDev/Arduino-1.5.5-r2/hardware/arduino/sam/variants/flutter/libsam_sam3s1a_gcc_dbg.a(system_sam3s.o)

.debug_ranges   0x00000000      0x908
 .debug_ranges  0x00000000       0x60 /home/taylor/ARM/Arduino1.5/Arduino-ide-1.5.x/hardware/build/core/syscalls_sam3.c.o
 .debug_ranges  0x00000060       0x30 /home/taylor/ARM/Arduino1.5/Arduino-ide-1.5.x/hardware/build/test.ino.cpp.o
 .debug_ranges  0x00000090       0x40 /home/taylor/ARM/ArduinoDev/Arduino-1.5.5-r2/hardware/arduino/sam/variants/flutter/libsam_sam3s1a_gcc_dbg.a(timetick.o)
 .debug_ranges  0x000000d0       0x18 /home/taylor/ARM/ArduinoDev/Arduino-1.5.5-r2/hardware/arduino/sam/variants/flutter/libsam_sam3s1a_gcc_dbg.a(startup_sam3s.o)
 .debug_ranges  0x000000e8       0x20 /home/taylor/ARM/Arduino1.5/Arduino-ide-1.5.x/hardware/build/core.a(wiring.c.o)
 .debug_ranges  0x00000108       0x20 /home/taylor/ARM/Arduino1.5/Arduino-ide-1.5.x/hardware/build/core.a(wiring_digital.c.o)
 .debug_ranges  0x00000128      0x1d8 /home/taylor/ARM/Arduino1.5/Arduino-ide-1.5.x/hardware/build/core.a(Print.cpp.o)
 .debug_ranges  0x00000300       0x88 /home/taylor/ARM/Arduino1.5/Arduino-ide-1.5.x/hardware/build/core.a(USARTClass.cpp.o)
 .debug_ranges  0x00000388       0x30 /home/taylor/ARM/Arduino1.5/Arduino-ide-1.5.x/hardware/build/core.a(RingBuffer.cpp.o)
 .debug_ranges  0x000003b8       0x78 /home/taylor/ARM/Arduino1.5/Arduino-ide-1.5.x/hardware/build/core.a(variant.cpp.o)
 .debug_ranges  0x00000430       0x80 /home/taylor/ARM/Arduino1.5/Arduino-ide-1.5.x/hardware/build/core.a(wiring_analog.c.o)
 .debug_ranges  0x000004b0       0x20 /home/taylor/ARM/Arduino1.5/Arduino-ide-1.5.x/hardware/build/core.a(hooks.c.o)
 .debug_ranges  0x000004d0       0x88 /home/taylor/ARM/Arduino1.5/Arduino-ide-1.5.x/hardware/build/core.a(UARTClass.cpp.o)
 .debug_ranges  0x00000558      0x160 /home/taylor/ARM/ArduinoDev/Arduino-1.5.5-r2/hardware/arduino/sam/variants/flutter/libsam_sam3s1a_gcc_dbg.a(adc.o)
 .debug_ranges  0x000006b8       0x60 /home/taylor/ARM/ArduinoDev/Arduino-1.5.5-r2/hardware/arduino/sam/variants/flutter/libsam_sam3s1a_gcc_dbg.a(pio.o)
 .debug_ranges  0x00000718      0x1a0 /home/taylor/ARM/ArduinoDev/Arduino-1.5.5-r2/hardware/arduino/sam/variants/flutter/libsam_sam3s1a_gcc_dbg.a(pmc.o)
 .debug_ranges  0x000008b8       0x30 /home/taylor/ARM/ArduinoDev/Arduino-1.5.5-r2/hardware/arduino/sam/variants/flutter/libsam_sam3s1a_gcc_dbg.a(wdt.o)
 .debug_ranges  0x000008e8       0x20 /home/taylor/ARM/ArduinoDev/Arduino-1.5.5-r2/hardware/arduino/sam/variants/flutter/libsam_sam3s1a_gcc_dbg.a(system_sam3s.o)

.debug_line     0x00000000     0x38f7
 .debug_line    0x00000000      0x32d /home/taylor/ARM/Arduino1.5/Arduino-ide-1.5.x/hardware/build/core/syscalls_sam3.c.o
 .debug_line    0x0000032d      0x387 /home/taylor/ARM/Arduino1.5/Arduino-ide-1.5.x/hardware/build/test.ino.cpp.o
 .debug_line    0x000006b4      0x19c /home/taylor/ARM/ArduinoDev/Arduino-1.5.5-r2/hardware/arduino/sam/variants/flutter/libsam_sam3s1a_gcc_dbg.a(timetick.o)
 .debug_line    0x00000850      0x125 /home/taylor/ARM/ArduinoDev/Arduino-1.5.5-r2/hardware/arduino/sam/variants/flutter/libsam_sam3s1a_gcc_dbg.a(startup_sam3s.o)
 .debug_line    0x00000975      0x243 /home/taylor/ARM/Arduino1.5/Arduino-ide-1.5.x/hardware/build/core.a(wiring.c.o)
 .debug_line    0x00000bb8      0x359 /home/taylor/ARM/Arduino1.5/Arduino-ide-1.5.x/hardware/build/core.a(wiring_digital.c.o)
 .debug_line    0x00000f11      0x597 /home/taylor/ARM/Arduino1.5/Arduino-ide-1.5.x/hardware/build/core.a(Print.cpp.o)
 .debug_line    0x000014a8      0x460 /home/taylor/ARM/Arduino1.5/Arduino-ide-1.5.x/hardware/build/core.a(USARTClass.cpp.o)
 .debug_line    0x00001908       0xe4 /home/taylor/ARM/Arduino1.5/Arduino-ide-1.5.x/hardware/build/core.a(RingBuffer.cpp.o)
 .debug_line    0x000019ec      0x4e7 /home/taylor/ARM/Arduino1.5/Arduino-ide-1.5.x/hardware/build/core.a(variant.cpp.o)
 .debug_line    0x00001ed3      0x458 /home/taylor/ARM/Arduino1.5/Arduino-ide-1.5.x/hardware/build/core.a(wiring_analog.c.o)
 .debug_line    0x0000232b       0xa6 /home/taylor/ARM/Arduino1.5/Arduino-ide-1.5.x/hardware/build/core.a(hooks.c.o)
 .debug_line    0x000023d1      0x45d /home/taylor/ARM/Arduino1.5/Arduino-ide-1.5.x/hardware/build/core.a(UARTClass.cpp.o)
 .debug_line    0x0000282e      0x4b6 /home/taylor/ARM/ArduinoDev/Arduino-1.5.5-r2/hardware/arduino/sam/variants/flutter/libsam_sam3s1a_gcc_dbg.a(adc.o)
 .debug_line    0x00002ce4      0x239 /home/taylor/ARM/ArduinoDev/Arduino-1.5.5-r2/hardware/arduino/sam/variants/flutter/libsam_sam3s1a_gcc_dbg.a(pio.o)
 .debug_line    0x00002f1d      0x66d /home/taylor/ARM/ArduinoDev/Arduino-1.5.5-r2/hardware/arduino/sam/variants/flutter/libsam_sam3s1a_gcc_dbg.a(pmc.o)
 .debug_line    0x0000358a      0x17d /home/taylor/ARM/ArduinoDev/Arduino-1.5.5-r2/hardware/arduino/sam/variants/flutter/libsam_sam3s1a_gcc_dbg.a(wdt.o)
 .debug_line    0x00003707      0x1f0 /home/taylor/ARM/ArduinoDev/Arduino-1.5.5-r2/hardware/arduino/sam/variants/flutter/libsam_sam3s1a_gcc_dbg.a(system_sam3s.o)

.debug_str      0x00000000     0x3fae
 .debug_str     0x00000000      0x3c8 /home/taylor/ARM/Arduino1.5/Arduino-ide-1.5.x/hardware/build/core/syscalls_sam3.c.o
                                0x443 (size before relaxing)
 .debug_str     0x000003c8      0x225 /home/taylor/ARM/Arduino1.5/Arduino-ide-1.5.x/hardware/build/test.ino.cpp.o
                                0x340 (size before relaxing)
 .debug_str     0x000005ed      0x3f0 /home/taylor/ARM/ArduinoDev/Arduino-1.5.5-r2/hardware/arduino/sam/variants/flutter/libsam_sam3s1a_gcc_dbg.a(timetick.o)
                                0x505 (size before relaxing)
 .debug_str     0x000009dd      0x3df /home/taylor/ARM/ArduinoDev/Arduino-1.5.5-r2/hardware/arduino/sam/variants/flutter/libsam_sam3s1a_gcc_dbg.a(startup_sam3s.o)
                                0x62c (size before relaxing)
 .debug_str     0x00000dbc       0x86 /home/taylor/ARM/Arduino1.5/Arduino-ide-1.5.x/hardware/build/core.a(wiring.c.o)
                                0x2f6 (size before relaxing)
 .debug_str     0x00000e42      0x5fb /home/taylor/ARM/Arduino1.5/Arduino-ide-1.5.x/hardware/build/core.a(wiring_digital.c.o)
                                0x87d (size before relaxing)
 .debug_str     0x0000143d      0xc2b /home/taylor/ARM/Arduino1.5/Arduino-ide-1.5.x/hardware/build/core.a(Print.cpp.o)
                                0xead (size before relaxing)
 .debug_str     0x00002068      0x671 /home/taylor/ARM/Arduino1.5/Arduino-ide-1.5.x/hardware/build/core.a(USARTClass.cpp.o)
                               0x13c3 (size before relaxing)
 .debug_str     0x000026d9       0x7a /home/taylor/ARM/Arduino1.5/Arduino-ide-1.5.x/hardware/build/core.a(RingBuffer.cpp.o)
                                0x23b (size before relaxing)
 .debug_str     0x00002753      0x41c /home/taylor/ARM/Arduino1.5/Arduino-ide-1.5.x/hardware/build/core.a(variant.cpp.o)
                               0x1103 (size before relaxing)
 .debug_str     0x00002b6f      0x4c9 /home/taylor/ARM/Arduino1.5/Arduino-ide-1.5.x/hardware/build/core.a(wiring_analog.c.o)
                                0xcbc (size before relaxing)
 .debug_str     0x00003038       0x6f /home/taylor/ARM/Arduino1.5/Arduino-ide-1.5.x/hardware/build/core.a(hooks.c.o)
                                0x11f (size before relaxing)
 .debug_str     0x000030a7      0x122 /home/taylor/ARM/Arduino1.5/Arduino-ide-1.5.x/hardware/build/core.a(UARTClass.cpp.o)
                               0x1368 (size before relaxing)
 .debug_str     0x000031c9      0x624 /home/taylor/ARM/ArduinoDev/Arduino-1.5.5-r2/hardware/arduino/sam/variants/flutter/libsam_sam3s1a_gcc_dbg.a(adc.o)
                                0xad5 (size before relaxing)
 .debug_str     0x000037ed       0xd1 /home/taylor/ARM/ArduinoDev/Arduino-1.5.5-r2/hardware/arduino/sam/variants/flutter/libsam_sam3s1a_gcc_dbg.a(pio.o)
                                0x64e (size before relaxing)
 .debug_str     0x000038be      0x619 /home/taylor/ARM/ArduinoDev/Arduino-1.5.5-r2/hardware/arduino/sam/variants/flutter/libsam_sam3s1a_gcc_dbg.a(pmc.o)
                                0x914 (size before relaxing)
 .debug_str     0x00003ed7       0x4f /home/taylor/ARM/ArduinoDev/Arduino-1.5.5-r2/hardware/arduino/sam/variants/flutter/libsam_sam3s1a_gcc_dbg.a(wdt.o)
                                0x273 (size before relaxing)
 .debug_str     0x00003f26       0x88 /home/taylor/ARM/ArduinoDev/Arduino-1.5.5-r2/hardware/arduino/sam/variants/flutter/libsam_sam3s1a_gcc_dbg.a(system_sam3s.o)
                                0x3f8 (size before relaxing)

.debug_frame    0x00000000     0x1864
 .debug_frame   0x00000000       0xd0 /home/taylor/ARM/Arduino1.5/Arduino-ide-1.5.x/hardware/build/core/syscalls_sam3.c.o
 .debug_frame   0x000000d0       0x78 /home/taylor/ARM/Arduino1.5/Arduino-ide-1.5.x/hardware/build/test.ino.cpp.o
 .debug_frame   0x00000148       0xd4 /home/taylor/ARM/ArduinoDev/Arduino-1.5.5-r2/hardware/arduino/sam/variants/flutter/libsam_sam3s1a_gcc_dbg.a(timetick.o)
 .debug_frame   0x0000021c       0x48 /home/taylor/ARM/ArduinoDev/Arduino-1.5.5-r2/hardware/arduino/sam/variants/flutter/libsam_sam3s1a_gcc_dbg.a(startup_sam3s.o)
 .debug_frame   0x00000264       0x58 /home/taylor/ARM/Arduino1.5/Arduino-ide-1.5.x/hardware/build/core.a(wiring.c.o)
 .debug_frame   0x000002bc       0x64 /home/taylor/ARM/Arduino1.5/Arduino-ide-1.5.x/hardware/build/core.a(wiring_digital.c.o)
 .debug_frame   0x00000320      0x2d8 /home/taylor/ARM/Arduino1.5/Arduino-ide-1.5.x/hardware/build/core.a(Print.cpp.o)
 .debug_frame   0x000005f8       0xdc /home/taylor/ARM/Arduino1.5/Arduino-ide-1.5.x/hardware/build/core.a(USARTClass.cpp.o)
 .debug_frame   0x000006d4       0x40 /home/taylor/ARM/Arduino1.5/Arduino-ide-1.5.x/hardware/build/core.a(RingBuffer.cpp.o)
 .debug_frame   0x00000714       0xa0 /home/taylor/ARM/Arduino1.5/Arduino-ide-1.5.x/hardware/build/core.a(variant.cpp.o)
 .debug_frame   0x000007b4       0x88 /home/taylor/ARM/Arduino1.5/Arduino-ide-1.5.x/hardware/build/core.a(wiring_analog.c.o)
 .debug_frame   0x0000083c       0x40 /home/taylor/ARM/Arduino1.5/Arduino-ide-1.5.x/hardware/build/core.a(hooks.c.o)
 .debug_frame   0x0000087c       0xdc /home/taylor/ARM/Arduino1.5/Arduino-ide-1.5.x/hardware/build/core.a(UARTClass.cpp.o)
 .debug_frame   0x00000958      0x4c4 /home/taylor/ARM/ArduinoDev/Arduino-1.5.5-r2/hardware/arduino/sam/variants/flutter/libsam_sam3s1a_gcc_dbg.a(adc.o)
 .debug_frame   0x00000e1c      0x150 /home/taylor/ARM/ArduinoDev/Arduino-1.5.5-r2/hardware/arduino/sam/variants/flutter/libsam_sam3s1a_gcc_dbg.a(pio.o)
 .debug_frame   0x00000f6c      0x568 /home/taylor/ARM/ArduinoDev/Arduino-1.5.5-r2/hardware/arduino/sam/variants/flutter/libsam_sam3s1a_gcc_dbg.a(pmc.o)
 .debug_frame   0x000014d4       0x9c /home/taylor/ARM/ArduinoDev/Arduino-1.5.5-r2/hardware/arduino/sam/variants/flutter/libsam_sam3s1a_gcc_dbg.a(wdt.o)
 .debug_frame   0x00001570       0x5c /home/taylor/ARM/ArduinoDev/Arduino-1.5.5-r2/hardware/arduino/sam/variants/flutter/libsam_sam3s1a_gcc_dbg.a(system_sam3s.o)
 .debug_frame   0x000015cc       0x2c /usr/bin/../lib/gcc/arm-none-eabi/4.8.3/../../../../arm-none-eabi/lib/armv7-m/libc.a(lib_a-init.o)
 .debug_frame   0x000015f8       0x30 /usr/bin/../lib/gcc/arm-none-eabi/4.8.3/../../../../arm-none-eabi/lib/armv7-m/libc.a(lib_a-malloc.o)
 .debug_frame   0x00001628       0x38 /usr/bin/../lib/gcc/arm-none-eabi/4.8.3/../../../../arm-none-eabi/lib/armv7-m/libc.a(lib_a-mallocr.o)
 .debug_frame   0x00001660       0x2c /usr/bin/../lib/gcc/arm-none-eabi/4.8.3/../../../../arm-none-eabi/lib/armv7-m/libc.a(lib_a-memset.o)
 .debug_frame   0x0000168c       0x30 /usr/bin/../lib/gcc/arm-none-eabi/4.8.3/../../../../arm-none-eabi/lib/armv7-m/libc.a(lib_a-mlock.o)
 .debug_frame   0x000016bc       0x2c /usr/bin/../lib/gcc/arm-none-eabi/4.8.3/../../../../arm-none-eabi/lib/armv7-m/libc.a(lib_a-sbrkr.o)
 .debug_frame   0x000016e8       0x20 /usr/bin/../lib/gcc/arm-none-eabi/4.8.3/../../../../arm-none-eabi/lib/armv7-m/libc.a(lib_a-strlen.o)
 .debug_frame   0x00001708       0x48 /usr/bin/../lib/gcc/arm-none-eabi/4.8.3/../../../../arm-none-eabi/lib/armv7-m/libc.a(lib_a-__call_atexit.o)
 .debug_frame   0x00001750       0x20 /usr/bin/../lib/gcc/arm-none-eabi/4.8.3/../../../../arm-none-eabi/lib/armv7-m/libc.a(lib_a-atexit.o)
 .debug_frame   0x00001770       0x2c /usr/bin/../lib/gcc/arm-none-eabi/4.8.3/../../../../arm-none-eabi/lib/armv7-m/libc.a(lib_a-fini.o)
 .debug_frame   0x0000179c       0x50 /usr/bin/../lib/gcc/arm-none-eabi/4.8.3/../../../../arm-none-eabi/lib/armv7-m/libc.a(lib_a-freer.o)
 .debug_frame   0x000017ec       0x48 /usr/bin/../lib/gcc/arm-none-eabi/4.8.3/../../../../arm-none-eabi/lib/armv7-m/libc.a(lib_a-reent.o)
 .debug_frame   0x00001834       0x30 /usr/bin/../lib/gcc/arm-none-eabi/4.8.3/../../../../arm-none-eabi/lib/armv7-m/libc.a(lib_a-__atexit.o)

Cross Reference Table

Symbol                                            File
ACC_Handler                                       /home/taylor/ARM/ArduinoDev/Arduino-1.5.5-r2/hardware/arduino/sam/variants/flutter/libsam_sam3s1a_gcc_dbg.a(startup_sam3s.o)
ADC_Handler                                       /home/taylor/ARM/ArduinoDev/Arduino-1.5.5-r2/hardware/arduino/sam/variants/flutter/libsam_sam3s1a_gcc_dbg.a(startup_sam3s.o)
BusFault_Handler                                  /home/taylor/ARM/ArduinoDev/Arduino-1.5.5-r2/hardware/arduino/sam/variants/flutter/libsam_sam3s1a_gcc_dbg.a(startup_sam3s.o)
CRCCU_Handler                                     /home/taylor/ARM/ArduinoDev/Arduino-1.5.5-r2/hardware/arduino/sam/variants/flutter/libsam_sam3s1a_gcc_dbg.a(startup_sam3s.o)
DebugMon_Handler                                  /home/taylor/ARM/ArduinoDev/Arduino-1.5.5-r2/hardware/arduino/sam/variants/flutter/libsam_sam3s1a_gcc_dbg.a(startup_sam3s.o)
Dummy_Handler                                     /home/taylor/ARM/ArduinoDev/Arduino-1.5.5-r2/hardware/arduino/sam/variants/flutter/libsam_sam3s1a_gcc_dbg.a(startup_sam3s.o)
EFC_Handler                                       /home/taylor/ARM/ArduinoDev/Arduino-1.5.5-r2/hardware/arduino/sam/variants/flutter/libsam_sam3s1a_gcc_dbg.a(startup_sam3s.o)
GetTickCount                                      /home/taylor/ARM/ArduinoDev/Arduino-1.5.5-r2/hardware/arduino/sam/variants/flutter/libsam_sam3s1a_gcc_dbg.a(timetick.o)
                                                  /home/taylor/ARM/Arduino1.5/Arduino-ide-1.5.x/hardware/build/core.a(wiring.c.o)
HSMCI_Handler                                     /home/taylor/ARM/ArduinoDev/Arduino-1.5.5-r2/hardware/arduino/sam/variants/flutter/libsam_sam3s1a_gcc_dbg.a(startup_sam3s.o)
HardFault_Handler                                 /home/taylor/ARM/ArduinoDev/Arduino-1.5.5-r2/hardware/arduino/sam/variants/flutter/libsam_sam3s1a_gcc_dbg.a(startup_sam3s.o)
MemManage_Handler                                 /home/taylor/ARM/ArduinoDev/Arduino-1.5.5-r2/hardware/arduino/sam/variants/flutter/libsam_sam3s1a_gcc_dbg.a(startup_sam3s.o)
NMI_Handler                                       /home/taylor/ARM/ArduinoDev/Arduino-1.5.5-r2/hardware/arduino/sam/variants/flutter/libsam_sam3s1a_gcc_dbg.a(startup_sam3s.o)
PIOA_Handler                                      /home/taylor/ARM/ArduinoDev/Arduino-1.5.5-r2/hardware/arduino/sam/variants/flutter/libsam_sam3s1a_gcc_dbg.a(startup_sam3s.o)
PIOB_Handler                                      /home/taylor/ARM/ArduinoDev/Arduino-1.5.5-r2/hardware/arduino/sam/variants/flutter/libsam_sam3s1a_gcc_dbg.a(startup_sam3s.o)
PIO_Clear                                         /home/taylor/ARM/ArduinoDev/Arduino-1.5.5-r2/hardware/arduino/sam/variants/flutter/libsam_sam3s1a_gcc_dbg.a(pio.o)
PIO_Configure                                     /home/taylor/ARM/ArduinoDev/Arduino-1.5.5-r2/hardware/arduino/sam/variants/flutter/libsam_sam3s1a_gcc_dbg.a(pio.o)
                                                  /home/taylor/ARM/Arduino1.5/Arduino-ide-1.5.x/hardware/build/core.a(wiring_analog.c.o)
                                                  /home/taylor/ARM/Arduino1.5/Arduino-ide-1.5.x/hardware/build/core.a(variant.cpp.o)
                                                  /home/taylor/ARM/Arduino1.5/Arduino-ide-1.5.x/hardware/build/core.a(wiring_digital.c.o)
PIO_DisableInterrupt                              /home/taylor/ARM/ArduinoDev/Arduino-1.5.5-r2/hardware/arduino/sam/variants/flutter/libsam_sam3s1a_gcc_dbg.a(pio.o)
PIO_Get                                           /home/taylor/ARM/ArduinoDev/Arduino-1.5.5-r2/hardware/arduino/sam/variants/flutter/libsam_sam3s1a_gcc_dbg.a(pio.o)
                                                  /home/taylor/ARM/Arduino1.5/Arduino-ide-1.5.x/hardware/build/core.a(wiring_digital.c.o)
PIO_GetOutputDataStatus                           /home/taylor/ARM/ArduinoDev/Arduino-1.5.5-r2/hardware/arduino/sam/variants/flutter/libsam_sam3s1a_gcc_dbg.a(pio.o)
                                                  /home/taylor/ARM/Arduino1.5/Arduino-ide-1.5.x/hardware/build/core.a(wiring_digital.c.o)
PIO_PullUp                                        /home/taylor/ARM/ArduinoDev/Arduino-1.5.5-r2/hardware/arduino/sam/variants/flutter/libsam_sam3s1a_gcc_dbg.a(pio.o)
                                                  /home/taylor/ARM/Arduino1.5/Arduino-ide-1.5.x/hardware/build/core.a(wiring_digital.c.o)
PIO_Set                                           /home/taylor/ARM/ArduinoDev/Arduino-1.5.5-r2/hardware/arduino/sam/variants/flutter/libsam_sam3s1a_gcc_dbg.a(pio.o)
PIO_SetDebounceFilter                             /home/taylor/ARM/ArduinoDev/Arduino-1.5.5-r2/hardware/arduino/sam/variants/flutter/libsam_sam3s1a_gcc_dbg.a(pio.o)
PIO_SetInput                                      /home/taylor/ARM/ArduinoDev/Arduino-1.5.5-r2/hardware/arduino/sam/variants/flutter/libsam_sam3s1a_gcc_dbg.a(pio.o)
PIO_SetOutput                                     /home/taylor/ARM/ArduinoDev/Arduino-1.5.5-r2/hardware/arduino/sam/variants/flutter/libsam_sam3s1a_gcc_dbg.a(pio.o)
                                                  /home/taylor/ARM/Arduino1.5/Arduino-ide-1.5.x/hardware/build/core.a(wiring_digital.c.o)
PIO_SetPeripheral                                 /home/taylor/ARM/ArduinoDev/Arduino-1.5.5-r2/hardware/arduino/sam/variants/flutter/libsam_sam3s1a_gcc_dbg.a(pio.o)
PMC_Handler                                       /home/taylor/ARM/ArduinoDev/Arduino-1.5.5-r2/hardware/arduino/sam/variants/flutter/libsam_sam3s1a_gcc_dbg.a(startup_sam3s.o)
PWMC_ConfigureChannel                             /home/taylor/ARM/ArduinoDev/Arduino-1.5.5-r2/hardware/arduino/sam/variants/flutter/libsam_sam3s1a_gcc_dbg.a(pwmc.o)
                                                  /home/taylor/ARM/Arduino1.5/Arduino-ide-1.5.x/hardware/build/core.a(wiring_analog.c.o)
PWMC_ConfigureChannelExt                          /home/taylor/ARM/ArduinoDev/Arduino-1.5.5-r2/hardware/arduino/sam/variants/flutter/libsam_sam3s1a_gcc_dbg.a(pwmc.o)
PWMC_ConfigureClocks                              /home/taylor/ARM/ArduinoDev/Arduino-1.5.5-r2/hardware/arduino/sam/variants/flutter/libsam_sam3s1a_gcc_dbg.a(pwmc.o)
                                                  /home/taylor/ARM/Arduino1.5/Arduino-ide-1.5.x/hardware/build/core.a(wiring_analog.c.o)
PWMC_ConfigureComparisonUnit                      /home/taylor/ARM/ArduinoDev/Arduino-1.5.5-r2/hardware/arduino/sam/variants/flutter/libsam_sam3s1a_gcc_dbg.a(pwmc.o)
PWMC_ConfigureEventLineMode                       /home/taylor/ARM/ArduinoDev/Arduino-1.5.5-r2/hardware/arduino/sam/variants/flutter/libsam_sam3s1a_gcc_dbg.a(pwmc.o)
PWMC_ConfigureSyncChannel                         /home/taylor/ARM/ArduinoDev/Arduino-1.5.5-r2/hardware/arduino/sam/variants/flutter/libsam_sam3s1a_gcc_dbg.a(pwmc.o)
PWMC_DisableChannel                               /home/taylor/ARM/ArduinoDev/Arduino-1.5.5-r2/hardware/arduino/sam/variants/flutter/libsam_sam3s1a_gcc_dbg.a(pwmc.o)
PWMC_DisableChannelIt                             /home/taylor/ARM/ArduinoDev/Arduino-1.5.5-r2/hardware/arduino/sam/variants/flutter/libsam_sam3s1a_gcc_dbg.a(pwmc.o)
PWMC_DisableIt                                    /home/taylor/ARM/ArduinoDev/Arduino-1.5.5-r2/hardware/arduino/sam/variants/flutter/libsam_sam3s1a_gcc_dbg.a(pwmc.o)
PWMC_DisableOverrideOutput                        /home/taylor/ARM/ArduinoDev/Arduino-1.5.5-r2/hardware/arduino/sam/variants/flutter/libsam_sam3s1a_gcc_dbg.a(pwmc.o)
PWMC_EnableChannel                                /home/taylor/ARM/ArduinoDev/Arduino-1.5.5-r2/hardware/arduino/sam/variants/flutter/libsam_sam3s1a_gcc_dbg.a(pwmc.o)
                                                  /home/taylor/ARM/Arduino1.5/Arduino-ide-1.5.x/hardware/build/core.a(wiring_analog.c.o)
PWMC_EnableChannelIt                              /home/taylor/ARM/ArduinoDev/Arduino-1.5.5-r2/hardware/arduino/sam/variants/flutter/libsam_sam3s1a_gcc_dbg.a(pwmc.o)
PWMC_EnableFaultProtection                        /home/taylor/ARM/ArduinoDev/Arduino-1.5.5-r2/hardware/arduino/sam/variants/flutter/libsam_sam3s1a_gcc_dbg.a(pwmc.o)
PWMC_EnableIt                                     /home/taylor/ARM/ArduinoDev/Arduino-1.5.5-r2/hardware/arduino/sam/variants/flutter/libsam_sam3s1a_gcc_dbg.a(pwmc.o)
PWMC_EnableOverrideOutput                         /home/taylor/ARM/ArduinoDev/Arduino-1.5.5-r2/hardware/arduino/sam/variants/flutter/libsam_sam3s1a_gcc_dbg.a(pwmc.o)
PWMC_FaultClear                                   /home/taylor/ARM/ArduinoDev/Arduino-1.5.5-r2/hardware/arduino/sam/variants/flutter/libsam_sam3s1a_gcc_dbg.a(pwmc.o)
PWMC_SetDeadTime                                  /home/taylor/ARM/ArduinoDev/Arduino-1.5.5-r2/hardware/arduino/sam/variants/flutter/libsam_sam3s1a_gcc_dbg.a(pwmc.o)
PWMC_SetDutyCycle                                 /home/taylor/ARM/ArduinoDev/Arduino-1.5.5-r2/hardware/arduino/sam/variants/flutter/libsam_sam3s1a_gcc_dbg.a(pwmc.o)
                                                  /home/taylor/ARM/Arduino1.5/Arduino-ide-1.5.x/hardware/build/core.a(wiring_analog.c.o)
PWMC_SetFaultMode                                 /home/taylor/ARM/ArduinoDev/Arduino-1.5.5-r2/hardware/arduino/sam/variants/flutter/libsam_sam3s1a_gcc_dbg.a(pwmc.o)
PWMC_SetFaultProtectionValue                      /home/taylor/ARM/ArduinoDev/Arduino-1.5.5-r2/hardware/arduino/sam/variants/flutter/libsam_sam3s1a_gcc_dbg.a(pwmc.o)
PWMC_SetOverrideValue                             /home/taylor/ARM/ArduinoDev/Arduino-1.5.5-r2/hardware/arduino/sam/variants/flutter/libsam_sam3s1a_gcc_dbg.a(pwmc.o)
PWMC_SetPeriod                                    /home/taylor/ARM/ArduinoDev/Arduino-1.5.5-r2/hardware/arduino/sam/variants/flutter/libsam_sam3s1a_gcc_dbg.a(pwmc.o)
                                                  /home/taylor/ARM/Arduino1.5/Arduino-ide-1.5.x/hardware/build/core.a(wiring_analog.c.o)
PWMC_SetSyncChannelUpdatePeriod                   /home/taylor/ARM/ArduinoDev/Arduino-1.5.5-r2/hardware/arduino/sam/variants/flutter/libsam_sam3s1a_gcc_dbg.a(pwmc.o)
PWMC_SetSyncChannelUpdateUnlock                   /home/taylor/ARM/ArduinoDev/Arduino-1.5.5-r2/hardware/arduino/sam/variants/flutter/libsam_sam3s1a_gcc_dbg.a(pwmc.o)
PWMC_WriteBuffer                                  /home/taylor/ARM/ArduinoDev/Arduino-1.5.5-r2/hardware/arduino/sam/variants/flutter/libsam_sam3s1a_gcc_dbg.a(pwmc.o)
PWM_Handler                                       /home/taylor/ARM/ArduinoDev/Arduino-1.5.5-r2/hardware/arduino/sam/variants/flutter/libsam_sam3s1a_gcc_dbg.a(startup_sam3s.o)
PendSV_Handler                                    /home/taylor/ARM/ArduinoDev/Arduino-1.5.5-r2/hardware/arduino/sam/variants/flutter/libsam_sam3s1a_gcc_dbg.a(startup_sam3s.o)
Print::print(Printable const&)                    /home/taylor/ARM/Arduino1.5/Arduino-ide-1.5.x/hardware/build/core.a(Print.cpp.o)
Print::print(String const&)                       /home/taylor/ARM/Arduino1.5/Arduino-ide-1.5.x/hardware/build/core.a(Print.cpp.o)
Print::print(__FlashStringHelper const*)          /home/taylor/ARM/Arduino1.5/Arduino-ide-1.5.x/hardware/build/core.a(Print.cpp.o)
Print::print(char const*)                         /home/taylor/ARM/Arduino1.5/Arduino-ide-1.5.x/hardware/build/core.a(Print.cpp.o)
Print::print(char)                                /home/taylor/ARM/Arduino1.5/Arduino-ide-1.5.x/hardware/build/core.a(Print.cpp.o)
Print::print(double, int)                         /home/taylor/ARM/Arduino1.5/Arduino-ide-1.5.x/hardware/build/core.a(Print.cpp.o)
Print::print(int, int)                            /home/taylor/ARM/Arduino1.5/Arduino-ide-1.5.x/hardware/build/core.a(Print.cpp.o)
Print::print(long, int)                           /home/taylor/ARM/Arduino1.5/Arduino-ide-1.5.x/hardware/build/core.a(Print.cpp.o)
Print::print(unsigned char, int)                  /home/taylor/ARM/Arduino1.5/Arduino-ide-1.5.x/hardware/build/core.a(Print.cpp.o)
Print::print(unsigned int, int)                   /home/taylor/ARM/Arduino1.5/Arduino-ide-1.5.x/hardware/build/core.a(Print.cpp.o)
Print::print(unsigned long, int)                  /home/taylor/ARM/Arduino1.5/Arduino-ide-1.5.x/hardware/build/core.a(Print.cpp.o)
Print::printFloat(double, unsigned char)          /home/taylor/ARM/Arduino1.5/Arduino-ide-1.5.x/hardware/build/core.a(Print.cpp.o)
Print::printNumber(unsigned long, unsigned char)  /home/taylor/ARM/Arduino1.5/Arduino-ide-1.5.x/hardware/build/core.a(Print.cpp.o)
Print::println()                                  /home/taylor/ARM/Arduino1.5/Arduino-ide-1.5.x/hardware/build/core.a(Print.cpp.o)
Print::println(Printable const&)                  /home/taylor/ARM/Arduino1.5/Arduino-ide-1.5.x/hardware/build/core.a(Print.cpp.o)
Print::println(String const&)                     /home/taylor/ARM/Arduino1.5/Arduino-ide-1.5.x/hardware/build/core.a(Print.cpp.o)
Print::println(__FlashStringHelper const*)        /home/taylor/ARM/Arduino1.5/Arduino-ide-1.5.x/hardware/build/core.a(Print.cpp.o)
Print::println(char const*)                       /home/taylor/ARM/Arduino1.5/Arduino-ide-1.5.x/hardware/build/core.a(Print.cpp.o)
                                                  /home/taylor/ARM/Arduino1.5/Arduino-ide-1.5.x/hardware/build/test.ino.cpp.o
Print::println(char)                              /home/taylor/ARM/Arduino1.5/Arduino-ide-1.5.x/hardware/build/core.a(Print.cpp.o)
Print::println(double, int)                       /home/taylor/ARM/Arduino1.5/Arduino-ide-1.5.x/hardware/build/core.a(Print.cpp.o)
Print::println(int, int)                          /home/taylor/ARM/Arduino1.5/Arduino-ide-1.5.x/hardware/build/core.a(Print.cpp.o)
Print::println(long, int)                         /home/taylor/ARM/Arduino1.5/Arduino-ide-1.5.x/hardware/build/core.a(Print.cpp.o)
Print::println(unsigned char, int)                /home/taylor/ARM/Arduino1.5/Arduino-ide-1.5.x/hardware/build/core.a(Print.cpp.o)
Print::println(unsigned int, int)                 /home/taylor/ARM/Arduino1.5/Arduino-ide-1.5.x/hardware/build/core.a(Print.cpp.o)
Print::println(unsigned long, int)                /home/taylor/ARM/Arduino1.5/Arduino-ide-1.5.x/hardware/build/core.a(Print.cpp.o)
Print::write(char const*)                         /home/taylor/ARM/Arduino1.5/Arduino-ide-1.5.x/hardware/build/core.a(Print.cpp.o)
Print::write(unsigned char const*, unsigned int)  /home/taylor/ARM/Arduino1.5/Arduino-ide-1.5.x/hardware/build/core.a(Print.cpp.o)
                                                  /home/taylor/ARM/Arduino1.5/Arduino-ide-1.5.x/hardware/build/core.a(UARTClass.cpp.o)
                                                  /home/taylor/ARM/Arduino1.5/Arduino-ide-1.5.x/hardware/build/core.a(USARTClass.cpp.o)
RSTC_Handler                                      /home/taylor/ARM/ArduinoDev/Arduino-1.5.5-r2/hardware/arduino/sam/variants/flutter/libsam_sam3s1a_gcc_dbg.a(startup_sam3s.o)
RTC_Handler                                       /home/taylor/ARM/ArduinoDev/Arduino-1.5.5-r2/hardware/arduino/sam/variants/flutter/libsam_sam3s1a_gcc_dbg.a(startup_sam3s.o)
RTT_Handler                                       /home/taylor/ARM/ArduinoDev/Arduino-1.5.5-r2/hardware/arduino/sam/variants/flutter/libsam_sam3s1a_gcc_dbg.a(startup_sam3s.o)
Reset_Handler                                     /home/taylor/ARM/ArduinoDev/Arduino-1.5.5-r2/hardware/arduino/sam/variants/flutter/libsam_sam3s1a_gcc_dbg.a(startup_sam3s.o)
RingBuffer::RingBuffer()                          /home/taylor/ARM/Arduino1.5/Arduino-ide-1.5.x/hardware/build/core.a(RingBuffer.cpp.o)
                                                  /home/taylor/ARM/Arduino1.5/Arduino-ide-1.5.x/hardware/build/core.a(variant.cpp.o)
RingBuffer::RingBuffer()                          /home/taylor/ARM/Arduino1.5/Arduino-ide-1.5.x/hardware/build/core.a(RingBuffer.cpp.o)
RingBuffer::store_char(unsigned char)             /home/taylor/ARM/Arduino1.5/Arduino-ide-1.5.x/hardware/build/core.a(RingBuffer.cpp.o)
                                                  /home/taylor/ARM/Arduino1.5/Arduino-ide-1.5.x/hardware/build/core.a(UARTClass.cpp.o)
                                                  /home/taylor/ARM/Arduino1.5/Arduino-ide-1.5.x/hardware/build/core.a(USARTClass.cpp.o)
SPI_Handler                                       /home/taylor/ARM/ArduinoDev/Arduino-1.5.5-r2/hardware/arduino/sam/variants/flutter/libsam_sam3s1a_gcc_dbg.a(startup_sam3s.o)
SSC_Handler                                       /home/taylor/ARM/ArduinoDev/Arduino-1.5.5-r2/hardware/arduino/sam/variants/flutter/libsam_sam3s1a_gcc_dbg.a(startup_sam3s.o)
SUPC_Handler                                      /home/taylor/ARM/ArduinoDev/Arduino-1.5.5-r2/hardware/arduino/sam/variants/flutter/libsam_sam3s1a_gcc_dbg.a(startup_sam3s.o)
SVC_Handler                                       /home/taylor/ARM/ArduinoDev/Arduino-1.5.5-r2/hardware/arduino/sam/variants/flutter/libsam_sam3s1a_gcc_dbg.a(startup_sam3s.o)
Serial                                            /home/taylor/ARM/Arduino1.5/Arduino-ide-1.5.x/hardware/build/core.a(variant.cpp.o)
                                                  /home/taylor/ARM/Arduino1.5/Arduino-ide-1.5.x/hardware/build/test.ino.cpp.o
Serial1                                           /home/taylor/ARM/Arduino1.5/Arduino-ide-1.5.x/hardware/build/core.a(variant.cpp.o)
Sleep                                             /home/taylor/ARM/ArduinoDev/Arduino-1.5.5-r2/hardware/arduino/sam/variants/flutter/libsam_sam3s1a_gcc_dbg.a(timetick.o)
String::String(String const&)                     /home/taylor/ARM/Arduino1.5/Arduino-ide-1.5.x/hardware/build/core.a(WString.cpp.o)
String::String(String const&)                     /home/taylor/ARM/Arduino1.5/Arduino-ide-1.5.x/hardware/build/core.a(WString.cpp.o)
String::String(__FlashStringHelper const*)        /home/taylor/ARM/Arduino1.5/Arduino-ide-1.5.x/hardware/build/core.a(WString.cpp.o)
String::String(__FlashStringHelper const*)        /home/taylor/ARM/Arduino1.5/Arduino-ide-1.5.x/hardware/build/core.a(WString.cpp.o)
String::String(char const*)                       /home/taylor/ARM/Arduino1.5/Arduino-ide-1.5.x/hardware/build/core.a(WString.cpp.o)
String::String(char const*)                       /home/taylor/ARM/Arduino1.5/Arduino-ide-1.5.x/hardware/build/core.a(WString.cpp.o)
String::String(char)                              /home/taylor/ARM/Arduino1.5/Arduino-ide-1.5.x/hardware/build/core.a(WString.cpp.o)
String::String(char)                              /home/taylor/ARM/Arduino1.5/Arduino-ide-1.5.x/hardware/build/core.a(WString.cpp.o)
String::String(double, unsigned char)             /home/taylor/ARM/Arduino1.5/Arduino-ide-1.5.x/hardware/build/core.a(WString.cpp.o)
String::String(double, unsigned char)             /home/taylor/ARM/Arduino1.5/Arduino-ide-1.5.x/hardware/build/core.a(WString.cpp.o)
String::String(float, unsigned char)              /home/taylor/ARM/Arduino1.5/Arduino-ide-1.5.x/hardware/build/core.a(WString.cpp.o)
String::String(float, unsigned char)              /home/taylor/ARM/Arduino1.5/Arduino-ide-1.5.x/hardware/build/core.a(WString.cpp.o)
String::String(int, unsigned char)                /home/taylor/ARM/Arduino1.5/Arduino-ide-1.5.x/hardware/build/core.a(WString.cpp.o)
String::String(int, unsigned char)                /home/taylor/ARM/Arduino1.5/Arduino-ide-1.5.x/hardware/build/core.a(WString.cpp.o)
String::String(long, unsigned char)               /home/taylor/ARM/Arduino1.5/Arduino-ide-1.5.x/hardware/build/core.a(WString.cpp.o)
String::String(long, unsigned char)               /home/taylor/ARM/Arduino1.5/Arduino-ide-1.5.x/hardware/build/core.a(WString.cpp.o)
String::String(unsigned char, unsigned char)      /home/taylor/ARM/Arduino1.5/Arduino-ide-1.5.x/hardware/build/core.a(WString.cpp.o)
String::String(unsigned char, unsigned char)      /home/taylor/ARM/Arduino1.5/Arduino-ide-1.5.x/hardware/build/core.a(WString.cpp.o)
String::String(unsigned int, unsigned char)       /home/taylor/ARM/Arduino1.5/Arduino-ide-1.5.x/hardware/build/core.a(WString.cpp.o)
String::String(unsigned int, unsigned char)       /home/taylor/ARM/Arduino1.5/Arduino-ide-1.5.x/hardware/build/core.a(WString.cpp.o)
String::String(unsigned long, unsigned char)      /home/taylor/ARM/Arduino1.5/Arduino-ide-1.5.x/hardware/build/core.a(WString.cpp.o)
String::String(unsigned long, unsigned char)      /home/taylor/ARM/Arduino1.5/Arduino-ide-1.5.x/hardware/build/core.a(WString.cpp.o)
String::changeBuffer(unsigned int)                /home/taylor/ARM/Arduino1.5/Arduino-ide-1.5.x/hardware/build/core.a(WString.cpp.o)
String::charAt(unsigned int) const                /home/taylor/ARM/Arduino1.5/Arduino-ide-1.5.x/hardware/build/core.a(WString.cpp.o)
String::compareTo(String const&) const            /home/taylor/ARM/Arduino1.5/Arduino-ide-1.5.x/hardware/build/core.a(WString.cpp.o)
String::concat(String const&)                     /home/taylor/ARM/Arduino1.5/Arduino-ide-1.5.x/hardware/build/core.a(WString.cpp.o)
String::concat(__FlashStringHelper const*)        /home/taylor/ARM/Arduino1.5/Arduino-ide-1.5.x/hardware/build/core.a(WString.cpp.o)
String::concat(char const*)                       /home/taylor/ARM/Arduino1.5/Arduino-ide-1.5.x/hardware/build/core.a(WString.cpp.o)
String::concat(char const*, unsigned int)         /home/taylor/ARM/Arduino1.5/Arduino-ide-1.5.x/hardware/build/core.a(WString.cpp.o)
String::concat(char)                              /home/taylor/ARM/Arduino1.5/Arduino-ide-1.5.x/hardware/build/core.a(WString.cpp.o)
String::concat(double)                            /home/taylor/ARM/Arduino1.5/Arduino-ide-1.5.x/hardware/build/core.a(WString.cpp.o)
String::concat(float)                             /home/taylor/ARM/Arduino1.5/Arduino-ide-1.5.x/hardware/build/core.a(WString.cpp.o)
String::concat(int)                               /home/taylor/ARM/Arduino1.5/Arduino-ide-1.5.x/hardware/build/core.a(WString.cpp.o)
String::concat(long)                              /home/taylor/ARM/Arduino1.5/Arduino-ide-1.5.x/hardware/build/core.a(WString.cpp.o)
String::concat(unsigned char)                     /home/taylor/ARM/Arduino1.5/Arduino-ide-1.5.x/hardware/build/core.a(WString.cpp.o)
String::concat(unsigned int)                      /home/taylor/ARM/Arduino1.5/Arduino-ide-1.5.x/hardware/build/core.a(WString.cpp.o)
String::concat(unsigned long)                     /home/taylor/ARM/Arduino1.5/Arduino-ide-1.5.x/hardware/build/core.a(WString.cpp.o)
String::copy(__FlashStringHelper const*, unsigned int) /home/taylor/ARM/Arduino1.5/Arduino-ide-1.5.x/hardware/build/core.a(WString.cpp.o)
String::copy(char const*, unsigned int)           /home/taylor/ARM/Arduino1.5/Arduino-ide-1.5.x/hardware/build/core.a(WString.cpp.o)
String::endsWith(String const&) const             /home/taylor/ARM/Arduino1.5/Arduino-ide-1.5.x/hardware/build/core.a(WString.cpp.o)
String::equals(String const&) const               /home/taylor/ARM/Arduino1.5/Arduino-ide-1.5.x/hardware/build/core.a(WString.cpp.o)
String::equals(char const*) const                 /home/taylor/ARM/Arduino1.5/Arduino-ide-1.5.x/hardware/build/core.a(WString.cpp.o)
String::equalsIgnoreCase(String const&) const     /home/taylor/ARM/Arduino1.5/Arduino-ide-1.5.x/hardware/build/core.a(WString.cpp.o)
String::getBytes(unsigned char*, unsigned int, unsigned int) const /home/taylor/ARM/Arduino1.5/Arduino-ide-1.5.x/hardware/build/core.a(WString.cpp.o)
String::indexOf(String const&) const              /home/taylor/ARM/Arduino1.5/Arduino-ide-1.5.x/hardware/build/core.a(WString.cpp.o)
String::indexOf(String const&, unsigned int) const /home/taylor/ARM/Arduino1.5/Arduino-ide-1.5.x/hardware/build/core.a(WString.cpp.o)
String::indexOf(char) const                       /home/taylor/ARM/Arduino1.5/Arduino-ide-1.5.x/hardware/build/core.a(WString.cpp.o)
String::indexOf(char, unsigned int) const         /home/taylor/ARM/Arduino1.5/Arduino-ide-1.5.x/hardware/build/core.a(WString.cpp.o)
String::invalidate()                              /home/taylor/ARM/Arduino1.5/Arduino-ide-1.5.x/hardware/build/core.a(WString.cpp.o)
String::lastIndexOf(String const&) const          /home/taylor/ARM/Arduino1.5/Arduino-ide-1.5.x/hardware/build/core.a(WString.cpp.o)
String::lastIndexOf(String const&, unsigned int) const /home/taylor/ARM/Arduino1.5/Arduino-ide-1.5.x/hardware/build/core.a(WString.cpp.o)
String::lastIndexOf(char) const                   /home/taylor/ARM/Arduino1.5/Arduino-ide-1.5.x/hardware/build/core.a(WString.cpp.o)
String::lastIndexOf(char, unsigned int) const     /home/taylor/ARM/Arduino1.5/Arduino-ide-1.5.x/hardware/build/core.a(WString.cpp.o)
String::operator<(String const&) const            /home/taylor/ARM/Arduino1.5/Arduino-ide-1.5.x/hardware/build/core.a(WString.cpp.o)
String::operator<=(String const&) const           /home/taylor/ARM/Arduino1.5/Arduino-ide-1.5.x/hardware/build/core.a(WString.cpp.o)
String::operator=(String const&)                  /home/taylor/ARM/Arduino1.5/Arduino-ide-1.5.x/hardware/build/core.a(WString.cpp.o)
String::operator=(__FlashStringHelper const*)     /home/taylor/ARM/Arduino1.5/Arduino-ide-1.5.x/hardware/build/core.a(WString.cpp.o)
String::operator=(char const*)                    /home/taylor/ARM/Arduino1.5/Arduino-ide-1.5.x/hardware/build/core.a(WString.cpp.o)
String::operator>(String const&) const            /home/taylor/ARM/Arduino1.5/Arduino-ide-1.5.x/hardware/build/core.a(WString.cpp.o)
String::operator>=(String const&) const           /home/taylor/ARM/Arduino1.5/Arduino-ide-1.5.x/hardware/build/core.a(WString.cpp.o)
String::operator[](unsigned int)                  /home/taylor/ARM/Arduino1.5/Arduino-ide-1.5.x/hardware/build/core.a(WString.cpp.o)
String::operator[](unsigned int) const            /home/taylor/ARM/Arduino1.5/Arduino-ide-1.5.x/hardware/build/core.a(WString.cpp.o)
                                                  /home/taylor/ARM/Arduino1.5/Arduino-ide-1.5.x/hardware/build/core.a(Print.cpp.o)
String::remove(unsigned int)                      /home/taylor/ARM/Arduino1.5/Arduino-ide-1.5.x/hardware/build/core.a(WString.cpp.o)
String::remove(unsigned int, unsigned int)        /home/taylor/ARM/Arduino1.5/Arduino-ide-1.5.x/hardware/build/core.a(WString.cpp.o)
String::replace(String const&, String const&)     /home/taylor/ARM/Arduino1.5/Arduino-ide-1.5.x/hardware/build/core.a(WString.cpp.o)
String::replace(char, char)                       /home/taylor/ARM/Arduino1.5/Arduino-ide-1.5.x/hardware/build/core.a(WString.cpp.o)
String::reserve(unsigned int)                     /home/taylor/ARM/Arduino1.5/Arduino-ide-1.5.x/hardware/build/core.a(WString.cpp.o)
String::setCharAt(unsigned int, char)             /home/taylor/ARM/Arduino1.5/Arduino-ide-1.5.x/hardware/build/core.a(WString.cpp.o)
String::startsWith(String const&) const           /home/taylor/ARM/Arduino1.5/Arduino-ide-1.5.x/hardware/build/core.a(WString.cpp.o)
String::startsWith(String const&, unsigned int) const /home/taylor/ARM/Arduino1.5/Arduino-ide-1.5.x/hardware/build/core.a(WString.cpp.o)
String::substring(unsigned int, unsigned int) const /home/taylor/ARM/Arduino1.5/Arduino-ide-1.5.x/hardware/build/core.a(WString.cpp.o)
String::toFloat() const                           /home/taylor/ARM/Arduino1.5/Arduino-ide-1.5.x/hardware/build/core.a(WString.cpp.o)
String::toInt() const                             /home/taylor/ARM/Arduino1.5/Arduino-ide-1.5.x/hardware/build/core.a(WString.cpp.o)
String::toLowerCase()                             /home/taylor/ARM/Arduino1.5/Arduino-ide-1.5.x/hardware/build/core.a(WString.cpp.o)
String::toUpperCase()                             /home/taylor/ARM/Arduino1.5/Arduino-ide-1.5.x/hardware/build/core.a(WString.cpp.o)
String::trim()                                    /home/taylor/ARM/Arduino1.5/Arduino-ide-1.5.x/hardware/build/core.a(WString.cpp.o)
String::~String()                                 /home/taylor/ARM/Arduino1.5/Arduino-ide-1.5.x/hardware/build/core.a(WString.cpp.o)
String::~String()                                 /home/taylor/ARM/Arduino1.5/Arduino-ide-1.5.x/hardware/build/core.a(WString.cpp.o)
SysTick_Handler                                   /home/taylor/ARM/Arduino1.5/Arduino-ide-1.5.x/hardware/build/test.ino.cpp.o
SystemCoreClock                                   /home/taylor/ARM/ArduinoDev/Arduino-1.5.5-r2/hardware/arduino/sam/variants/flutter/libsam_sam3s1a_gcc_dbg.a(system_sam3s.o)
                                                  /home/taylor/ARM/Arduino1.5/Arduino-ide-1.5.x/hardware/build/core.a(UARTClass.cpp.o)
                                                  /home/taylor/ARM/Arduino1.5/Arduino-ide-1.5.x/hardware/build/core.a(variant.cpp.o)
                                                  /home/taylor/ARM/Arduino1.5/Arduino-ide-1.5.x/hardware/build/core.a(USARTClass.cpp.o)
SystemCoreClockUpdate                             /home/taylor/ARM/ArduinoDev/Arduino-1.5.5-r2/hardware/arduino/sam/variants/flutter/libsam_sam3s1a_gcc_dbg.a(system_sam3s.o)
SystemInit                                        /home/taylor/ARM/ArduinoDev/Arduino-1.5.5-r2/hardware/arduino/sam/variants/flutter/libsam_sam3s1a_gcc_dbg.a(system_sam3s.o)
                                                  /home/taylor/ARM/Arduino1.5/Arduino-ide-1.5.x/hardware/build/core.a(variant.cpp.o)
TC0_Handler                                       /home/taylor/ARM/ArduinoDev/Arduino-1.5.5-r2/hardware/arduino/sam/variants/flutter/libsam_sam3s1a_gcc_dbg.a(startup_sam3s.o)
TC1_Handler                                       /home/taylor/ARM/ArduinoDev/Arduino-1.5.5-r2/hardware/arduino/sam/variants/flutter/libsam_sam3s1a_gcc_dbg.a(startup_sam3s.o)
TC2_Handler                                       /home/taylor/ARM/ArduinoDev/Arduino-1.5.5-r2/hardware/arduino/sam/variants/flutter/libsam_sam3s1a_gcc_dbg.a(startup_sam3s.o)
TC_Configure                                      /home/taylor/ARM/ArduinoDev/Arduino-1.5.5-r2/hardware/arduino/sam/variants/flutter/libsam_sam3s1a_gcc_dbg.a(tc.o)
                                                  /home/taylor/ARM/Arduino1.5/Arduino-ide-1.5.x/hardware/build/core.a(wiring_analog.c.o)
TC_FindMckDivisor                                 /home/taylor/ARM/ArduinoDev/Arduino-1.5.5-r2/hardware/arduino/sam/variants/flutter/libsam_sam3s1a_gcc_dbg.a(tc.o)
TC_GetStatus                                      /home/taylor/ARM/ArduinoDev/Arduino-1.5.5-r2/hardware/arduino/sam/variants/flutter/libsam_sam3s1a_gcc_dbg.a(tc.o)
TC_ReadCV                                         /home/taylor/ARM/ArduinoDev/Arduino-1.5.5-r2/hardware/arduino/sam/variants/flutter/libsam_sam3s1a_gcc_dbg.a(tc.o)
TC_SetRA                                          /home/taylor/ARM/ArduinoDev/Arduino-1.5.5-r2/hardware/arduino/sam/variants/flutter/libsam_sam3s1a_gcc_dbg.a(tc.o)
                                                  /home/taylor/ARM/Arduino1.5/Arduino-ide-1.5.x/hardware/build/core.a(wiring_analog.c.o)
TC_SetRB                                          /home/taylor/ARM/ArduinoDev/Arduino-1.5.5-r2/hardware/arduino/sam/variants/flutter/libsam_sam3s1a_gcc_dbg.a(tc.o)
                                                  /home/taylor/ARM/Arduino1.5/Arduino-ide-1.5.x/hardware/build/core.a(wiring_analog.c.o)
TC_SetRC                                          /home/taylor/ARM/ArduinoDev/Arduino-1.5.5-r2/hardware/arduino/sam/variants/flutter/libsam_sam3s1a_gcc_dbg.a(tc.o)
                                                  /home/taylor/ARM/Arduino1.5/Arduino-ide-1.5.x/hardware/build/core.a(wiring_analog.c.o)
TC_Start                                          /home/taylor/ARM/ArduinoDev/Arduino-1.5.5-r2/hardware/arduino/sam/variants/flutter/libsam_sam3s1a_gcc_dbg.a(tc.o)
                                                  /home/taylor/ARM/Arduino1.5/Arduino-ide-1.5.x/hardware/build/core.a(wiring_analog.c.o)
TC_Stop                                           /home/taylor/ARM/ArduinoDev/Arduino-1.5.5-r2/hardware/arduino/sam/variants/flutter/libsam_sam3s1a_gcc_dbg.a(tc.o)
TWI0_Handler                                      /home/taylor/ARM/ArduinoDev/Arduino-1.5.5-r2/hardware/arduino/sam/variants/flutter/libsam_sam3s1a_gcc_dbg.a(startup_sam3s.o)
TWI1_Handler                                      /home/taylor/ARM/ArduinoDev/Arduino-1.5.5-r2/hardware/arduino/sam/variants/flutter/libsam_sam3s1a_gcc_dbg.a(startup_sam3s.o)
TimeTick_Configure                                /home/taylor/ARM/ArduinoDev/Arduino-1.5.5-r2/hardware/arduino/sam/variants/flutter/libsam_sam3s1a_gcc_dbg.a(timetick.o)
TimeTick_Increment                                /home/taylor/ARM/ArduinoDev/Arduino-1.5.5-r2/hardware/arduino/sam/variants/flutter/libsam_sam3s1a_gcc_dbg.a(timetick.o)
                                                  /home/taylor/ARM/Arduino1.5/Arduino-ide-1.5.x/hardware/build/test.ino.cpp.o
UART0_Handler                                     /home/taylor/ARM/ArduinoDev/Arduino-1.5.5-r2/hardware/arduino/sam/variants/flutter/libsam_sam3s1a_gcc_dbg.a(startup_sam3s.o)
UART1_Handler                                     /home/taylor/ARM/Arduino1.5/Arduino-ide-1.5.x/hardware/build/core.a(variant.cpp.o)
                                                  /home/taylor/ARM/ArduinoDev/Arduino-1.5.5-r2/hardware/arduino/sam/variants/flutter/libsam_sam3s1a_gcc_dbg.a(startup_sam3s.o)
UARTClass::IrqHandler()                           /home/taylor/ARM/Arduino1.5/Arduino-ide-1.5.x/hardware/build/core.a(UARTClass.cpp.o)
                                                  /home/taylor/ARM/Arduino1.5/Arduino-ide-1.5.x/hardware/build/core.a(variant.cpp.o)
UARTClass::UARTClass(Uart*, IRQn, unsigned long, RingBuffer*) /home/taylor/ARM/Arduino1.5/Arduino-ide-1.5.x/hardware/build/core.a(UARTClass.cpp.o)
UARTClass::UARTClass(Uart*, IRQn, unsigned long, RingBuffer*) /home/taylor/ARM/Arduino1.5/Arduino-ide-1.5.x/hardware/build/core.a(UARTClass.cpp.o)
                                                  /home/taylor/ARM/Arduino1.5/Arduino-ide-1.5.x/hardware/build/core.a(variant.cpp.o)
UARTClass::available()                            /home/taylor/ARM/Arduino1.5/Arduino-ide-1.5.x/hardware/build/core.a(UARTClass.cpp.o)
                                                  /home/taylor/ARM/Arduino1.5/Arduino-ide-1.5.x/hardware/build/core.a(variant.cpp.o)
UARTClass::begin(unsigned long)                   /home/taylor/ARM/Arduino1.5/Arduino-ide-1.5.x/hardware/build/core.a(UARTClass.cpp.o)
UARTClass::end()                                  /home/taylor/ARM/Arduino1.5/Arduino-ide-1.5.x/hardware/build/core.a(UARTClass.cpp.o)
UARTClass::flush()                                /home/taylor/ARM/Arduino1.5/Arduino-ide-1.5.x/hardware/build/core.a(UARTClass.cpp.o)
UARTClass::operator bool()                        /home/taylor/ARM/Arduino1.5/Arduino-ide-1.5.x/hardware/build/core.a(UARTClass.cpp.o)
UARTClass::peek()                                 /home/taylor/ARM/Arduino1.5/Arduino-ide-1.5.x/hardware/build/core.a(UARTClass.cpp.o)
UARTClass::read()                                 /home/taylor/ARM/Arduino1.5/Arduino-ide-1.5.x/hardware/build/core.a(UARTClass.cpp.o)
UARTClass::write(unsigned char)                   /home/taylor/ARM/Arduino1.5/Arduino-ide-1.5.x/hardware/build/core.a(UARTClass.cpp.o)
UDP_Handler                                       /home/taylor/ARM/ArduinoDev/Arduino-1.5.5-r2/hardware/arduino/sam/variants/flutter/libsam_sam3s1a_gcc_dbg.a(startup_sam3s.o)