Archive member included because of file (symbol)

/Users/taylor/arm-cs-tools/lib/gcc/arm-none-eabi/4.7.3/thumb2/libgcc.a(unwind-arm.o)
                              debug_sam3s_ek/test.o (__aeabi_unwind_cpp_pr0)
/Users/taylor/arm-cs-tools/lib/gcc/arm-none-eabi/4.7.3/thumb2/libgcc.a(libunwind.o)
                              /Users/taylor/arm-cs-tools/lib/gcc/arm-none-eabi/4.7.3/thumb2/libgcc.a(unwind-arm.o) (restore_core_regs)
/Users/taylor/arm-cs-tools/lib/gcc/arm-none-eabi/4.7.3/thumb2/libgcc.a(pr-support.o)
                              /Users/taylor/arm-cs-tools/lib/gcc/arm-none-eabi/4.7.3/thumb2/libgcc.a(unwind-arm.o) (__gnu_unwind_execute)
/Users/taylor/arm-cs-tools/arm-none-eabi/lib/thumb2/libc.a(lib_a-abort.o)
                              /Users/taylor/arm-cs-tools/lib/gcc/arm-none-eabi/4.7.3/thumb2/libgcc.a(unwind-arm.o) (abort)
/Users/taylor/arm-cs-tools/arm-none-eabi/lib/thumb2/libc.a(lib_a-memcpy.o)
                              /Users/taylor/arm-cs-tools/lib/gcc/arm-none-eabi/4.7.3/thumb2/libgcc.a(unwind-arm.o) (memcpy)
/Users/taylor/arm-cs-tools/arm-none-eabi/lib/thumb2/libc.a(lib_a-signal.o)
                              /Users/taylor/arm-cs-tools/arm-none-eabi/lib/thumb2/libc.a(lib_a-abort.o) (raise)
/Users/taylor/arm-cs-tools/arm-none-eabi/lib/thumb2/libc.a(lib_a-signalr.o)
                              /Users/taylor/arm-cs-tools/arm-none-eabi/lib/thumb2/libc.a(lib_a-signal.o) (_kill_r)
/Users/taylor/arm-cs-tools/arm-none-eabi/lib/thumb2/libc.a(lib_a-impure.o)
                              /Users/taylor/arm-cs-tools/arm-none-eabi/lib/thumb2/libc.a(lib_a-signal.o) (_impure_ptr)
/Users/taylor/arm-cs-tools/arm-none-eabi/lib/thumb2/libc.a(lib_a-mallocr.o)
                              /Users/taylor/arm-cs-tools/arm-none-eabi/lib/thumb2/libc.a(lib_a-signal.o) (_malloc_r)
/Users/taylor/arm-cs-tools/arm-none-eabi/lib/thumb2/libc.a(lib_a-mlock.o)
                              /Users/taylor/arm-cs-tools/arm-none-eabi/lib/thumb2/libc.a(lib_a-mallocr.o) (__malloc_lock)
/Users/taylor/arm-cs-tools/arm-none-eabi/lib/thumb2/libc.a(lib_a-reent.o)
                              /Users/taylor/arm-cs-tools/arm-none-eabi/lib/thumb2/libc.a(lib_a-signalr.o) (errno)
/Users/taylor/arm-cs-tools/arm-none-eabi/lib/thumb2/libc.a(lib_a-sbrkr.o)
                              /Users/taylor/arm-cs-tools/arm-none-eabi/lib/thumb2/libc.a(lib_a-mallocr.o) (_sbrk_r)
/Users/taylor/arm-cs-tools/arm-none-eabi/lib/thumb2/libc.a(lib_a-freer.o)
                              /Users/taylor/arm-cs-tools/arm-none-eabi/lib/thumb2/libc.a(lib_a-mallocr.o) (_free_r)
../../libsam_sam3s4c_gcc_dbg.a(startup_sam3s.o)
                              (Reset_Handler)
../../libarduino_sam3s_ek_gcc_dbg.a(syscalls_sam3.o)
                              /Users/taylor/arm-cs-tools/arm-none-eabi/lib/thumb2/libc.a(lib_a-sbrkr.o) (_sbrk)
../../libarduino_sam3s_ek_gcc_dbg.a(wiring.o)
                              debug_sam3s_ek/test.o (delay)
../../libarduino_sam3s_ek_gcc_dbg.a(wiring_digital.o)
                              debug_sam3s_ek/test.o (pinMode)
../../libarduino_sam3s_ek_gcc_dbg.a(main.o)
                              ../../libsam_sam3s4c_gcc_dbg.a(startup_sam3s.o) (main)
../../libarduino_sam3s_ek_gcc_dbg.a(hooks.o)
                              ../../libarduino_sam3s_ek_gcc_dbg.a(wiring.o) (yield)
../../libvariant_sam3s_ek_gcc_dbg.a(variant.o)
                              ../../libarduino_sam3s_ek_gcc_dbg.a(wiring_digital.o) (g_APinDescription)
/Users/taylor/arm-cs-tools/arm-none-eabi/lib/thumb2/libc.a(lib_a-init.o)
                              ../../libsam_sam3s4c_gcc_dbg.a(startup_sam3s.o) (__libc_init_array)
/Users/taylor/arm-cs-tools/arm-none-eabi/lib/thumb2/libc.a(lib_a-iprintf.o)
                              ../../libarduino_sam3s_ek_gcc_dbg.a(syscalls_sam3.o) (iprintf)
/Users/taylor/arm-cs-tools/arm-none-eabi/lib/thumb2/libc.a(lib_a-vfiprintf.o)
                              /Users/taylor/arm-cs-tools/arm-none-eabi/lib/thumb2/libc.a(lib_a-iprintf.o) (_vfiprintf_r)
/Users/taylor/arm-cs-tools/arm-none-eabi/lib/thumb2/libc.a(lib_a-wsetup.o)
                              /Users/taylor/arm-cs-tools/arm-none-eabi/lib/thumb2/libc.a(lib_a-vfiprintf.o) (__swsetup_r)
/Users/taylor/arm-cs-tools/arm-none-eabi/lib/thumb2/libc.a(lib_a-fflush.o)
                              /Users/taylor/arm-cs-tools/arm-none-eabi/lib/thumb2/libc.a(lib_a-vfiprintf.o) (_fflush_r)
/Users/taylor/arm-cs-tools/arm-none-eabi/lib/thumb2/libc.a(lib_a-findfp.o)
                              /Users/taylor/arm-cs-tools/arm-none-eabi/lib/thumb2/libc.a(lib_a-iprintf.o) (__sinit)
/Users/taylor/arm-cs-tools/arm-none-eabi/lib/thumb2/libc.a(lib_a-fputwc.o)
                              /Users/taylor/arm-cs-tools/arm-none-eabi/lib/thumb2/libc.a(lib_a-vfiprintf.o) (_fputwc_r)
/Users/taylor/arm-cs-tools/arm-none-eabi/lib/thumb2/libc.a(lib_a-fvwrite.o)
                              /Users/taylor/arm-cs-tools/arm-none-eabi/lib/thumb2/libc.a(lib_a-vfiprintf.o) (__sfvwrite_r)
[...]
Memory Configuration

Name             Origin             Length             Attributes
rom              0x0000000000080000 0x0000000000080000 xr
sram0            0x0000000020000000 0x0000000000010000 xrw
sram1            0x0000000020080000 0x0000000000008000 xrw
ram              0x0000000020070000 0x0000000000018000 xrw
*default*        0x0000000000000000 0xffffffffffffffff

Linker script and memory map

LOAD /Users/taylor/arm-cs-tools/lib/gcc/arm-none-eabi/4.7.3/thumb2/crti.o
LOAD /Users/taylor/arm-cs-tools/lib/gcc/arm-none-eabi/4.7.3/thumb2/crtbegin.o
LOAD debug_sam3s_ek/test.o
START GROUP
LOAD /Users/taylor/arm-cs-tools/lib/gcc/arm-none-eabi/4.7.3/thumb2/libgcc.a
LOAD /Users/taylor/arm-cs-tools/arm-none-eabi/lib/thumb2/libc.a
LOAD /Users/taylor/arm-cs-tools/arm-none-eabi/lib/thumb2/libstdc++.a
LOAD ../../libsam_sam3s4c_gcc_dbg.a
LOAD ../../libarduino_sam3s_ek_gcc_dbg.a
LOAD ../../libvariant_sam3s_ek_gcc_dbg.a
END GROUP
START GROUP
LOAD /Users/taylor/arm-cs-tools/lib/gcc/arm-none-eabi/4.7.3/thumb2/libgcc.a
LOAD /Users/taylor/arm-cs-tools/arm-none-eabi/lib/thumb2/libc.a
END GROUP
LOAD /Users/taylor/arm-cs-tools/lib/gcc/arm-none-eabi/4.7.3/thumb2/crtend.o
LOAD /Users/taylor/arm-cs-tools/lib/gcc/arm-none-eabi/4.7.3/thumb2/crtn.o

.text           0x0000000000080000     0x48c0
                0x0000000000080000                . = ALIGN (0x4)
                0x0000000000080000                _sfixed = .
 *(.vectors .vectors.*)
 .vectors       0x0000000000080000       0xcc ../../libsam_sam3s4c_gcc_dbg.a(startup_sam3s.o)
                0x0000000000080000                exception_table
 *(.text .text.* .gnu.linkonce.t.*)
 .text          0x00000000000800cc       0xc8 /Users/taylor/arm-cs-tools/lib/gcc/arm-none-eabi/4.7.3/thumb2/crtbegin.o
 .text.setup    0x0000000000080194       0x40 debug_sam3s_ek/test.o
                0x0000000000080194                setup
 .text._ZL9led_step1v
                0x00000000000801d4        0xc debug_sam3s_ek/test.o
 .text._ZL9led_step2v
                0x00000000000801e0        0xc debug_sam3s_ek/test.o
 .text.loop     0x00000000000801ec       0x2c debug_sam3s_ek/test.o
                0x00000000000801ec                loop
 .text          0x0000000000080218      0xa34 /Users/taylor/arm-cs-tools/lib/gcc/arm-none-eabi/4.7.3/thumb2/libgcc.a(unwind-arm.o)
                0x00000000000804f0                _Unwind_GetCFA
                0x00000000000804f4                __gnu_Unwind_RaiseException
                0x0000000000080554                __gnu_Unwind_ForcedUnwind
                0x000000000008056c                __gnu_Unwind_Resume
                0x00000000000805b0                __gnu_Unwind_Resume_or_Rethrow
                0x00000000000805c8                _Unwind_Complete
                0x00000000000805cc                _Unwind_DeleteException
                0x00000000000805dc                _Unwind_VRS_Get
                0x0000000000080624                _Unwind_VRS_Set
                0x0000000000080958                __aeabi_unwind_cpp_pr2
                0x0000000000080960                __aeabi_unwind_cpp_pr1
                0x0000000000080968                __aeabi_unwind_cpp_pr0
                0x0000000000080970                __gnu_Unwind_Backtrace
                0x00000000000809e0                _Unwind_VRS_Pop
 .text          0x0000000000080c4c      0x1ac /Users/taylor/arm-cs-tools/lib/gcc/arm-none-eabi/4.7.3/thumb2/libgcc.a(libunwind.o)
                0x0000000000080c4c                __restore_core_regs
                0x0000000000080c4c                restore_core_regs
                0x0000000000080c64                __gnu_Unwind_Restore_VFP
                0x0000000000080c6c                __gnu_Unwind_Save_VFP
                0x0000000000080c74                __gnu_Unwind_Restore_VFP_D
                0x0000000000080c7c                __gnu_Unwind_Save_VFP_D
                0x0000000000080c84                __gnu_Unwind_Restore_VFP_D_16_to_31
                0x0000000000080c8c                __gnu_Unwind_Save_VFP_D_16_to_31
                0x0000000000080c94                __gnu_Unwind_Restore_WMMXD
                0x0000000000080cd8                __gnu_Unwind_Save_WMMXD
                0x0000000000080d1c                __gnu_Unwind_Restore_WMMXC
                0x0000000000080d30                __gnu_Unwind_Save_WMMXC
                0x0000000000080d44                _Unwind_RaiseException
                0x0000000000080d44                ___Unwind_RaiseException
                0x0000000000080d68                ___Unwind_Resume
                0x0000000000080d68                _Unwind_Resume
                0x0000000000080d8c                ___Unwind_Resume_or_Rethrow
                0x0000000000080d8c                _Unwind_Resume_or_Rethrow
                0x0000000000080db0                _Unwind_ForcedUnwind
                0x0000000000080db0                ___Unwind_ForcedUnwind
                0x0000000000080dd4                _Unwind_Backtrace
                0x0000000000080dd4                ___Unwind_Backtrace
 .text          0x0000000000080df8      0x3a8 /Users/taylor/arm-cs-tools/lib/gcc/arm-none-eabi/4.7.3/thumb2/libgcc.a(pr-support.o)
                0x0000000000080e48                __gnu_unwind_execute
                0x0000000000081144                __gnu_unwind_frame
                0x0000000000081170                _Unwind_GetRegionStart
                0x000000000008117c                _Unwind_GetLanguageSpecificData
                0x0000000000081190                _Unwind_GetDataRelBase
                0x0000000000081198                _Unwind_GetTextRelBase
 .text.abort    0x00000000000811a0        0xe /Users/taylor/arm-cs-tools/arm-none-eabi/lib/thumb2/libc.a(lib_a-abort.o)
                0x00000000000811a0                abort
 .text.memcpy   0x00000000000811ae       0x16 /Users/taylor/arm-cs-tools/arm-none-eabi/lib/thumb2/libc.a(lib_a-memcpy.o)
                0x00000000000811ae                memcpy
 .text._raise_r
                0x00000000000811c4       0x50 /Users/taylor/arm-cs-tools/arm-none-eabi/lib/thumb2/libc.a(lib_a-signal.o)
                0x00000000000811c4                _raise_r
 .text.raise    0x0000000000081214       0x10 /Users/taylor/arm-cs-tools/arm-none-eabi/lib/thumb2/libc.a(lib_a-signal.o)
                0x0000000000081214                raise
 .text._kill_r  0x0000000000081224       0x24 /Users/taylor/arm-cs-tools/arm-none-eabi/lib/thumb2/libc.a(lib_a-signalr.o)
                0x0000000000081224                _kill_r
 .text._getpid_r
                0x0000000000081248        0x4 /Users/taylor/arm-cs-tools/arm-none-eabi/lib/thumb2/libc.a(lib_a-signalr.o)
                0x0000000000081248                _getpid_r
 .text._malloc_r
                0x000000000008124c      0x404 /Users/taylor/arm-cs-tools/arm-none-eabi/lib/thumb2/libc.a(lib_a-mallocr.o)
                0x000000000008124c                _malloc_r
 .text.__malloc_lock
                0x0000000000081650        0x2 /Users/taylor/arm-cs-tools/arm-none-eabi/lib/thumb2/libc.a(lib_a-mlock.o)
                0x0000000000081650                __malloc_lock
 .text.__malloc_unlock
                0x0000000000081652        0x2 /Users/taylor/arm-cs-tools/arm-none-eabi/lib/thumb2/libc.a(lib_a-mlock.o)
                0x0000000000081652                __malloc_unlock
 .text._sbrk_r  0x0000000000081654       0x20 /Users/taylor/arm-cs-tools/arm-none-eabi/lib/thumb2/libc.a(lib_a-sbrkr.o)
                0x0000000000081654                _sbrk_r
 .text._malloc_trim_r
                0x0000000000081674       0x9c /Users/taylor/arm-cs-tools/arm-none-eabi/lib/thumb2/libc.a(lib_a-freer.o)
                0x0000000000081674                _malloc_trim_r
 .text._free_r  0x0000000000081710      0x168 /Users/taylor/arm-cs-tools/arm-none-eabi/lib/thumb2/libc.a(lib_a-freer.o)
                0x0000000000081710                _free_r
 .text.Reset_Handler
                0x0000000000081878       0xb8 ../../libsam_sam3s4c_gcc_dbg.a(startup_sam3s.o)
                0x0000000000081878                Reset_Handler
 .text.Dummy_Handler
                0x0000000000081930        0x8 ../../libsam_sam3s4c_gcc_dbg.a(startup_sam3s.o)
                0x0000000000081930                TC5_Handler
                0x0000000000081930                DebugMon_Handler
                0x0000000000081930                HardFault_Handler
                0x0000000000081930                TC2_Handler
                0x0000000000081930                SPI_Handler
                0x0000000000081930                SysTick_Handler
                0x0000000000081930                TWI1_Handler
                0x0000000000081930                PendSV_Handler
                0x0000000000081930                NMI_Handler
                0x0000000000081930                ADC_Handler
                0x0000000000081930                SMC_Handler
                0x0000000000081930                CRCCU_Handler
                0x0000000000081930                USART0_Handler
                0x0000000000081930                RTT_Handler
                0x0000000000081930                PIOB_Handler
                0x0000000000081930                RTC_Handler
                0x0000000000081930                UsageFault_Handler
                0x0000000000081930                WDT_Handler
                0x0000000000081930                TC4_Handler
                0x0000000000081930                TC1_Handler
                0x0000000000081930                HSMCI_Handler
                0x0000000000081930                UART1_Handler
                0x0000000000081930                TC3_Handler
                0x0000000000081930                Dummy_Handler
                0x0000000000081930                TWI0_Handler
                0x0000000000081930                USART1_Handler
                0x0000000000081930                PIOA_Handler
                0x0000000000081930                SSC_Handler
                0x0000000000081930                ACC_Handler
                0x0000000000081930                PMC_Handler
                0x0000000000081930                PWM_Handler
                0x0000000000081930                MemManage_Handler
                0x0000000000081930                SUPC_Handler
                0x0000000000081930                SVC_Handler
                0x0000000000081930                EFC_Handler
                0x0000000000081930                UART0_Handler
                0x0000000000081930                PIOC_Handler
                0x0000000000081930                UDP_Handler
                0x0000000000081930                BusFault_Handler
                0x0000000000081930                RSTC_Handler
                0x0000000000081930                TC0_Handler
                0x0000000000081930                DACC_Handler
 .text._sbrk    0x0000000000081938       0x40 ../../libarduino_sam3s_ek_gcc_dbg.a(syscalls_sam3.o)
                0x0000000000081938                _sbrk
 .text._close   0x0000000000081978       0x18 ../../libarduino_sam3s_ek_gcc_dbg.a(syscalls_sam3.o)
                0x0000000000081978                _close
 .text._fstat   0x0000000000081990       0x24 ../../libarduino_sam3s_ek_gcc_dbg.a(syscalls_sam3.o)
                0x0000000000081990                _fstat
 .text._isatty  0x00000000000819b4       0x18 ../../libarduino_sam3s_ek_gcc_dbg.a(syscalls_sam3.o)
                0x00000000000819b4                _isatty
 .text._lseek   0x00000000000819cc       0x1c ../../libarduino_sam3s_ek_gcc_dbg.a(syscalls_sam3.o)
                0x00000000000819cc                _lseek
 .text._read    0x00000000000819e8       0x1c ../../libarduino_sam3s_ek_gcc_dbg.a(syscalls_sam3.o)
                0x00000000000819e8                _read
 .text._write   0x0000000000081a04       0x3c ../../libarduino_sam3s_ek_gcc_dbg.a(syscalls_sam3.o)
                0x0000000000081a04                _write
 .text._exit    0x0000000000081a40       0x1c ../../libarduino_sam3s_ek_gcc_dbg.a(syscalls_sam3.o)
                0x0000000000081a40                _exit
 .text._kill    0x0000000000081a5c       0x18 ../../libarduino_sam3s_ek_gcc_dbg.a(syscalls_sam3.o)
                0x0000000000081a5c                _kill
 .text._getpid  0x0000000000081a74       0x10 ../../libarduino_sam3s_ek_gcc_dbg.a(syscalls_sam3.o)
                0x0000000000081a74                _getpid
 .text.delay    0x0000000000081a84       0x38 ../../libarduino_sam3s_ek_gcc_dbg.a(wiring.o)
                0x0000000000081a84                delay
 .text.pinMode  0x0000000000081abc      0x1a0 ../../libarduino_sam3s_ek_gcc_dbg.a(wiring_digital.o)
                0x0000000000081abc                pinMode
 .text.digitalWrite
                0x0000000000081c5c       0xf4 ../../libarduino_sam3s_ek_gcc_dbg.a(wiring_digital.o)
                0x0000000000081c5c                digitalWrite
 .text.main     0x0000000000081d50       0x3c ../../libarduino_sam3s_ek_gcc_dbg.a(main.o)
                0x0000000000081d50                main
 .text.__empty  0x0000000000081d8c        0xc ../../libarduino_sam3s_ek_gcc_dbg.a(hooks.o)
                0x0000000000081d8c                yield
 .text.NVIC_SetPriority
                0x0000000000081d98       0x58 ../../libvariant_sam3s_ek_gcc_dbg.a(variant.o)
 .text.SysTick_Config
                0x0000000000081df0       0x58 ../../libvariant_sam3s_ek_gcc_dbg.a(variant.o)
 .text.init     0x0000000000081e48       0xb8 ../../libvariant_sam3s_ek_gcc_dbg.a(variant.o)
                0x0000000000081e48                init
 .text.__libc_init_array
                0x0000000000081f00       0x4c /Users/taylor/arm-cs-tools/arm-none-eabi/lib/thumb2/libc.a(lib_a-init.o)
                0x0000000000081f00                __libc_init_array
 .text.iprintf  0x0000000000081f4c       0x30 /Users/taylor/arm-cs-tools/arm-none-eabi/lib/thumb2/libc.a(lib_a-iprintf.o)
                0x0000000000081f4c                iprintf
 .text.__sprint_r
                0x0000000000081f7c       0x6c /Users/taylor/arm-cs-tools/arm-none-eabi/lib/thumb2/libc.a(lib_a-vfiprintf.o)
                0x0000000000081f7c                __sprint_r
 .text._vfiprintf_r
                0x0000000000081fe8      0x920 /Users/taylor/arm-cs-tools/arm-none-eabi/lib/thumb2/libc.a(lib_a-vfiprintf.o)
                0x0000000000081fe8                _vfiprintf_r
 .text.__swsetup_r
                0x0000000000082908       0xec /Users/taylor/arm-cs-tools/arm-none-eabi/lib/thumb2/libc.a(lib_a-wsetup.o)
                0x0000000000082908                __swsetup_r
 .text._fflush_r
                0x00000000000829f4      0x154 /Users/taylor/arm-cs-tools/arm-none-eabi/lib/thumb2/libc.a(lib_a-fflush.o)
                0x00000000000829f4                _fflush_r
 .text._cleanup_r
                0x0000000000082b48        0xc /Users/taylor/arm-cs-tools/arm-none-eabi/lib/thumb2/libc.a(lib_a-findfp.o)
                0x0000000000082b48                _cleanup_r
 .text.std.isra.0
                0x0000000000082b54       0x54 /Users/taylor/arm-cs-tools/arm-none-eabi/lib/thumb2/libc.a(lib_a-findfp.o)
 .text.__sfmoreglue
                0x0000000000082ba8       0x28 /Users/taylor/arm-cs-tools/arm-none-eabi/lib/thumb2/libc.a(lib_a-findfp.o)
                0x0000000000082ba8                __sfmoreglue
 .text.__sinit  0x0000000000082bd0       0x5c /Users/taylor/arm-cs-tools/arm-none-eabi/lib/thumb2/libc.a(lib_a-findfp.o)
                0x0000000000082bd0                __sinit
 .text.__sfp    0x0000000000082c2c       0x78 /Users/taylor/arm-cs-tools/arm-none-eabi/lib/thumb2/libc.a(lib_a-findfp.o)
                0x0000000000082c2c                __sfp
 .text.__sfp_lock_acquire
                0x0000000000082ca4        0x2 /Users/taylor/arm-cs-tools/arm-none-eabi/lib/thumb2/libc.a(lib_a-findfp.o)
                0x0000000000082ca4                __sfp_lock_acquire
 .text.__sfp_lock_release
                0x0000000000082ca6        0x2 /Users/taylor/arm-cs-tools/arm-none-eabi/lib/thumb2/libc.a(lib_a-findfp.o)
                0x0000000000082ca6                __sfp_lock_release
 .text._fputwc_r
                0x0000000000082ca8       0xbc /Users/taylor/arm-cs-tools/arm-none-eabi/lib/thumb2/libc.a(lib_a-fputwc.o)
                0x0000000000082ca8                _fputwc_r
 .text.__sfvwrite_r
                0x0000000000082d64      0x2b4 /Users/taylor/arm-cs-tools/arm-none-eabi/lib/thumb2/libc.a(lib_a-fvwrite.o)
                0x0000000000082d64                __sfvwrite_r
 .text._fwalk   0x0000000000083018       0x42 /Users/taylor/arm-cs-tools/arm-none-eabi/lib/thumb2/libc.a(lib_a-fwalk.o)
                0x0000000000083018                _fwalk
 *fill*         0x000000000008305a        0x2 
 .text.__locale_charset
                0x000000000008305c        0x8 /Users/taylor/arm-cs-tools/arm-none-eabi/lib/thumb2/libc.a(lib_a-locale.o)
                0x000000000008305c                __locale_charset
 .text.__locale_mb_cur_max
                0x0000000000083064        0xc /Users/taylor/arm-cs-tools/arm-none-eabi/lib/thumb2/libc.a(lib_a-locale.o)
                0x0000000000083064                __locale_mb_cur_max
 .text.__smakebuf_r
                0x0000000000083070       0xd8 /Users/taylor/arm-cs-tools/arm-none-eabi/lib/thumb2/libc.a(lib_a-makebuf.o)
                0x0000000000083070                __smakebuf_r
 .text.memchr   0x0000000000083148       0x1c /Users/taylor/arm-cs-tools/arm-none-eabi/lib/thumb2/libc.a(lib_a-memchr.o)
                0x0000000000083148                memchr
 .text.memmove  0x0000000000083164       0x32 /Users/taylor/arm-cs-tools/arm-none-eabi/lib/thumb2/libc.a(lib_a-memmove.o)
                0x0000000000083164                memmove
 .text.memset   0x0000000000083196       0x10 /Users/taylor/arm-cs-tools/arm-none-eabi/lib/thumb2/libc.a(lib_a-memset.o)
                0x0000000000083196                memset
 *fill*         0x00000000000831a6        0x2 
 .text._realloc_r
                0x00000000000831a8      0x2e0 /Users/taylor/arm-cs-tools/arm-none-eabi/lib/thumb2/libc.a(lib_a-reallocr.o)
                0x00000000000831a8                _realloc_r
 .text.__sread  0x0000000000083488       0x22 /Users/taylor/arm-cs-tools/arm-none-eabi/lib/thumb2/libc.a(lib_a-stdio.o)
                0x0000000000083488                __sread
 .text.__swrite
                0x00000000000834aa       0x3c /Users/taylor/arm-cs-tools/arm-none-eabi/lib/thumb2/libc.a(lib_a-stdio.o)
                0x00000000000834aa                __swrite
 .text.__sseek  0x00000000000834e6       0x24 /Users/taylor/arm-cs-tools/arm-none-eabi/lib/thumb2/libc.a(lib_a-stdio.o)
                0x00000000000834e6                __sseek
 .text.__sclose
                0x000000000008350a        0x8 /Users/taylor/arm-cs-tools/arm-none-eabi/lib/thumb2/libc.a(lib_a-stdio.o)
                0x000000000008350a                __sclose
 .text.strlen   0x0000000000083512       0x10 /Users/taylor/arm-cs-tools/arm-none-eabi/lib/thumb2/libc.a(lib_a-strlen.o)
                0x0000000000083512                strlen
 *fill*         0x0000000000083522        0x2 
 .text.__swbuf_r
                0x0000000000083524       0xcc /Users/taylor/arm-cs-tools/arm-none-eabi/lib/thumb2/libc.a(lib_a-wbuf.o)
                0x0000000000083524                __swbuf_r
 .text._wcrtomb_r
                0x00000000000835f0       0x4c /Users/taylor/arm-cs-tools/arm-none-eabi/lib/thumb2/libc.a(lib_a-wcrtomb.o)
                0x00000000000835f0                _wcrtomb_r
 .text.__ascii_wctomb
                0x000000000008363c       0x1a /Users/taylor/arm-cs-tools/arm-none-eabi/lib/thumb2/libc.a(lib_a-wctomb_r.o)
                0x000000000008363c                __ascii_wctomb
 *fill*         0x0000000000083656        0x2 
 .text._write_r
                0x0000000000083658       0x24 /Users/taylor/arm-cs-tools/arm-none-eabi/lib/thumb2/libc.a(lib_a-writer.o)
                0x0000000000083658                _write_r
 .text._close_r
                0x000000000008367c       0x20 /Users/taylor/arm-cs-tools/arm-none-eabi/lib/thumb2/libc.a(lib_a-closer.o)
                0x000000000008367c                _close_r
 .text._fclose_r
                0x000000000008369c       0xb0 /Users/taylor/arm-cs-tools/arm-none-eabi/lib/thumb2/libc.a(lib_a-fclose.o)
                0x000000000008369c                _fclose_r
 .text.fclose   0x000000000008374c       0x10 /Users/taylor/arm-cs-tools/arm-none-eabi/lib/thumb2/libc.a(lib_a-fclose.o)
                0x000000000008374c                fclose
 .text._fstat_r
                0x000000000008375c       0x24 /Users/taylor/arm-cs-tools/arm-none-eabi/lib/thumb2/libc.a(lib_a-fstatr.o)
                0x000000000008375c                _fstat_r
 .text._isatty_r
                0x0000000000083780       0x20 /Users/taylor/arm-cs-tools/arm-none-eabi/lib/thumb2/libc.a(lib_a-isattyr.o)
                0x0000000000083780                _isatty_r
 .text._lseek_r
                0x00000000000837a0       0x24 /Users/taylor/arm-cs-tools/arm-none-eabi/lib/thumb2/libc.a(lib_a-lseekr.o)
                0x00000000000837a0                _lseek_r
 .text._read_r  0x00000000000837c4       0x24 /Users/taylor/arm-cs-tools/arm-none-eabi/lib/thumb2/libc.a(lib_a-readr.o)
                0x00000000000837c4                _read_r
 .text.PIO_DisableInterrupt
                0x00000000000837e8       0x1c ../../libsam_sam3s4c_gcc_dbg.a(pio.o)
                0x00000000000837e8                PIO_DisableInterrupt
 .text.PIO_PullUp
                0x0000000000083804       0x2c ../../libsam_sam3s4c_gcc_dbg.a(pio.o)
                0x0000000000083804                PIO_PullUp
 .text.PIO_SetPeripheral
                0x0000000000083830      0x104 ../../libsam_sam3s4c_gcc_dbg.a(pio.o)
                0x0000000000083830                PIO_SetPeripheral
 .text.PIO_SetInput
                0x0000000000083934       0x80 ../../libsam_sam3s4c_gcc_dbg.a(pio.o)
                0x0000000000083934                PIO_SetInput
 .text.PIO_SetOutput
                0x00000000000839b4       0x64 ../../libsam_sam3s4c_gcc_dbg.a(pio.o)
                0x00000000000839b4                PIO_SetOutput
 .text.PIO_Configure
                0x0000000000083a18       0xd0 ../../libsam_sam3s4c_gcc_dbg.a(pio.o)
                0x0000000000083a18                PIO_Configure
 .text.PIO_GetOutputDataStatus
                0x0000000000083ae8       0x38 ../../libsam_sam3s4c_gcc_dbg.a(pio.o)
                0x0000000000083ae8                PIO_GetOutputDataStatus
 .text.pmc_enable_periph_clk
                0x0000000000083b20       0x94 ../../libsam_sam3s4c_gcc_dbg.a(pmc.o)
                0x0000000000083b20                pmc_enable_periph_clk
 .text.pmc_disable_periph_clk
                0x0000000000083bb4       0x94 ../../libsam_sam3s4c_gcc_dbg.a(pmc.o)
                0x0000000000083bb4                pmc_disable_periph_clk
 .text.GetTickCount
                0x0000000000083c48       0x14 ../../libsam_sam3s4c_gcc_dbg.a(timetick.o)
                0x0000000000083c48                GetTickCount
 .text.WDT_Disable
                0x0000000000083c5c       0x1c ../../libsam_sam3s4c_gcc_dbg.a(wdt.o)
                0x0000000000083c5c                WDT_Disable
 .text.SystemInit
                0x0000000000083c78       0xc8 ../../libsam_sam3s4c_gcc_dbg.a(system_sam3s.o)
                0x0000000000083c78                SystemInit
 .text          0x0000000000083d40       0x2c /Users/taylor/arm-cs-tools/lib/gcc/arm-none-eabi/4.7.3/thumb2/libgcc.a(_aeabi_uldivmod.o)
                0x0000000000083d40                __aeabi_uldivmod
 .text          0x0000000000083d6c       0x60 /Users/taylor/arm-cs-tools/lib/gcc/arm-none-eabi/4.7.3/thumb2/libgcc.a(bpabi.o)
                0x0000000000083d6c                __gnu_ldivmod_helper
                0x0000000000083d9c                __gnu_uldivmod_helper
 .text          0x0000000000083dcc        0x4 /Users/taylor/arm-cs-tools/lib/gcc/arm-none-eabi/4.7.3/thumb2/libgcc.a(_dvmd_tls.o)
                0x0000000000083dcc                __aeabi_ldiv0
                0x0000000000083dcc                __aeabi_idiv0
 .text          0x0000000000083dd0      0x36c /Users/taylor/arm-cs-tools/lib/gcc/arm-none-eabi/4.7.3/thumb2/libgcc.a(_divdi3.o)
                0x0000000000083dd0                __divdi3
 .text          0x000000000008413c      0x314 /Users/taylor/arm-cs-tools/lib/gcc/arm-none-eabi/4.7.3/thumb2/libgcc.a(_udivdi3.o)
                0x000000000008413c                __udivdi3
 .text          0x0000000000084450      0x278 /Users/taylor/arm-cs-tools/lib/gcc/arm-none-eabi/4.7.3/thumb2/libgcc.a(_udivsi3.o)
                0x0000000000084450                __udivsi3
                0x0000000000084450                __aeabi_uidiv
                0x00000000000846ac                __aeabi_uidivmod
 *(.glue_7t)
 .glue_7t       0x0000000000000000        0x0 linker stubs
 *(.glue_7)
 .glue_7        0x0000000000000000        0x0 linker stubs
 *(.rodata .rodata* .gnu.linkonce.r.*)
 .rodata.str1.1
                0x00000000000846c8        0x2 /Users/taylor/arm-cs-tools/arm-none-eabi/lib/thumb2/libc.a(lib_a-impure.o)
 *fill*         0x00000000000846ca        0x2 
 .rodata._global_impure_ptr
                0x00000000000846cc        0x4 /Users/taylor/arm-cs-tools/arm-none-eabi/lib/thumb2/libc.a(lib_a-impure.o)
                0x00000000000846cc                _global_impure_ptr
 .rodata        0x00000000000846d0       0x1c ../../libarduino_sam3s_ek_gcc_dbg.a(syscalls_sam3.o)
 .rodata.g_APinDescription
                0x00000000000846ec       0xe0 ../../libvariant_sam3s_ek_gcc_dbg.a(variant.o)
                0x00000000000846ec                g_APinDescription
 .rodata.blanks.6693
                0x00000000000847cc       0x10 /Users/taylor/arm-cs-tools/arm-none-eabi/lib/thumb2/libc.a(lib_a-vfiprintf.o)
 .rodata.str1.1
                0x00000000000847dc       0x22 /Users/taylor/arm-cs-tools/arm-none-eabi/lib/thumb2/libc.a(lib_a-vfiprintf.o)
 .rodata.zeroes.6694
                0x00000000000847fe       0x10 /Users/taylor/arm-cs-tools/arm-none-eabi/lib/thumb2/libc.a(lib_a-vfiprintf.o)
 *fill*         0x000000000008480e        0x2 
 .rodata.__sf_fake_stdin
                0x0000000000084810       0x20 /Users/taylor/arm-cs-tools/arm-none-eabi/lib/thumb2/libc.a(lib_a-findfp.o)
                0x0000000000084810                __sf_fake_stdin
 .rodata.__sf_fake_stdout
                0x0000000000084830       0x20 /Users/taylor/arm-cs-tools/arm-none-eabi/lib/thumb2/libc.a(lib_a-findfp.o)
                0x0000000000084830                __sf_fake_stdout
 .rodata.__sf_fake_stderr
                0x0000000000084850       0x20 /Users/taylor/arm-cs-tools/arm-none-eabi/lib/thumb2/libc.a(lib_a-findfp.o)
                0x0000000000084850                __sf_fake_stderr
 *(.ARM.extab* .gnu.linkonce.armextab.*)
 .ARM.extab     0x0000000000084870       0x18 /Users/taylor/arm-cs-tools/lib/gcc/arm-none-eabi/4.7.3/thumb2/libgcc.a(unwind-arm.o)
 .ARM.extab     0x0000000000084888       0x18 /Users/taylor/arm-cs-tools/lib/gcc/arm-none-eabi/4.7.3/thumb2/libgcc.a(pr-support.o)
                0x00000000000848a0                . = ALIGN (0x4)
 *(.init)
 .init          0x00000000000848a0        0x4 /Users/taylor/arm-cs-tools/lib/gcc/arm-none-eabi/4.7.3/thumb2/crti.o
                0x00000000000848a0                _init
 .init          0x00000000000848a4        0x8 /Users/taylor/arm-cs-tools/lib/gcc/arm-none-eabi/4.7.3/thumb2/crtn.o
                0x00000000000848ac                . = ALIGN (0x4)
                0x00000000000848ac                __preinit_array_start = .
 *(.preinit_array)
                0x00000000000848ac                __preinit_array_end = .
                0x00000000000848ac                . = ALIGN (0x4)
                0x00000000000848ac                __init_array_start = .
 *(SORT(.init_array.*))
 *(.init_array)
 .init_array    0x00000000000848ac        0x4 /Users/taylor/arm-cs-tools/lib/gcc/arm-none-eabi/4.7.3/thumb2/crtbegin.o
                0x00000000000848b0                __init_array_end = .
                0x00000000000848b0                . = ALIGN (0x4)
 *crtbegin.o(.ctors)
 *(EXCLUDE_FILE(*crtend.o) .ctors)
 *(SORT(.ctors.*))
 *crtend.o(.ctors)
                0x00000000000848b0                . = ALIGN (0x4)
 *(.fini)
 .fini          0x00000000000848b0        0x4 /Users/taylor/arm-cs-tools/lib/gcc/arm-none-eabi/4.7.3/thumb2/crti.o
                0x00000000000848b0                _fini
 .fini          0x00000000000848b4        0x8 /Users/taylor/arm-cs-tools/lib/gcc/arm-none-eabi/4.7.3/thumb2/crtn.o
                0x00000000000848bc                . = ALIGN (0x4)
                0x00000000000848bc                __fini_array_start = .
 *(.fini_array)
 .fini_array    0x00000000000848bc        0x4 /Users/taylor/arm-cs-tools/lib/gcc/arm-none-eabi/4.7.3/thumb2/crtbegin.o
 *(SORT(.fini_array.*))
                0x00000000000848c0                __fini_array_end = .
 *crtbegin.o(.dtors)
 *(EXCLUDE_FILE(*crtend.o) .dtors)
 *(SORT(.dtors.*))
 *crtend.o(.dtors)
                0x00000000000848c0                . = ALIGN (0x4)
                0x00000000000848c0                _efixed = .
                0x00000000000848c0                PROVIDE (__exidx_start, .)

.vfp11_veneer   0x00000000000848c0        0x0
 .vfp11_veneer  0x0000000000000000        0x0 linker stubs

.v4_bx          0x00000000000848c0        0x0
 .v4_bx         0x0000000000000000        0x0 linker stubs

.iplt           0x00000000000848c0        0x0
 .iplt          0x0000000000000000        0x0 /Users/taylor/arm-cs-tools/lib/gcc/arm-none-eabi/4.7.3/thumb2/crtbegin.o

.ARM.exidx      0x00000000000848c0       0xf0
 *(.ARM.exidx* .gnu.linkonce.armexidx.*)
 .ARM.exidx.text.setup
                0x00000000000848c0        0x8 debug_sam3s_ek/test.o
 .ARM.exidx.text._ZL9led_step1v
                0x00000000000848c8        0x8 debug_sam3s_ek/test.o
 .ARM.exidx.text._ZL9led_step2v
                0x00000000000848d0        0x0 debug_sam3s_ek/test.o
                                          0x8 (size before relaxing)
 .ARM.exidx.text.loop
                0x00000000000848d0        0x8 debug_sam3s_ek/test.o
 .ARM.exidx     0x00000000000848d8       0x90 /Users/taylor/arm-cs-tools/lib/gcc/arm-none-eabi/4.7.3/thumb2/libgcc.a(unwind-arm.o)
                                         0xd8 (size before relaxing)
 .ARM.exidx     0x0000000000084968       0x38 /Users/taylor/arm-cs-tools/lib/gcc/arm-none-eabi/4.7.3/thumb2/libgcc.a(pr-support.o)
                                         0x48 (size before relaxing)
 .ARM.exidx.text.main
                0x00000000000849a0       0x10 ../../libarduino_sam3s_ek_gcc_dbg.a(main.o)
                                          0x8 (size before relaxing)
 .ARM.exidx     0x00000000000849b0        0x0 /Users/taylor/arm-cs-tools/lib/gcc/arm-none-eabi/4.7.3/thumb2/libgcc.a(_divdi3.o)
                                          0x8 (size before relaxing)
 .ARM.exidx     0x00000000000849b0        0x0 /Users/taylor/arm-cs-tools/lib/gcc/arm-none-eabi/4.7.3/thumb2/libgcc.a(_udivdi3.o)
                                          0x8 (size before relaxing)
                0x00000000000849b0                PROVIDE (__exidx_end, .)

.eh_frame       0x00000000000849b0        0x0
 .eh_frame      0x00000000000849b0        0x0 /Users/taylor/arm-cs-tools/lib/gcc/arm-none-eabi/4.7.3/thumb2/crtbegin.o

.rel.dyn        0x00000000000849b0        0x0
 .rel.iplt      0x0000000000000000        0x0 /Users/taylor/arm-cs-tools/lib/gcc/arm-none-eabi/4.7.3/thumb2/crtbegin.o

.jcr            0x00000000000849b0        0x0
 .jcr           0x00000000000849b0        0x0 /Users/taylor/arm-cs-tools/lib/gcc/arm-none-eabi/4.7.3/thumb2/crtbegin.o

.tm_clone_table
                0x00000000000849b0        0x0
 .tm_clone_table
                0x00000000000849b0        0x0 /Users/taylor/arm-cs-tools/lib/gcc/arm-none-eabi/4.7.3/thumb2/crtbegin.o
 .tm_clone_table
                0x00000000000849b0        0x0 /Users/taylor/arm-cs-tools/lib/gcc/arm-none-eabi/4.7.3/thumb2/crtend.o

.igot.plt       0x00000000000849b0        0x0
 .igot.plt      0x0000000000000000        0x0 /Users/taylor/arm-cs-tools/lib/gcc/arm-none-eabi/4.7.3/thumb2/crtbegin.o
                0x00000000000849b0                . = ALIGN (0x4)
                0x00000000000849b0                _etext = .

.relocate       0x0000000020070000      0x530 load address 0x00000000000849b0
                0x0000000020070000                . = ALIGN (0x4)
                0x0000000020070000                _srelocate = .
 *(.ramfunc .ramfunc.*)
 *(.data .data.*)
 .data.impure_data
                0x0000000020070000       0xf0 /Users/taylor/arm-cs-tools/arm-none-eabi/lib/thumb2/libc.a(lib_a-impure.o)
 .data._impure_ptr
                0x00000000200700f0        0x4 /Users/taylor/arm-cs-tools/arm-none-eabi/lib/thumb2/libc.a(lib_a-impure.o)
                0x00000000200700f0                _impure_ptr
 .data.__malloc_av_
                0x00000000200700f4      0x408 /Users/taylor/arm-cs-tools/arm-none-eabi/lib/thumb2/libc.a(lib_a-mallocr.o)
                0x00000000200700f4                __malloc_av_
 .data.__malloc_trim_threshold
                0x00000000200704fc        0x4 /Users/taylor/arm-cs-tools/arm-none-eabi/lib/thumb2/libc.a(lib_a-mallocr.o)
                0x00000000200704fc                __malloc_trim_threshold
 .data.__malloc_sbrk_base
                0x0000000020070500        0x4 /Users/taylor/arm-cs-tools/arm-none-eabi/lib/thumb2/libc.a(lib_a-mallocr.o)
                0x0000000020070500                __malloc_sbrk_base
 .data.lc_ctype_charset
                0x0000000020070504       0x20 /Users/taylor/arm-cs-tools/arm-none-eabi/lib/thumb2/libc.a(lib_a-locale.o)
 .data.__mb_cur_max
                0x0000000020070524        0x4 /Users/taylor/arm-cs-tools/arm-none-eabi/lib/thumb2/libc.a(lib_a-locale.o)
                0x0000000020070524                __mb_cur_max
 .data.__wctomb
                0x0000000020070528        0x4 /Users/taylor/arm-cs-tools/arm-none-eabi/lib/thumb2/libc.a(lib_a-wctomb_r.o)
                0x0000000020070528                __wctomb
 .data.SystemCoreClock
                0x000000002007052c        0x4 ../../libsam_sam3s4c_gcc_dbg.a(system_sam3s.o)
                0x000000002007052c                SystemCoreClock
                0x0000000020070530                . = ALIGN (0x4)
                0x0000000020070530                _erelocate = .

.bss            0x0000000020070530       0x5c load address 0x0000000000084ee0
                0x0000000020070530                . = ALIGN (0x4)
                0x0000000020070530                _sbss = .
                0x0000000020070530                _szero = .
 *(.bss .bss.*)
 .bss           0x0000000020070530       0x1c /Users/taylor/arm-cs-tools/lib/gcc/arm-none-eabi/4.7.3/thumb2/crtbegin.o
 .bss.__malloc_max_total_mem
                0x000000002007054c        0x4 /Users/taylor/arm-cs-tools/arm-none-eabi/lib/thumb2/libc.a(lib_a-mallocr.o)
                0x000000002007054c                __malloc_max_total_mem
 .bss.__malloc_max_sbrked_mem
                0x0000000020070550        0x4 /Users/taylor/arm-cs-tools/arm-none-eabi/lib/thumb2/libc.a(lib_a-mallocr.o)
                0x0000000020070550                __malloc_max_sbrked_mem
 .bss.__malloc_top_pad
                0x0000000020070554        0x4 /Users/taylor/arm-cs-tools/arm-none-eabi/lib/thumb2/libc.a(lib_a-mallocr.o)
                0x0000000020070554                __malloc_top_pad
 .bss.__malloc_current_mallinfo
                0x0000000020070558       0x28 /Users/taylor/arm-cs-tools/arm-none-eabi/lib/thumb2/libc.a(lib_a-mallocr.o)
                0x0000000020070558                __malloc_current_mallinfo
 .bss.heap.5990
                0x0000000020070580        0x4 ../../libarduino_sam3s_ek_gcc_dbg.a(syscalls_sam3.o)
 .bss._dwTickCount
                0x0000000020070584        0x4 ../../libsam_sam3s4c_gcc_dbg.a(timetick.o)
 *(COMMON)
 COMMON         0x0000000020070588        0x4 /Users/taylor/arm-cs-tools/arm-none-eabi/lib/thumb2/libc.a(lib_a-reent.o)
                0x0000000020070588                errno
                0x000000002007058c                . = ALIGN (0x4)
                0x000000002007058c                _ebss = .
                0x000000002007058c                _ezero = .
                0x000000002007058c                . = ALIGN (0x4)
                0x000000002007058c                _end = .

.stack_dummy    0x000000002007058c        0x0
 *(.stack*)
                0x0000000020088000                __StackTop = (ORIGIN (ram) + 0x18000)
                0x0000000020088000                __StackLimit = (__StackTop - SIZEOF (.stack_dummy))
                0x0000000020088000                PROVIDE (_sstack, __StackLimit)
                0x0000000020088000                PROVIDE (_estack, __StackTop)
OUTPUT(debug_sam3s_ek/test_gcc_dbg.elf elf32-littlearm)

.ARM.attributes
                0x0000000000000000       0x29
 .ARM.attributes
                0x0000000000000000       0x19 /Users/taylor/arm-cs-tools/lib/gcc/arm-none-eabi/4.7.3/thumb2/crti.o
 .ARM.attributes
                0x0000000000000019       0x29 /Users/taylor/arm-cs-tools/lib/gcc/arm-none-eabi/4.7.3/thumb2/crtbegin.o
 .ARM.attributes
                0x0000000000000042       0x33 debug_sam3s_ek/test.o
 .ARM.attributes
                0x0000000000000075       0x33 ../../libsam_sam3s4c_gcc_dbg.a(startup_sam3s.o)
 .ARM.attributes
                0x00000000000000a8       0x33 ../../libarduino_sam3s_ek_gcc_dbg.a(wiring.o)
 .ARM.attributes
                0x00000000000000db       0x33 ../../libarduino_sam3s_ek_gcc_dbg.a(wiring_digital.o)
 .ARM.attributes
                0x000000000000010e       0x33 ../../libarduino_sam3s_ek_gcc_dbg.a(main.o)
 .ARM.attributes
                0x0000000000000141       0x33 ../../libarduino_sam3s_ek_gcc_dbg.a(hooks.o)
 .ARM.attributes
                0x0000000000000174       0x33 ../../libvariant_sam3s_ek_gcc_dbg.a(variant.o)
 .ARM.attributes
                0x00000000000001a7       0x29 /Users/taylor/arm-cs-tools/arm-none-eabi/lib/thumb2/libc.a(lib_a-init.o)
 .ARM.attributes
                0x00000000000001d0       0x33 ../../libsam_sam3s4c_gcc_dbg.a(pio.o)
 .ARM.attributes
                0x0000000000000203       0x33 ../../libsam_sam3s4c_gcc_dbg.a(pmc.o)
 .ARM.attributes
                0x0000000000000236       0x33 ../../libsam_sam3s4c_gcc_dbg.a(timetick.o)
 .ARM.attributes
                0x0000000000000269       0x33 ../../libsam_sam3s4c_gcc_dbg.a(wdt.o)
 .ARM.attributes
                0x000000000000029c       0x33 ../../libsam_sam3s4c_gcc_dbg.a(system_sam3s.o)
 .ARM.attributes
                0x00000000000002cf       0x29 /Users/taylor/arm-cs-tools/lib/gcc/arm-none-eabi/4.7.3/thumb2/crtend.o
 .ARM.attributes
                0x00000000000002f8       0x19 /Users/taylor/arm-cs-tools/lib/gcc/arm-none-eabi/4.7.3/thumb2/crtn.o

.comment        0x0000000000000000       0x3f
 .comment       0x0000000000000000       0x3f /Users/taylor/arm-cs-tools/lib/gcc/arm-none-eabi/4.7.3/thumb2/crtbegin.o
                                         0x40 (size before relaxing)
 .comment       0x0000000000000000       0x40 debug_sam3s_ek/test.o
 .comment       0x0000000000000000       0x40 ../../libsam_sam3s4c_gcc_dbg.a(startup_sam3s.o)
 .comment       0x0000000000000000       0x40 ../../libarduino_sam3s_ek_gcc_dbg.a(wiring.o)
 .comment       0x0000000000000000       0x40 ../../libarduino_sam3s_ek_gcc_dbg.a(wiring_digital.o)
 .comment       0x0000000000000000       0x40 ../../libarduino_sam3s_ek_gcc_dbg.a(main.o)
 .comment       0x0000000000000000       0x40 ../../libarduino_sam3s_ek_gcc_dbg.a(hooks.o)
 .comment       0x0000000000000000       0x40 ../../libvariant_sam3s_ek_gcc_dbg.a(variant.o)
 .comment       0x0000000000000000       0x40 /Users/taylor/arm-cs-tools/arm-none-eabi/lib/thumb2/libc.a(lib_a-init.o)
 .comment       0x0000000000000000       0x40 ../../libsam_sam3s4c_gcc_dbg.a(pio.o)
 .comment       0x0000000000000000       0x40 ../../libsam_sam3s4c_gcc_dbg.a(pmc.o)
 .comment       0x0000000000000000       0x40 ../../libsam_sam3s4c_gcc_dbg.a(timetick.o)
 .comment       0x0000000000000000       0x40 ../../libsam_sam3s4c_gcc_dbg.a(wdt.o)
 .comment       0x0000000000000000       0x40 ../../libsam_sam3s4c_gcc_dbg.a(system_sam3s.o)
 .comment       0x0000000000000000       0x40 /Users/taylor/arm-cs-tools/lib/gcc/arm-none-eabi/4.7.3/thumb2/crtend.o

.debug_info     0x0000000000000000     0x50d3
 .debug_info    0x0000000000000000      0x2c5 debug_sam3s_ek/test.o
 .debug_info    0x00000000000002c5      0x62b ../../libsam_sam3s4c_gcc_dbg.a(startup_sam3s.o)
 .debug_info    0x00000000000008f0      0x550 ../../libarduino_sam3s_ek_gcc_dbg.a(wiring.o)
 .debug_info    0x0000000000000e40      0xaeb ../../libarduino_sam3s_ek_gcc_dbg.a(wiring_digital.o)
 .debug_info    0x000000000000192b      0x28c ../../libarduino_sam3s_ek_gcc_dbg.a(main.o)
 .debug_info    0x0000000000001bb7       0x71 ../../libarduino_sam3s_ek_gcc_dbg.a(hooks.o)
 .debug_info    0x0000000000001c28      0xf1e ../../libvariant_sam3s_ek_gcc_dbg.a(variant.o)
 .debug_info    0x0000000000002b46      0x9a5 ../../libsam_sam3s4c_gcc_dbg.a(pio.o)
 .debug_info    0x00000000000034eb      0xea8 ../../libsam_sam3s4c_gcc_dbg.a(pmc.o)
 .debug_info    0x0000000000004393      0x6b5 ../../libsam_sam3s4c_gcc_dbg.a(timetick.o)
 .debug_info    0x0000000000004a48      0x212 ../../libsam_sam3s4c_gcc_dbg.a(wdt.o)
 .debug_info    0x0000000000004c5a      0x479 ../../libsam_sam3s4c_gcc_dbg.a(system_sam3s.o)

.debug_abbrev   0x0000000000000000      0xe4a
 .debug_abbrev  0x0000000000000000       0xb1 debug_sam3s_ek/test.o
 .debug_abbrev  0x00000000000000b1      0x133 ../../libsam_sam3s4c_gcc_dbg.a(startup_sam3s.o)
 .debug_abbrev  0x00000000000001e4      0x130 ../../libarduino_sam3s_ek_gcc_dbg.a(wiring.o)
 .debug_abbrev  0x0000000000000314      0x145 ../../libarduino_sam3s_ek_gcc_dbg.a(wiring_digital.o)
 .debug_abbrev  0x0000000000000459       0x9f ../../libarduino_sam3s_ek_gcc_dbg.a(main.o)
 .debug_abbrev  0x00000000000004f8       0x4b ../../libarduino_sam3s_ek_gcc_dbg.a(hooks.o)
 .debug_abbrev  0x0000000000000543      0x1d1 ../../libvariant_sam3s_ek_gcc_dbg.a(variant.o)
 .debug_abbrev  0x0000000000000714      0x194 ../../libsam_sam3s4c_gcc_dbg.a(pio.o)
 .debug_abbrev  0x00000000000008a8      0x20a ../../libsam_sam3s4c_gcc_dbg.a(pmc.o)
 .debug_abbrev  0x0000000000000ab2      0x1c6 ../../libsam_sam3s4c_gcc_dbg.a(timetick.o)
 .debug_abbrev  0x0000000000000c78       0xe0 ../../libsam_sam3s4c_gcc_dbg.a(wdt.o)
 .debug_abbrev  0x0000000000000d58       0xf2 ../../libsam_sam3s4c_gcc_dbg.a(system_sam3s.o)

.debug_loc      0x0000000000000000     0x138c
 .debug_loc     0x0000000000000000       0xb0 debug_sam3s_ek/test.o
 .debug_loc     0x00000000000000b0       0x64 ../../libsam_sam3s4c_gcc_dbg.a(startup_sam3s.o)
 .debug_loc     0x0000000000000114       0x9c ../../libarduino_sam3s_ek_gcc_dbg.a(wiring.o)
 .debug_loc     0x00000000000001b0       0xa8 ../../libarduino_sam3s_ek_gcc_dbg.a(wiring_digital.o)
 .debug_loc     0x0000000000000258       0x2c ../../libarduino_sam3s_ek_gcc_dbg.a(main.o)
 .debug_loc     0x0000000000000284       0x84 ../../libarduino_sam3s_ek_gcc_dbg.a(hooks.o)
 .debug_loc     0x0000000000000308       0xa8 ../../libvariant_sam3s_ek_gcc_dbg.a(variant.o)
 .debug_loc     0x00000000000003b0      0x268 ../../libsam_sam3s4c_gcc_dbg.a(pio.o)
 .debug_loc     0x0000000000000618      0xa5c ../../libsam_sam3s4c_gcc_dbg.a(pmc.o)
 .debug_loc     0x0000000000001074      0x170 ../../libsam_sam3s4c_gcc_dbg.a(timetick.o)
 .debug_loc     0x00000000000011e4      0x118 ../../libsam_sam3s4c_gcc_dbg.a(wdt.o)
 .debug_loc     0x00000000000012fc       0x90 ../../libsam_sam3s4c_gcc_dbg.a(system_sam3s.o)

.debug_aranges  0x0000000000000000      0x420
 .debug_aranges
                0x0000000000000000       0x38 debug_sam3s_ek/test.o
 .debug_aranges
                0x0000000000000038       0x28 ../../libsam_sam3s4c_gcc_dbg.a(startup_sam3s.o)
 .debug_aranges
                0x0000000000000060       0x30 ../../libarduino_sam3s_ek_gcc_dbg.a(wiring.o)
 .debug_aranges
                0x0000000000000090       0x30 ../../libarduino_sam3s_ek_gcc_dbg.a(wiring_digital.o)
 .debug_aranges
                0x00000000000000c0       0x20 ../../libarduino_sam3s_ek_gcc_dbg.a(main.o)
 .debug_aranges
                0x00000000000000e0       0x30 ../../libarduino_sam3s_ek_gcc_dbg.a(hooks.o)
 .debug_aranges
                0x0000000000000110       0x30 ../../libvariant_sam3s_ek_gcc_dbg.a(variant.o)
 .debug_aranges
                0x0000000000000140       0x70 ../../libsam_sam3s4c_gcc_dbg.a(pio.o)
 .debug_aranges
                0x00000000000001b0      0x1b0 ../../libsam_sam3s4c_gcc_dbg.a(pmc.o)
 .debug_aranges
                0x0000000000000360       0x50 ../../libsam_sam3s4c_gcc_dbg.a(timetick.o)
 .debug_aranges
                0x00000000000003b0       0x40 ../../libsam_sam3s4c_gcc_dbg.a(wdt.o)
 .debug_aranges
                0x00000000000003f0       0x30 ../../libsam_sam3s4c_gcc_dbg.a(system_sam3s.o)

.debug_ranges   0x0000000000000000      0x360
 .debug_ranges  0x0000000000000000       0x28 debug_sam3s_ek/test.o
 .debug_ranges  0x0000000000000028       0x18 ../../libsam_sam3s4c_gcc_dbg.a(startup_sam3s.o)
 .debug_ranges  0x0000000000000040       0x20 ../../libarduino_sam3s_ek_gcc_dbg.a(wiring.o)
 .debug_ranges  0x0000000000000060       0x20 ../../libarduino_sam3s_ek_gcc_dbg.a(wiring_digital.o)
 .debug_ranges  0x0000000000000080       0x10 ../../libarduino_sam3s_ek_gcc_dbg.a(main.o)
 .debug_ranges  0x0000000000000090       0x20 ../../libarduino_sam3s_ek_gcc_dbg.a(hooks.o)
 .debug_ranges  0x00000000000000b0       0x20 ../../libvariant_sam3s_ek_gcc_dbg.a(variant.o)
 .debug_ranges  0x00000000000000d0       0x60 ../../libsam_sam3s4c_gcc_dbg.a(pio.o)
 .debug_ranges  0x0000000000000130      0x1a0 ../../libsam_sam3s4c_gcc_dbg.a(pmc.o)
 .debug_ranges  0x00000000000002d0       0x40 ../../libsam_sam3s4c_gcc_dbg.a(timetick.o)
 .debug_ranges  0x0000000000000310       0x30 ../../libsam_sam3s4c_gcc_dbg.a(wdt.o)
 .debug_ranges  0x0000000000000340       0x20 ../../libsam_sam3s4c_gcc_dbg.a(system_sam3s.o)

.debug_line     0x0000000000000000     0x19ab
 .debug_line    0x0000000000000000      0x179 debug_sam3s_ek/test.o
 .debug_line    0x0000000000000179      0x163 ../../libsam_sam3s4c_gcc_dbg.a(startup_sam3s.o)
 .debug_line    0x00000000000002dc      0x1b9 ../../libarduino_sam3s_ek_gcc_dbg.a(wiring.o)
 .debug_line    0x0000000000000495      0x239 ../../libarduino_sam3s_ek_gcc_dbg.a(wiring_digital.o)
 .debug_line    0x00000000000006ce      0x155 ../../libarduino_sam3s_ek_gcc_dbg.a(main.o)
 .debug_line    0x0000000000000823       0x60 ../../libarduino_sam3s_ek_gcc_dbg.a(hooks.o)
 .debug_line    0x0000000000000883      0x24e ../../libvariant_sam3s_ek_gcc_dbg.a(variant.o)
 .debug_line    0x0000000000000ad1      0x277 ../../libsam_sam3s4c_gcc_dbg.a(pio.o)
 .debug_line    0x0000000000000d48      0x6a3 ../../libsam_sam3s4c_gcc_dbg.a(pmc.o)
 .debug_line    0x00000000000013eb      0x1da ../../libsam_sam3s4c_gcc_dbg.a(timetick.o)
 .debug_line    0x00000000000015c5      0x1bb ../../libsam_sam3s4c_gcc_dbg.a(wdt.o)
 .debug_line    0x0000000000001780      0x22b ../../libsam_sam3s4c_gcc_dbg.a(system_sam3s.o)

.debug_str      0x0000000000000000     0x187d
 .debug_str     0x0000000000000000      0x163 debug_sam3s_ek/test.o
                                        0x1ab (size before relaxing)
 .debug_str     0x0000000000000163      0x4b8 ../../libsam_sam3s4c_gcc_dbg.a(startup_sam3s.o)
                                        0x587 (size before relaxing)
 .debug_str     0x000000000000061b       0xa7 ../../libarduino_sam3s_ek_gcc_dbg.a(wiring.o)
                                        0x237 (size before relaxing)
 .debug_str     0x00000000000006c2      0x59e ../../libarduino_sam3s_ek_gcc_dbg.a(wiring_digital.o)
                                        0x75d (size before relaxing)
 .debug_str     0x0000000000000c60       0x11 ../../libarduino_sam3s_ek_gcc_dbg.a(main.o)
                                        0x186 (size before relaxing)
 .debug_str     0x0000000000000c71       0x22 ../../libarduino_sam3s_ek_gcc_dbg.a(hooks.o)
                                         0x86 (size before relaxing)
 .debug_str     0x0000000000000c93      0x303 ../../libvariant_sam3s_ek_gcc_dbg.a(variant.o)
                                        0xa57 (size before relaxing)
 .debug_str     0x0000000000000f96      0x118 ../../libsam_sam3s4c_gcc_dbg.a(pio.o)
                                        0x592 (size before relaxing)
 .debug_str     0x00000000000010ae      0x660 ../../libsam_sam3s4c_gcc_dbg.a(pmc.o)
                                        0x858 (size before relaxing)
 .debug_str     0x000000000000170e       0x81 ../../libsam_sam3s4c_gcc_dbg.a(timetick.o)
                                        0x498 (size before relaxing)
 .debug_str     0x000000000000178f       0x5b ../../libsam_sam3s4c_gcc_dbg.a(wdt.o)
                                        0x1b7 (size before relaxing)
 .debug_str     0x00000000000017ea       0x93 ../../libsam_sam3s4c_gcc_dbg.a(system_sam3s.o)
                                        0x33c (size before relaxing)

.debug_frame    0x0000000000000000      0xb10
 .debug_frame   0x0000000000000000       0x78 debug_sam3s_ek/test.o
 .debug_frame   0x0000000000000078       0x48 ../../libsam_sam3s4c_gcc_dbg.a(startup_sam3s.o)
 .debug_frame   0x00000000000000c0       0x6c ../../libarduino_sam3s_ek_gcc_dbg.a(wiring.o)
 .debug_frame   0x000000000000012c       0x70 ../../libarduino_sam3s_ek_gcc_dbg.a(wiring_digital.o)
 .debug_frame   0x000000000000019c       0x2c ../../libarduino_sam3s_ek_gcc_dbg.a(main.o)
 .debug_frame   0x00000000000001c8       0x58 ../../libarduino_sam3s_ek_gcc_dbg.a(hooks.o)
 .debug_frame   0x0000000000000220       0x6c ../../libvariant_sam3s_ek_gcc_dbg.a(variant.o)
 .debug_frame   0x000000000000028c      0x150 ../../libsam_sam3s4c_gcc_dbg.a(pio.o)
 .debug_frame   0x00000000000003dc      0x568 ../../libsam_sam3s4c_gcc_dbg.a(pmc.o)
 .debug_frame   0x0000000000000944       0xd4 ../../libsam_sam3s4c_gcc_dbg.a(timetick.o)
 .debug_frame   0x0000000000000a18       0x9c ../../libsam_sam3s4c_gcc_dbg.a(wdt.o)
 .debug_frame   0x0000000000000ab4       0x5c ../../libsam_sam3s4c_gcc_dbg.a(system_sam3s.o)

Cross Reference Table

Symbol                                            File
ACC_Handler                                       ../../libsam_sam3s4c_gcc_dbg.a(startup_sam3s.o)
ADC_Handler                                       ../../libsam_sam3s4c_gcc_dbg.a(startup_sam3s.o)
BusFault_Handler                                  ../../libsam_sam3s4c_gcc_dbg.a(startup_sam3s.o)
CRCCU_Handler                                     ../../libsam_sam3s4c_gcc_dbg.a(startup_sam3s.o)
DACC_Handler                                      ../../libsam_sam3s4c_gcc_dbg.a(startup_sam3s.o)
DebugMon_Handler                                  ../../libsam_sam3s4c_gcc_dbg.a(startup_sam3s.o)
Dummy_Handler                                     ../../libsam_sam3s4c_gcc_dbg.a(startup_sam3s.o)
EFC_Handler                                       ../../libsam_sam3s4c_gcc_dbg.a(startup_sam3s.o)
GetTickCount                                      ../../libsam_sam3s4c_gcc_dbg.a(timetick.o)
                                                  ../../libarduino_sam3s_ek_gcc_dbg.a(wiring.o)
HSMCI_Handler                                     ../../libsam_sam3s4c_gcc_dbg.a(startup_sam3s.o)
HardFault_Handler                                 ../../libsam_sam3s4c_gcc_dbg.a(startup_sam3s.o)
MemManage_Handler                                 ../../libsam_sam3s4c_gcc_dbg.a(startup_sam3s.o)
NMI_Handler                                       ../../libsam_sam3s4c_gcc_dbg.a(startup_sam3s.o)
PIOA_Handler                                      ../../libsam_sam3s4c_gcc_dbg.a(startup_sam3s.o)
PIOB_Handler                                      ../../libsam_sam3s4c_gcc_dbg.a(startup_sam3s.o)
PIOC_Handler                                      ../../libsam_sam3s4c_gcc_dbg.a(startup_sam3s.o)
PIO_Clear                                         ../../libsam_sam3s4c_gcc_dbg.a(pio.o)
PIO_Configure                                     ../../libsam_sam3s4c_gcc_dbg.a(pio.o)
                                                  ../../libarduino_sam3s_ek_gcc_dbg.a(wiring_digital.o)
PIO_DisableInterrupt                              ../../libsam_sam3s4c_gcc_dbg.a(pio.o)
PIO_Get                                           ../../libsam_sam3s4c_gcc_dbg.a(pio.o)
                                                  ../../libarduino_sam3s_ek_gcc_dbg.a(wiring_digital.o)
PIO_GetOutputDataStatus                           ../../libsam_sam3s4c_gcc_dbg.a(pio.o)
                                                  ../../libarduino_sam3s_ek_gcc_dbg.a(wiring_digital.o)
PIO_PullUp                                        ../../libsam_sam3s4c_gcc_dbg.a(pio.o)
                                                  ../../libarduino_sam3s_ek_gcc_dbg.a(wiring_digital.o)
PIO_Set                                           ../../libsam_sam3s4c_gcc_dbg.a(pio.o)
PIO_SetDebounceFilter                             ../../libsam_sam3s4c_gcc_dbg.a(pio.o)
PIO_SetInput                                      ../../libsam_sam3s4c_gcc_dbg.a(pio.o)
PIO_SetOutput                                     ../../libsam_sam3s4c_gcc_dbg.a(pio.o)
                                                  ../../libarduino_sam3s_ek_gcc_dbg.a(wiring_digital.o)
PIO_SetPeripheral                                 ../../libsam_sam3s4c_gcc_dbg.a(pio.o)
PMC_Handler                                       ../../libsam_sam3s4c_gcc_dbg.a(startup_sam3s.o)
PWM_Handler                                       ../../libsam_sam3s4c_gcc_dbg.a(startup_sam3s.o)
PendSV_Handler                                    ../../libsam_sam3s4c_gcc_dbg.a(startup_sam3s.o)
RSTC_Handler                                      ../../libsam_sam3s4c_gcc_dbg.a(startup_sam3s.o)
RTC_Handler                                       ../../libsam_sam3s4c_gcc_dbg.a(startup_sam3s.o)
RTT_Handler                                       ../../libsam_sam3s4c_gcc_dbg.a(startup_sam3s.o)
Reset_Handler                                     ../../libsam_sam3s4c_gcc_dbg.a(startup_sam3s.o)
SMC_Handler                                       ../../libsam_sam3s4c_gcc_dbg.a(startup_sam3s.o)
SPI_Handler                                       ../../libsam_sam3s4c_gcc_dbg.a(startup_sam3s.o)
SSC_Handler                                       ../../libsam_sam3s4c_gcc_dbg.a(startup_sam3s.o)
SUPC_Handler                                      ../../libsam_sam3s4c_gcc_dbg.a(startup_sam3s.o)
SVC_Handler                                       ../../libsam_sam3s4c_gcc_dbg.a(startup_sam3s.o)
Sleep                                             ../../libsam_sam3s4c_gcc_dbg.a(timetick.o)
SysTick_Handler                                   ../../libsam_sam3s4c_gcc_dbg.a(startup_sam3s.o)
SystemCoreClock                                   ../../libsam_sam3s4c_gcc_dbg.a(system_sam3s.o)
                                                  ../../libvariant_sam3s_ek_gcc_dbg.a(variant.o)
SystemCoreClockUpdate                             ../../libsam_sam3s4c_gcc_dbg.a(system_sam3s.o)
SystemInit                                        ../../libsam_sam3s4c_gcc_dbg.a(system_sam3s.o)
                                                  ../../libvariant_sam3s_ek_gcc_dbg.a(variant.o)
TC0_Handler                                       ../../libsam_sam3s4c_gcc_dbg.a(startup_sam3s.o)
TC1_Handler                                       ../../libsam_sam3s4c_gcc_dbg.a(startup_sam3s.o)
TC2_Handler                                       ../../libsam_sam3s4c_gcc_dbg.a(startup_sam3s.o)
TC3_Handler                                       ../../libsam_sam3s4c_gcc_dbg.a(startup_sam3s.o)
TC4_Handler                                       ../../libsam_sam3s4c_gcc_dbg.a(startup_sam3s.o)
TC5_Handler                                       ../../libsam_sam3s4c_gcc_dbg.a(startup_sam3s.o)
TWI0_Handler                                      ../../libsam_sam3s4c_gcc_dbg.a(startup_sam3s.o)
TWI1_Handler                                      ../../libsam_sam3s4c_gcc_dbg.a(startup_sam3s.o)
TimeTick_Configure                                ../../libsam_sam3s4c_gcc_dbg.a(timetick.o)
TimeTick_Increment                                ../../libsam_sam3s4c_gcc_dbg.a(timetick.o)
UART0_Handler                                     ../../libsam_sam3s4c_gcc_dbg.a(startup_sam3s.o)
UART1_Handler                                     ../../libsam_sam3s4c_gcc_dbg.a(startup_sam3s.o)
UDP_Handler                                       ../../libsam_sam3s4c_gcc_dbg.a(startup_sam3s.o)
USART0_Handler                                    ../../libsam_sam3s4c_gcc_dbg.a(startup_sam3s.o)
USART1_Handler                                    ../../libsam_sam3s4c_gcc_dbg.a(startup_sam3s.o)
UsageFault_Handler                                ../../libsam_sam3s4c_gcc_dbg.a(startup_sam3s.o)
WDT_Disable                                       ../../libsam_sam3s4c_gcc_dbg.a(wdt.o)
                                                  ../../libvariant_sam3s_ek_gcc_dbg.a(variant.o)
WDT_Enable                                        ../../libsam_sam3s4c_gcc_dbg.a(wdt.o)
WDT_GetPeriod                                     ../../libsam_sam3s4c_gcc_dbg.a(wdt.o)
WDT_GetStatus                                     ../../libsam_sam3s4c_gcc_dbg.a(wdt.o)
WDT_Handler                                       ../../libsam_sam3s4c_gcc_dbg.a(startup_sam3s.o)
WDT_Restart                                       ../../libsam_sam3s4c_gcc_dbg.a(wdt.o)
Wait                                              ../../libsam_sam3s4c_gcc_dbg.a(timetick.o)
_ITM_deregisterTMCloneTable                       /Users/taylor/arm-cs-tools/lib/gcc/arm-none-eabi/4.7.3/thumb2/crtbegin.o
_ITM_registerTMCloneTable                         /Users/taylor/arm-cs-tools/lib/gcc/arm-none-eabi/4.7.3/thumb2/crtbegin.o
_Jv_RegisterClasses                               /Users/taylor/arm-cs-tools/lib/gcc/arm-none-eabi/4.7.3/thumb2/crtbegin.o
_PathLocale                                       /Users/taylor/arm-cs-tools/arm-none-eabi/lib/thumb2/libc.a(lib_a-locale.o)
_Unwind_Backtrace                                 /Users/taylor/arm-cs-tools/lib/gcc/arm-none-eabi/4.7.3/thumb2/libgcc.a(libunwind.o)
_Unwind_Complete                                  /Users/taylor/arm-cs-tools/lib/gcc/arm-none-eabi/4.7.3/thumb2/libgcc.a(unwind-arm.o)
_Unwind_DeleteException                           /Users/taylor/arm-cs-tools/lib/gcc/arm-none-eabi/4.7.3/thumb2/libgcc.a(unwind-arm.o)
_Unwind_ForcedUnwind                              /Users/taylor/arm-cs-tools/lib/gcc/arm-none-eabi/4.7.3/thumb2/libgcc.a(libunwind.o)
_Unwind_GetCFA                                    /Users/taylor/arm-cs-tools/lib/gcc/arm-none-eabi/4.7.3/thumb2/libgcc.a(unwind-arm.o)
_Unwind_GetDataRelBase                            /Users/taylor/arm-cs-tools/lib/gcc/arm-none-eabi/4.7.3/thumb2/libgcc.a(pr-support.o)
_Unwind_GetLanguageSpecificData                   /Users/taylor/arm-cs-tools/lib/gcc/arm-none-eabi/4.7.3/thumb2/libgcc.a(pr-support.o)
_Unwind_GetRegionStart                            /Users/taylor/arm-cs-tools/lib/gcc/arm-none-eabi/4.7.3/thumb2/libgcc.a(pr-support.o)
_Unwind_GetTextRelBase                            /Users/taylor/arm-cs-tools/lib/gcc/arm-none-eabi/4.7.3/thumb2/libgcc.a(pr-support.o)
_Unwind_RaiseException                            /Users/taylor/arm-cs-tools/lib/gcc/arm-none-eabi/4.7.3/thumb2/libgcc.a(libunwind.o)
_Unwind_Resume                                    /Users/taylor/arm-cs-tools/lib/gcc/arm-none-eabi/4.7.3/thumb2/libgcc.a(libunwind.o)
_Unwind_Resume_or_Rethrow                         /Users/taylor/arm-cs-tools/lib/gcc/arm-none-eabi/4.7.3/thumb2/libgcc.a(libunwind.o)
_Unwind_VRS_Get                                   /Users/taylor/arm-cs-tools/lib/gcc/arm-none-eabi/4.7.3/thumb2/libgcc.a(unwind-arm.o)
                                                  /Users/taylor/arm-cs-tools/lib/gcc/arm-none-eabi/4.7.3/thumb2/libgcc.a(pr-support.o)
_Unwind_VRS_Pop                                   /Users/taylor/arm-cs-tools/lib/gcc/arm-none-eabi/4.7.3/thumb2/libgcc.a(unwind-arm.o)
                                                  /Users/taylor/arm-cs-tools/lib/gcc/arm-none-eabi/4.7.3/thumb2/libgcc.a(pr-support.o)
_Unwind_VRS_Set                                   /Users/taylor/arm-cs-tools/lib/gcc/arm-none-eabi/4.7.3/thumb2/libgcc.a(unwind-arm.o)
                                                  /Users/taylor/arm-cs-tools/lib/gcc/arm-none-eabi/4.7.3/thumb2/libgcc.a(pr-support.o)
__TMC_END__                                       /Users/taylor/arm-cs-tools/lib/gcc/arm-none-eabi/4.7.3/thumb2/crtend.o
                                                  /Users/taylor/arm-cs-tools/lib/gcc/arm-none-eabi/4.7.3/thumb2/crtbegin.o
___Unwind_Backtrace                               /Users/taylor/arm-cs-tools/lib/gcc/arm-none-eabi/4.7.3/thumb2/libgcc.a(libunwind.o)
___Unwind_ForcedUnwind                            /Users/taylor/arm-cs-tools/lib/gcc/arm-none-eabi/4.7.3/thumb2/libgcc.a(libunwind.o)
___Unwind_RaiseException                          /Users/taylor/arm-cs-tools/lib/gcc/arm-none-eabi/4.7.3/thumb2/libgcc.a(libunwind.o)
___Unwind_Resume                                  /Users/taylor/arm-cs-tools/lib/gcc/arm-none-eabi/4.7.3/thumb2/libgcc.a(libunwind.o)
___Unwind_Resume_or_Rethrow                       /Users/taylor/arm-cs-tools/lib/gcc/arm-none-eabi/4.7.3/thumb2/libgcc.a(libunwind.o)
__aeabi_idiv0                                     /Users/taylor/arm-cs-tools/lib/gcc/arm-none-eabi/4.7.3/thumb2/libgcc.a(_dvmd_tls.o)
                                                  /Users/taylor/arm-cs-tools/lib/gcc/arm-none-eabi/4.7.3/thumb2/libgcc.a(_udivsi3.o)
__aeabi_ldiv0                                     /Users/taylor/arm-cs-tools/lib/gcc/arm-none-eabi/4.7.3/thumb2/libgcc.a(_dvmd_tls.o)
                                                  /Users/taylor/arm-cs-tools/lib/gcc/arm-none-eabi/4.7.3/thumb2/libgcc.a(_aeabi_uldivmod.o)
__aeabi_uidiv                                     /Users/taylor/arm-cs-tools/lib/gcc/arm-none-eabi/4.7.3/thumb2/libgcc.a(_udivsi3.o)
                                                  /Users/taylor/arm-cs-tools/lib/gcc/arm-none-eabi/4.7.3/thumb2/libgcc.a(_udivdi3.o)
                                                  /Users/taylor/arm-cs-tools/lib/gcc/arm-none-eabi/4.7.3/thumb2/libgcc.a(_divdi3.o)
__aeabi_uidivmod                                  /Users/taylor/arm-cs-tools/lib/gcc/arm-none-eabi/4.7.3/thumb2/libgcc.a(_udivsi3.o)
                                                  /Users/taylor/arm-cs-tools/lib/gcc/arm-none-eabi/4.7.3/thumb2/libgcc.a(_udivdi3.o)
                                                  /Users/taylor/arm-cs-tools/lib/gcc/arm-none-eabi/4.7.3/thumb2/libgcc.a(_divdi3.o)
__aeabi_uldivmod                                  /Users/taylor/arm-cs-tools/lib/gcc/arm-none-eabi/4.7.3/thumb2/libgcc.a(_aeabi_uldivmod.o)
                                                  /Users/taylor/arm-cs-tools/arm-none-eabi/lib/thumb2/libc.a(lib_a-vfiprintf.o)
__aeabi_unwind_cpp_pr0                            /Users/taylor/arm-cs-tools/lib/gcc/arm-none-eabi/4.7.3/thumb2/libgcc.a(unwind-arm.o)
                                                  ../../libarduino_sam3s_ek_gcc_dbg.a(main.o)
                                                  /Users/taylor/arm-cs-tools/lib/gcc/arm-none-eabi/4.7.3/thumb2/libgcc.a(pr-support.o)
                                                  debug_sam3s_ek/test.o
__aeabi_unwind_cpp_pr1                            /Users/taylor/arm-cs-tools/lib/gcc/arm-none-eabi/4.7.3/thumb2/libgcc.a(unwind-arm.o)
                                                  /Users/taylor/arm-cs-tools/lib/gcc/arm-none-eabi/4.7.3/thumb2/libgcc.a(pr-support.o)
__aeabi_unwind_cpp_pr2                            /Users/taylor/arm-cs-tools/lib/gcc/arm-none-eabi/4.7.3/thumb2/libgcc.a(unwind-arm.o)
__ascii_wctomb                                    /Users/taylor/arm-cs-tools/arm-none-eabi/lib/thumb2/libc.a(lib_a-wctomb_r.o)
__cxa_begin_cleanup                               /Users/taylor/arm-cs-tools/lib/gcc/arm-none-eabi/4.7.3/thumb2/libgcc.a(unwind-arm.o)
__cxa_call_unexpected                             /Users/taylor/arm-cs-tools/lib/gcc/arm-none-eabi/4.7.3/thumb2/libgcc.a(unwind-arm.o)
__cxa_type_match                                  /Users/taylor/arm-cs-tools/lib/gcc/arm-none-eabi/4.7.3/thumb2/libgcc.a(unwind-arm.o)
__deregister_frame_info                           /Users/taylor/arm-cs-tools/lib/gcc/arm-none-eabi/4.7.3/thumb2/crtbegin.o
__divdi3                                          /Users/taylor/arm-cs-tools/lib/gcc/arm-none-eabi/4.7.3/thumb2/libgcc.a(_divdi3.o)
                                                  /Users/taylor/arm-cs-tools/lib/gcc/arm-none-eabi/4.7.3/thumb2/libgcc.a(bpabi.o)
__dso_handle                                      /Users/taylor/arm-cs-tools/lib/gcc/arm-none-eabi/4.7.3/thumb2/crtbegin.o
__exidx_end                                       /Users/taylor/arm-cs-tools/lib/gcc/arm-none-eabi/4.7.3/thumb2/libgcc.a(unwind-arm.o)
__exidx_start                                     /Users/taylor/arm-cs-tools/lib/gcc/arm-none-eabi/4.7.3/thumb2/libgcc.a(unwind-arm.o)
__fp_lock_all                                     /Users/taylor/arm-cs-tools/arm-none-eabi/lib/thumb2/libc.a(lib_a-findfp.o)
__fp_unlock_all                                   /Users/taylor/arm-cs-tools/arm-none-eabi/lib/thumb2/libc.a(lib_a-findfp.o)
__gnu_Unwind_Backtrace                            /Users/taylor/arm-cs-tools/lib/gcc/arm-none-eabi/4.7.3/thumb2/libgcc.a(unwind-arm.o)
                                                  /Users/taylor/arm-cs-tools/lib/gcc/arm-none-eabi/4.7.3/thumb2/libgcc.a(libunwind.o)
__gnu_Unwind_Find_exidx                           /Users/taylor/arm-cs-tools/lib/gcc/arm-none-eabi/4.7.3/thumb2/libgcc.a(unwind-arm.o)
__gnu_Unwind_ForcedUnwind                         /Users/taylor/arm-cs-tools/lib/gcc/arm-none-eabi/4.7.3/thumb2/libgcc.a(unwind-arm.o)
                                                  /Users/taylor/arm-cs-tools/lib/gcc/arm-none-eabi/4.7.3/thumb2/libgcc.a(libunwind.o)
__gnu_Unwind_RaiseException                       /Users/taylor/arm-cs-tools/lib/gcc/arm-none-eabi/4.7.3/thumb2/libgcc.a(unwind-arm.o)
                                                  /Users/taylor/arm-cs-tools/lib/gcc/arm-none-eabi/4.7.3/thumb2/libgcc.a(libunwind.o)
__gnu_Unwind_Restore_VFP                          /Users/taylor/arm-cs-tools/lib/gcc/arm-none-eabi/4.7.3/thumb2/libgcc.a(libunwind.o)
                                                  /Users/taylor/arm-cs-tools/lib/gcc/arm-none-eabi/4.7.3/thumb2/libgcc.a(unwind-arm.o)
__gnu_Unwind_Restore_VFP_D                        /Users/taylor/arm-cs-tools/lib/gcc/arm-none-eabi/4.7.3/thumb2/libgcc.a(libunwind.o)
                                                  /Users/taylor/arm-cs-tools/lib/gcc/arm-none-eabi/4.7.3/thumb2/libgcc.a(unwind-arm.o)
__gnu_Unwind_Restore_VFP_D_16_to_31               /Users/taylor/arm-cs-tools/lib/gcc/arm-none-eabi/4.7.3/thumb2/libgcc.a(libunwind.o)
                                                  /Users/taylor/arm-cs-tools/lib/gcc/arm-none-eabi/4.7.3/thumb2/libgcc.a(unwind-arm.o)
__gnu_Unwind_Restore_WMMXC                        /Users/taylor/arm-cs-tools/lib/gcc/arm-none-eabi/4.7.3/thumb2/libgcc.a(libunwind.o)
                                                  /Users/taylor/arm-cs-tools/lib/gcc/arm-none-eabi/4.7.3/thumb2/libgcc.a(unwind-arm.o)
__gnu_Unwind_Restore_WMMXD                        /Users/taylor/arm-cs-tools/lib/gcc/arm-none-eabi/4.7.3/thumb2/libgcc.a(libunwind.o)
                                                  /Users/taylor/arm-cs-tools/lib/gcc/arm-none-eabi/4.7.3/thumb2/libgcc.a(unwind-arm.o)
__gnu_Unwind_Resume                               /Users/taylor/arm-cs-tools/lib/gcc/arm-none-eabi/4.7.3/thumb2/libgcc.a(unwind-arm.o)
                                                  /Users/taylor/arm-cs-tools/lib/gcc/arm-none-eabi/4.7.3/thumb2/libgcc.a(libunwind.o)
__gnu_Unwind_Resume_or_Rethrow                    /Users/taylor/arm-cs-tools/lib/gcc/arm-none-eabi/4.7.3/thumb2/libgcc.a(unwind-arm.o)
                                                  /Users/taylor/arm-cs-tools/lib/gcc/arm-none-eabi/4.7.3/thumb2/libgcc.a(libunwind.o)
__gnu_Unwind_Save_VFP                             /Users/taylor/arm-cs-tools/lib/gcc/arm-none-eabi/4.7.3/thumb2/libgcc.a(libunwind.o)
                                                  /Users/taylor/arm-cs-tools/lib/gcc/arm-none-eabi/4.7.3/thumb2/libgcc.a(unwind-arm.o)
__gnu_Unwind_Save_VFP_D                           /Users/taylor/arm-cs-tools/lib/gcc/arm-none-eabi/4.7.3/thumb2/libgcc.a(libunwind.o)
                                                  /Users/taylor/arm-cs-tools/lib/gcc/arm-none-eabi/4.7.3/thumb2/libgcc.a(unwind-arm.o)
__gnu_Unwind_Save_VFP_D_16_to_31                  /Users/taylor/arm-cs-tools/lib/gcc/arm-none-eabi/4.7.3/thumb2/libgcc.a(libunwind.o)
                                                  /Users/taylor/arm-cs-tools/lib/gcc/arm-none-eabi/4.7.3/thumb2/libgcc.a(unwind-arm.o)
__gnu_Unwind_Save_WMMXC                           /Users/taylor/arm-cs-tools/lib/gcc/arm-none-eabi/4.7.3/thumb2/libgcc.a(libunwind.o)
                                                  /Users/taylor/arm-cs-tools/lib/gcc/arm-none-eabi/4.7.3/thumb2/libgcc.a(unwind-arm.o)
__gnu_Unwind_Save_WMMXD                           /Users/taylor/arm-cs-tools/lib/gcc/arm-none-eabi/4.7.3/thumb2/libgcc.a(libunwind.o)
                                                  /Users/taylor/arm-cs-tools/lib/gcc/arm-none-eabi/4.7.3/thumb2/libgcc.a(unwind-arm.o)
__gnu_ldivmod_helper                              /Users/taylor/arm-cs-tools/lib/gcc/arm-none-eabi/4.7.3/thumb2/libgcc.a(bpabi.o)
__gnu_uldivmod_helper                             /Users/taylor/arm-cs-tools/lib/gcc/arm-none-eabi/4.7.3/thumb2/libgcc.a(bpabi.o)
                                                  /Users/taylor/arm-cs-tools/lib/gcc/arm-none-eabi/4.7.3/thumb2/libgcc.a(_aeabi_uldivmod.o)
__gnu_unwind_execute                              /Users/taylor/arm-cs-tools/lib/gcc/arm-none-eabi/4.7.3/thumb2/libgcc.a(pr-support.o)
                                                  /Users/taylor/arm-cs-tools/lib/gcc/arm-none-eabi/4.7.3/thumb2/libgcc.a(unwind-arm.o)
__gnu_unwind_frame                                /Users/taylor/arm-cs-tools/lib/gcc/arm-none-eabi/4.7.3/thumb2/libgcc.a(pr-support.o)
__init_array_end                                  /Users/taylor/arm-cs-tools/arm-none-eabi/lib/thumb2/libc.a(lib_a-init.o)
__init_array_start                                /Users/taylor/arm-cs-tools/arm-none-eabi/lib/thumb2/libc.a(lib_a-init.o)
__libc_init_array                                 /Users/taylor/arm-cs-tools/arm-none-eabi/lib/thumb2/libc.a(lib_a-init.o)
                                                  ../../libvariant_sam3s_ek_gcc_dbg.a(variant.o)
                                                  ../../libsam_sam3s4c_gcc_dbg.a(startup_sam3s.o)
__locale_charset                                  /Users/taylor/arm-cs-tools/arm-none-eabi/lib/thumb2/libc.a(lib_a-locale.o)
                                                  /Users/taylor/arm-cs-tools/arm-none-eabi/lib/thumb2/libc.a(lib_a-wctomb_r.o)
                                                  /Users/taylor/arm-cs-tools/arm-none-eabi/lib/thumb2/libc.a(lib_a-wcrtomb.o)
__locale_cjk_lang                                 /Users/taylor/arm-cs-tools/arm-none-eabi/lib/thumb2/libc.a(lib_a-locale.o)
__locale_mb_cur_max                               /Users/taylor/arm-cs-tools/arm-none-eabi/lib/thumb2/libc.a(lib_a-locale.o)
                                                  /Users/taylor/arm-cs-tools/arm-none-eabi/lib/thumb2/libc.a(lib_a-fputwc.o)
__locale_msgcharset                               /Users/taylor/arm-cs-tools/arm-none-eabi/lib/thumb2/libc.a(lib_a-locale.o)
__malloc_av_                                      /Users/taylor/arm-cs-tools/arm-none-eabi/lib/thumb2/libc.a(lib_a-mallocr.o)
                                                  /Users/taylor/arm-cs-tools/arm-none-eabi/lib/thumb2/libc.a(lib_a-reallocr.o)
                                                  /Users/taylor/arm-cs-tools/arm-none-eabi/lib/thumb2/libc.a(lib_a-freer.o)
__malloc_current_mallinfo                         /Users/taylor/arm-cs-tools/arm-none-eabi/lib/thumb2/libc.a(lib_a-mallocr.o)
                                                  /Users/taylor/arm-cs-tools/arm-none-eabi/lib/thumb2/libc.a(lib_a-freer.o)
__malloc_lock                                     /Users/taylor/arm-cs-tools/arm-none-eabi/lib/thumb2/libc.a(lib_a-mlock.o)
                                                  /Users/taylor/arm-cs-tools/arm-none-eabi/lib/thumb2/libc.a(lib_a-reallocr.o)
                                                  /Users/taylor/arm-cs-tools/arm-none-eabi/lib/thumb2/libc.a(lib_a-freer.o)
                                                  /Users/taylor/arm-cs-tools/arm-none-eabi/lib/thumb2/libc.a(lib_a-mallocr.o)
__malloc_max_sbrked_mem                           /Users/taylor/arm-cs-tools/arm-none-eabi/lib/thumb2/libc.a(lib_a-mallocr.o)
__malloc_max_total_mem                            /Users/taylor/arm-cs-tools/arm-none-eabi/lib/thumb2/libc.a(lib_a-mallocr.o)
__malloc_sbrk_base                                /Users/taylor/arm-cs-tools/arm-none-eabi/lib/thumb2/libc.a(lib_a-mallocr.o)
                                                  /Users/taylor/arm-cs-tools/arm-none-eabi/lib/thumb2/libc.a(lib_a-freer.o)
__malloc_top_pad                                  /Users/taylor/arm-cs-tools/arm-none-eabi/lib/thumb2/libc.a(lib_a-mallocr.o)
                                                  /Users/taylor/arm-cs-tools/arm-none-eabi/lib/thumb2/libc.a(lib_a-freer.o)
__malloc_trim_threshold                           /Users/taylor/arm-cs-tools/arm-none-eabi/lib/thumb2/libc.a(lib_a-mallocr.o)
                                                  /Users/taylor/arm-cs-tools/arm-none-eabi/lib/thumb2/libc.a(lib_a-freer.o)
__malloc_unlock                                   /Users/taylor/arm-cs-tools/arm-none-eabi/lib/thumb2/libc.a(lib_a-mlock.o)
                                                  /Users/taylor/arm-cs-tools/arm-none-eabi/lib/thumb2/libc.a(lib_a-reallocr.o)
                                                  /Users/taylor/arm-cs-tools/arm-none-eabi/lib/thumb2/libc.a(lib_a-freer.o)
                                                  /Users/taylor/arm-cs-tools/arm-none-eabi/lib/thumb2/libc.a(lib_a-mallocr.o)
__mb_cur_max                                      /Users/taylor/arm-cs-tools/arm-none-eabi/lib/thumb2/libc.a(lib_a-locale.o)
__mlocale_changed                                 /Users/taylor/arm-cs-tools/arm-none-eabi/lib/thumb2/libc.a(lib_a-locale.o)
__nlocale_changed                                 /Users/taylor/arm-cs-tools/arm-none-eabi/lib/thumb2/libc.a(lib_a-locale.o)
__preinit_array_end                               /Users/taylor/arm-cs-tools/arm-none-eabi/lib/thumb2/libc.a(lib_a-init.o)
__preinit_array_start                             /Users/taylor/arm-cs-tools/arm-none-eabi/lib/thumb2/libc.a(lib_a-init.o)
__register_frame_info                             /Users/taylor/arm-cs-tools/lib/gcc/arm-none-eabi/4.7.3/thumb2/crtbegin.o
__restore_core_regs                               /Users/taylor/arm-cs-tools/lib/gcc/arm-none-eabi/4.7.3/thumb2/libgcc.a(libunwind.o)
__sclose                                          /Users/taylor/arm-cs-tools/arm-none-eabi/lib/thumb2/libc.a(lib_a-stdio.o)
                                                  /Users/taylor/arm-cs-tools/arm-none-eabi/lib/thumb2/libc.a(lib_a-findfp.o)
__seofread                                        /Users/taylor/arm-cs-tools/arm-none-eabi/lib/thumb2/libc.a(lib_a-stdio.o)
__sf_fake_stderr                                  /Users/taylor/arm-cs-tools/arm-none-eabi/lib/thumb2/libc.a(lib_a-findfp.o)
                                                  /Users/taylor/arm-cs-tools/arm-none-eabi/lib/thumb2/libc.a(lib_a-fclose.o)
                                                  /Users/taylor/arm-cs-tools/arm-none-eabi/lib/thumb2/libc.a(lib_a-wbuf.o)
                                                  /Users/taylor/arm-cs-tools/arm-none-eabi/lib/thumb2/libc.a(lib_a-fputwc.o)
                                                  /Users/taylor/arm-cs-tools/arm-none-eabi/lib/thumb2/libc.a(lib_a-fflush.o)
                                                  /Users/taylor/arm-cs-tools/arm-none-eabi/lib/thumb2/libc.a(lib_a-wsetup.o)
                                                  /Users/taylor/arm-cs-tools/arm-none-eabi/lib/thumb2/libc.a(lib_a-vfiprintf.o)
                                                  /Users/taylor/arm-cs-tools/arm-none-eabi/lib/thumb2/libc.a(lib_a-impure.o)
__sf_fake_stdin                                   /Users/taylor/arm-cs-tools/arm-none-eabi/lib/thumb2/libc.a(lib_a-findfp.o)
                                                  /Users/taylor/arm-cs-tools/arm-none-eabi/lib/thumb2/libc.a(lib_a-fclose.o)
                                                  /Users/taylor/arm-cs-tools/arm-none-eabi/lib/thumb2/libc.a(lib_a-wbuf.o)
                                                  /Users/taylor/arm-cs-tools/arm-none-eabi/lib/thumb2/libc.a(lib_a-fputwc.o)
                                                  /Users/taylor/arm-cs-tools/arm-none-eabi/lib/thumb2/libc.a(lib_a-fflush.o)
                                                  /Users/taylor/arm-cs-tools/arm-none-eabi/lib/thumb2/libc.a(lib_a-wsetup.o)
                                                  /Users/taylor/arm-cs-tools/arm-none-eabi/lib/thumb2/libc.a(lib_a-vfiprintf.o)
                                                  /Users/taylor/arm-cs-tools/arm-none-eabi/lib/thumb2/libc.a(lib_a-impure.o)
__sf_fake_stdout                                  /Users/taylor/arm-cs-tools/arm-none-eabi/lib/thumb2/libc.a(lib_a-findfp.o)
                                                  /Users/taylor/arm-cs-tools/arm-none-eabi/lib/thumb2/libc.a(lib_a-fclose.o)
                                                  /Users/taylor/arm-cs-tools/arm-none-eabi/lib/thumb2/libc.a(lib_a-wbuf.o)
                                                  /Users/taylor/arm-cs-tools/arm-none-eabi/lib/thumb2/libc.a(lib_a-fputwc.o)
                                                  /Users/taylor/arm-cs-tools/arm-none-eabi/lib/thumb2/libc.a(lib_a-fflush.o)
                                                  /Users/taylor/arm-cs-tools/arm-none-eabi/lib/thumb2/libc.a(lib_a-wsetup.o)
                                                  /Users/taylor/arm-cs-tools/arm-none-eabi/lib/thumb2/libc.a(lib_a-vfiprintf.o)
                                                  /Users/taylor/arm-cs-tools/arm-none-eabi/lib/thumb2/libc.a(lib_a-impure.o)
__sfmoreglue                                      /Users/taylor/arm-cs-tools/arm-none-eabi/lib/thumb2/libc.a(lib_a-findfp.o)
__sfp                                             /Users/taylor/arm-cs-tools/arm-none-eabi/lib/thumb2/libc.a(lib_a-findfp.o)
__sfp_lock_acquire                                /Users/taylor/arm-cs-tools/arm-none-eabi/lib/thumb2/libc.a(lib_a-findfp.o)
                                                  /Users/taylor/arm-cs-tools/arm-none-eabi/lib/thumb2/libc.a(lib_a-fclose.o)
                                                  /Users/taylor/arm-cs-tools/arm-none-eabi/lib/thumb2/libc.a(lib_a-fwalk.o)
__sfp_lock_release                                /Users/taylor/arm-cs-tools/arm-none-eabi/lib/thumb2/libc.a(lib_a-findfp.o)
                                                  /Users/taylor/arm-cs-tools/arm-none-eabi/lib/thumb2/libc.a(lib_a-fclose.o)
                                                  /Users/taylor/arm-cs-tools/arm-none-eabi/lib/thumb2/libc.a(lib_a-fwalk.o)
__sfvwrite_r                                      /Users/taylor/arm-cs-tools/arm-none-eabi/lib/thumb2/libc.a(lib_a-fvwrite.o)
                                                  /Users/taylor/arm-cs-tools/arm-none-eabi/lib/thumb2/libc.a(lib_a-vfiprintf.o)
__sigtramp                                        /Users/taylor/arm-cs-tools/arm-none-eabi/lib/thumb2/libc.a(lib_a-signal.o)
__sigtramp_r                                      /Users/taylor/arm-cs-tools/arm-none-eabi/lib/thumb2/libc.a(lib_a-signal.o)
__sinit                                           /Users/taylor/arm-cs-tools/arm-none-eabi/lib/thumb2/libc.a(lib_a-findfp.o)
                                                  /Users/taylor/arm-cs-tools/arm-none-eabi/lib/thumb2/libc.a(lib_a-fclose.o)
                                                  /Users/taylor/arm-cs-tools/arm-none-eabi/lib/thumb2/libc.a(lib_a-wbuf.o)
                                                  /Users/taylor/arm-cs-tools/arm-none-eabi/lib/thumb2/libc.a(lib_a-fputwc.o)
                                                  /Users/taylor/arm-cs-tools/arm-none-eabi/lib/thumb2/libc.a(lib_a-fflush.o)
                                                  /Users/taylor/arm-cs-tools/arm-none-eabi/lib/thumb2/libc.a(lib_a-wsetup.o)
                                                  /Users/taylor/arm-cs-tools/arm-none-eabi/lib/thumb2/libc.a(lib_a-vfiprintf.o)
                                                  /Users/taylor/arm-cs-tools/arm-none-eabi/lib/thumb2/libc.a(lib_a-iprintf.o)
__sinit_lock_acquire                              /Users/taylor/arm-cs-tools/arm-none-eabi/lib/thumb2/libc.a(lib_a-findfp.o)
__sinit_lock_release                              /Users/taylor/arm-cs-tools/arm-none-eabi/lib/thumb2/libc.a(lib_a-findfp.o)
__smakebuf_r                                      /Users/taylor/arm-cs-tools/arm-none-eabi/lib/thumb2/libc.a(lib_a-makebuf.o)
                                                  /Users/taylor/arm-cs-tools/arm-none-eabi/lib/thumb2/libc.a(lib_a-wsetup.o)
__sprint_r                                        /Users/taylor/arm-cs-tools/arm-none-eabi/lib/thumb2/libc.a(lib_a-vfiprintf.o)
__sread                                           /Users/taylor/arm-cs-tools/arm-none-eabi/lib/thumb2/libc.a(lib_a-stdio.o)
                                                  /Users/taylor/arm-cs-tools/arm-none-eabi/lib/thumb2/libc.a(lib_a-findfp.o)
__sseek                                           /Users/taylor/arm-cs-tools/arm-none-eabi/lib/thumb2/libc.a(lib_a-stdio.o)
                                                  /Users/taylor/arm-cs-tools/arm-none-eabi/lib/thumb2/libc.a(lib_a-makebuf.o)
                                                  /Users/taylor/arm-cs-tools/arm-none-eabi/lib/thumb2/libc.a(lib_a-findfp.o)
__swbuf                                           /Users/taylor/arm-cs-tools/arm-none-eabi/lib/thumb2/libc.a(lib_a-wbuf.o)
__swbuf_r                                         /Users/taylor/arm-cs-tools/arm-none-eabi/lib/thumb2/libc.a(lib_a-wbuf.o)
                                                  /Users/taylor/arm-cs-tools/arm-none-eabi/lib/thumb2/libc.a(lib_a-fputwc.o)
__swrite                                          /Users/taylor/arm-cs-tools/arm-none-eabi/lib/thumb2/libc.a(lib_a-stdio.o)
                                                  /Users/taylor/arm-cs-tools/arm-none-eabi/lib/thumb2/libc.a(lib_a-findfp.o)
__swsetup_r                                       /Users/taylor/arm-cs-tools/arm-none-eabi/lib/thumb2/libc.a(lib_a-wsetup.o)
                                                  /Users/taylor/arm-cs-tools/arm-none-eabi/lib/thumb2/libc.a(lib_a-wbuf.o)
                                                  /Users/taylor/arm-cs-tools/arm-none-eabi/lib/thumb2/libc.a(lib_a-fvwrite.o)
                                                  /Users/taylor/arm-cs-tools/arm-none-eabi/lib/thumb2/libc.a(lib_a-vfiprintf.o)
__udivdi3                                         /Users/taylor/arm-cs-tools/lib/gcc/arm-none-eabi/4.7.3/thumb2/libgcc.a(_udivdi3.o)
                                                  /Users/taylor/arm-cs-tools/lib/gcc/arm-none-eabi/4.7.3/thumb2/libgcc.a(bpabi.o)
__udivsi3                                         /Users/taylor/arm-cs-tools/lib/gcc/arm-none-eabi/4.7.3/thumb2/libgcc.a(_udivsi3.o)
__wctomb                                          /Users/taylor/arm-cs-tools/arm-none-eabi/lib/thumb2/libc.a(lib_a-wctomb_r.o)
                                                  /Users/taylor/arm-cs-tools/arm-none-eabi/lib/thumb2/libc.a(lib_a-wcrtomb.o)
_cleanup                                          /Users/taylor/arm-cs-tools/arm-none-eabi/lib/thumb2/libc.a(lib_a-findfp.o)
_cleanup_r                                        /Users/taylor/arm-cs-tools/arm-none-eabi/lib/thumb2/libc.a(lib_a-findfp.o)
                                                  /Users/taylor/arm-cs-tools/arm-none-eabi/lib/thumb2/libc.a(lib_a-makebuf.o)
_close                                            ../../libarduino_sam3s_ek_gcc_dbg.a(syscalls_sam3.o)
                                                  /Users/taylor/arm-cs-tools/arm-none-eabi/lib/thumb2/libc.a(lib_a-closer.o)
_close_r                                          /Users/taylor/arm-cs-tools/arm-none-eabi/lib/thumb2/libc.a(lib_a-closer.o)
                                                  /Users/taylor/arm-cs-tools/arm-none-eabi/lib/thumb2/libc.a(lib_a-stdio.o)
_end                                              ../../libarduino_sam3s_ek_gcc_dbg.a(syscalls_sam3.o)
_erelocate                                        ../../libsam_sam3s4c_gcc_dbg.a(startup_sam3s.o)
_estack                                           ../../libsam_sam3s4c_gcc_dbg.a(startup_sam3s.o)
_etext                                            ../../libsam_sam3s4c_gcc_dbg.a(startup_sam3s.o)
_exit                                             ../../libarduino_sam3s_ek_gcc_dbg.a(syscalls_sam3.o)
                                                  /Users/taylor/arm-cs-tools/arm-none-eabi/lib/thumb2/libc.a(lib_a-abort.o)
_ezero                                            ../../libsam_sam3s4c_gcc_dbg.a(startup_sam3s.o)
_fclose_r                                         /Users/taylor/arm-cs-tools/arm-none-eabi/lib/thumb2/libc.a(lib_a-fclose.o)
_fflush_r                                         /Users/taylor/arm-cs-tools/arm-none-eabi/lib/thumb2/libc.a(lib_a-fflush.o)
                                                  /Users/taylor/arm-cs-tools/arm-none-eabi/lib/thumb2/libc.a(lib_a-fclose.o)
                                                  /Users/taylor/arm-cs-tools/arm-none-eabi/lib/thumb2/libc.a(lib_a-wbuf.o)
                                                  /Users/taylor/arm-cs-tools/arm-none-eabi/lib/thumb2/libc.a(lib_a-fvwrite.o)
                                                  /Users/taylor/arm-cs-tools/arm-none-eabi/lib/thumb2/libc.a(lib_a-vfiprintf.o)
_fini                                             /Users/taylor/arm-cs-tools/lib/gcc/arm-none-eabi/4.7.3/thumb2/crti.o
_fputwc_r                                         /Users/taylor/arm-cs-tools/arm-none-eabi/lib/thumb2/libc.a(lib_a-fputwc.o)
                                                  /Users/taylor/arm-cs-tools/arm-none-eabi/lib/thumb2/libc.a(lib_a-vfiprintf.o)
_free_r                                           /Users/taylor/arm-cs-tools/arm-none-eabi/lib/thumb2/libc.a(lib_a-freer.o)
                                                  /Users/taylor/arm-cs-tools/arm-none-eabi/lib/thumb2/libc.a(lib_a-fclose.o)
                                                  /Users/taylor/arm-cs-tools/arm-none-eabi/lib/thumb2/libc.a(lib_a-reallocr.o)
                                                  /Users/taylor/arm-cs-tools/arm-none-eabi/lib/thumb2/libc.a(lib_a-fvwrite.o)
                                                  /Users/taylor/arm-cs-tools/arm-none-eabi/lib/thumb2/libc.a(lib_a-fflush.o)
                                                  /Users/taylor/arm-cs-tools/arm-none-eabi/lib/thumb2/libc.a(lib_a-wsetup.o)
                                                  /Users/taylor/arm-cs-tools/arm-none-eabi/lib/thumb2/libc.a(lib_a-reent.o)
                                                  /Users/taylor/arm-cs-tools/arm-none-eabi/lib/thumb2/libc.a(lib_a-mallocr.o)
_fstat                                            ../../libarduino_sam3s_ek_gcc_dbg.a(syscalls_sam3.o)
                                                  /Users/taylor/arm-cs-tools/arm-none-eabi/lib/thumb2/libc.a(lib_a-fstatr.o)
_fstat_r                                          /Users/taylor/arm-cs-tools/arm-none-eabi/lib/thumb2/libc.a(lib_a-fstatr.o)
                                                  /Users/taylor/arm-cs-tools/arm-none-eabi/lib/thumb2/libc.a(lib_a-makebuf.o)
_fwalk                                            /Users/taylor/arm-cs-tools/arm-none-eabi/lib/thumb2/libc.a(lib_a-fwalk.o)
                                                  /Users/taylor/arm-cs-tools/arm-none-eabi/lib/thumb2/libc.a(lib_a-findfp.o)
_fwalk_reent                                      /Users/taylor/arm-cs-tools/arm-none-eabi/lib/thumb2/libc.a(lib_a-fwalk.o)
                                                  /Users/taylor/arm-cs-tools/arm-none-eabi/lib/thumb2/libc.a(lib_a-fflush.o)
_getpid                                           ../../libarduino_sam3s_ek_gcc_dbg.a(syscalls_sam3.o)
                                                  /Users/taylor/arm-cs-tools/arm-none-eabi/lib/thumb2/libc.a(lib_a-signalr.o)
_getpid_r                                         /Users/taylor/arm-cs-tools/arm-none-eabi/lib/thumb2/libc.a(lib_a-signalr.o)
                                                  /Users/taylor/arm-cs-tools/arm-none-eabi/lib/thumb2/libc.a(lib_a-signal.o)
_global_impure_ptr                                /Users/taylor/arm-cs-tools/arm-none-eabi/lib/thumb2/libc.a(lib_a-impure.o)
                                                  /Users/taylor/arm-cs-tools/arm-none-eabi/lib/thumb2/libc.a(lib_a-findfp.o)
                                                  /Users/taylor/arm-cs-tools/arm-none-eabi/lib/thumb2/libc.a(lib_a-fflush.o)
_impure_ptr                                       /Users/taylor/arm-cs-tools/arm-none-eabi/lib/thumb2/libc.a(lib_a-impure.o)
                                                  /Users/taylor/arm-cs-tools/arm-none-eabi/lib/thumb2/libc.a(lib_a-fclose.o)
                                                  /Users/taylor/arm-cs-tools/arm-none-eabi/lib/thumb2/libc.a(lib_a-wcrtomb.o)
                                                  /Users/taylor/arm-cs-tools/arm-none-eabi/lib/thumb2/libc.a(lib_a-wbuf.o)
                                                  /Users/taylor/arm-cs-tools/arm-none-eabi/lib/thumb2/libc.a(lib_a-locale.o)
                                                  /Users/taylor/arm-cs-tools/arm-none-eabi/lib/thumb2/libc.a(lib_a-fputwc.o)
                                                  /Users/taylor/arm-cs-tools/arm-none-eabi/lib/thumb2/libc.a(lib_a-findfp.o)
                                                  /Users/taylor/arm-cs-tools/arm-none-eabi/lib/thumb2/libc.a(lib_a-fflush.o)
                                                  /Users/taylor/arm-cs-tools/arm-none-eabi/lib/thumb2/libc.a(lib_a-wsetup.o)
                                                  /Users/taylor/arm-cs-tools/arm-none-eabi/lib/thumb2/libc.a(lib_a-vfiprintf.o)
                                                  /Users/taylor/arm-cs-tools/arm-none-eabi/lib/thumb2/libc.a(lib_a-iprintf.o)
                                                  /Users/taylor/arm-cs-tools/arm-none-eabi/lib/thumb2/libc.a(lib_a-reent.o)
                                                  /Users/taylor/arm-cs-tools/arm-none-eabi/lib/thumb2/libc.a(lib_a-signal.o)
_init                                             /Users/taylor/arm-cs-tools/lib/gcc/arm-none-eabi/4.7.3/thumb2/crti.o
                                                  /Users/taylor/arm-cs-tools/arm-none-eabi/lib/thumb2/libc.a(lib_a-init.o)
_init_signal                                      /Users/taylor/arm-cs-tools/arm-none-eabi/lib/thumb2/libc.a(lib_a-signal.o)
_init_signal_r                                    /Users/taylor/arm-cs-tools/arm-none-eabi/lib/thumb2/libc.a(lib_a-signal.o)
_iprintf_r                                        /Users/taylor/arm-cs-tools/arm-none-eabi/lib/thumb2/libc.a(lib_a-iprintf.o)
_isatty                                           ../../libarduino_sam3s_ek_gcc_dbg.a(syscalls_sam3.o)
                                                  /Users/taylor/arm-cs-tools/arm-none-eabi/lib/thumb2/libc.a(lib_a-isattyr.o)
_isatty_r                                         /Users/taylor/arm-cs-tools/arm-none-eabi/lib/thumb2/libc.a(lib_a-isattyr.o)
                                                  /Users/taylor/arm-cs-tools/arm-none-eabi/lib/thumb2/libc.a(lib_a-makebuf.o)
_kill                                             ../../libarduino_sam3s_ek_gcc_dbg.a(syscalls_sam3.o)
                                                  /Users/taylor/arm-cs-tools/arm-none-eabi/lib/thumb2/libc.a(lib_a-signalr.o)
_kill_r                                           /Users/taylor/arm-cs-tools/arm-none-eabi/lib/thumb2/libc.a(lib_a-signalr.o)
                                                  /Users/taylor/arm-cs-tools/arm-none-eabi/lib/thumb2/libc.a(lib_a-signal.o)
_localeconv_r                                     /Users/taylor/arm-cs-tools/arm-none-eabi/lib/thumb2/libc.a(lib_a-locale.o)
_lseek                                            ../../libarduino_sam3s_ek_gcc_dbg.a(syscalls_sam3.o)
                                                  /Users/taylor/arm-cs-tools/arm-none-eabi/lib/thumb2/libc.a(lib_a-lseekr.o)
_lseek_r                                          /Users/taylor/arm-cs-tools/arm-none-eabi/lib/thumb2/libc.a(lib_a-lseekr.o)
                                                  /Users/taylor/arm-cs-tools/arm-none-eabi/lib/thumb2/libc.a(lib_a-stdio.o)
_malloc_r                                         /Users/taylor/arm-cs-tools/arm-none-eabi/lib/thumb2/libc.a(lib_a-mallocr.o)
                                                  /Users/taylor/arm-cs-tools/arm-none-eabi/lib/thumb2/libc.a(lib_a-reallocr.o)
                                                  /Users/taylor/arm-cs-tools/arm-none-eabi/lib/thumb2/libc.a(lib_a-makebuf.o)
                                                  /Users/taylor/arm-cs-tools/arm-none-eabi/lib/thumb2/libc.a(lib_a-fvwrite.o)
                                                  /Users/taylor/arm-cs-tools/arm-none-eabi/lib/thumb2/libc.a(lib_a-findfp.o)
                                                  /Users/taylor/arm-cs-tools/arm-none-eabi/lib/thumb2/libc.a(lib_a-signal.o)
_malloc_trim_r                                    /Users/taylor/arm-cs-tools/arm-none-eabi/lib/thumb2/libc.a(lib_a-freer.o)
_raise_r                                          /Users/taylor/arm-cs-tools/arm-none-eabi/lib/thumb2/libc.a(lib_a-signal.o)
_read                                             ../../libarduino_sam3s_ek_gcc_dbg.a(syscalls_sam3.o)