Archive member included because of file (symbol)

/Users/taylor/arm-cs-tools/lib/gcc/arm-none-eabi/4.7.3/thumb2/libgcc.a(unwind-arm.o)
                              debug_sam3s_ek/test.o (__aeabi_unwind_cpp_pr0)
/Users/taylor/arm-cs-tools/lib/gcc/arm-none-eabi/4.7.3/thumb2/libgcc.a(libunwind.o)
                              /Users/taylor/arm-cs-tools/lib/gcc/arm-none-eabi/4.7.3/thumb2/libgcc.a(unwind-arm.o) (restore_core_regs)
/Users/taylor/arm-cs-tools/lib/gcc/arm-none-eabi/4.7.3/thumb2/libgcc.a(pr-support.o)
                              /Users/taylor/arm-cs-tools/lib/gcc/arm-none-eabi/4.7.3/thumb2/libgcc.a(unwind-arm.o) (__gnu_unwind_execute)
/Users/taylor/arm-cs-tools/arm-none-eabi/lib/thumb2/libc.a(lib_a-abort.o)
                              /Users/taylor/arm-cs-tools/lib/gcc/arm-none-eabi/4.7.3/thumb2/libgcc.a(unwind-arm.o) (abort)
/Users/taylor/arm-cs-tools/arm-none-eabi/lib/thumb2/libc.a(lib_a-memcpy.o)
                              /Users/taylor/arm-cs-tools/lib/gcc/arm-none-eabi/4.7.3/thumb2/libgcc.a(unwind-arm.o) (memcpy)
/Users/taylor/arm-cs-tools/arm-none-eabi/lib/thumb2/libc.a(lib_a-signal.o)
                              /Users/taylor/arm-cs-tools/arm-none-eabi/lib/thumb2/libc.a(lib_a-abort.o) (raise)
/Users/taylor/arm-cs-tools/arm-none-eabi/lib/thumb2/libc.a(lib_a-signalr.o)
                              /Users/taylor/arm-cs-tools/arm-none-eabi/lib/thumb2/libc.a(lib_a-signal.o) (_kill_r)
/Users/taylor/arm-cs-tools/arm-none-eabi/lib/thumb2/libc.a(lib_a-impure.o)
                              /Users/taylor/arm-cs-tools/arm-none-eabi/lib/thumb2/libc.a(lib_a-signal.o) (_impure_ptr)
/Users/taylor/arm-cs-tools/arm-none-eabi/lib/thumb2/libc.a(lib_a-mallocr.o)
                              /Users/taylor/arm-cs-tools/arm-none-eabi/lib/thumb2/libc.a(lib_a-signal.o) (_malloc_r)
/Users/taylor/arm-cs-tools/arm-none-eabi/lib/thumb2/libc.a(lib_a-mlock.o)
                              /Users/taylor/arm-cs-tools/arm-none-eabi/lib/thumb2/libc.a(lib_a-mallocr.o) (__malloc_lock)
/Users/taylor/arm-cs-tools/arm-none-eabi/lib/thumb2/libc.a(lib_a-reent.o)
                              /Users/taylor/arm-cs-tools/arm-none-eabi/lib/thumb2/libc.a(lib_a-signalr.o) (errno)
/Users/taylor/arm-cs-tools/arm-none-eabi/lib/thumb2/libc.a(lib_a-sbrkr.o)
                              /Users/taylor/arm-cs-tools/arm-none-eabi/lib/thumb2/libc.a(lib_a-mallocr.o) (_sbrk_r)
/Users/taylor/arm-cs-tools/arm-none-eabi/lib/thumb2/libc.a(lib_a-freer.o)
                              /Users/taylor/arm-cs-tools/arm-none-eabi/lib/thumb2/libc.a(lib_a-mallocr.o) (_free_r)
../../libsam_sam3s4c_gcc_dbg.a(startup_sam3s.o)
                              (Reset_Handler)
../../libarduino_sam3s_ek_gcc_dbg.a(syscalls_sam3.o)
                              /Users/taylor/arm-cs-tools/arm-none-eabi/lib/thumb2/libc.a(lib_a-sbrkr.o) (_sbrk)
../../libarduino_sam3s_ek_gcc_dbg.a(wiring.o)
                              debug_sam3s_ek/test.o (delay)
../../libarduino_sam3s_ek_gcc_dbg.a(wiring_digital.o)
                              debug_sam3s_ek/test.o (pinMode)
../../libarduino_sam3s_ek_gcc_dbg.a(main.o)
                              ../../libsam_sam3s4c_gcc_dbg.a(startup_sam3s.o) (main)
../../libarduino_sam3s_ek_gcc_dbg.a(hooks.o)
                              ../../libarduino_sam3s_ek_gcc_dbg.a(wiring.o) (yield)
../../libvariant_sam3s_ek_gcc_dbg.a(variant.o)
                              ../../libarduino_sam3s_ek_gcc_dbg.a(wiring_digital.o) (g_APinDescription)
/Users/taylor/arm-cs-tools/arm-none-eabi/lib/thumb2/libc.a(lib_a-init.o)
                              ../../libsam_sam3s4c_gcc_dbg.a(startup_sam3s.o) (__libc_init_array)
/Users/taylor/arm-cs-tools/arm-none-eabi/lib/thumb2/libc.a(lib_a-iprintf.o)
                              ../../libarduino_sam3s_ek_gcc_dbg.a(syscalls_sam3.o) (iprintf)
/Users/taylor/arm-cs-tools/arm-none-eabi/lib/thumb2/libc.a(lib_a-vfiprintf.o)
                              /Users/taylor/arm-cs-tools/arm-none-eabi/lib/thumb2/libc.a(lib_a-iprintf.o) (_vfiprintf_r)
/Users/taylor/arm-cs-tools/arm-none-eabi/lib/thumb2/libc.a(lib_a-wsetup.o)
                              /Users/taylor/arm-cs-tools/arm-none-eabi/lib/thumb2/libc.a(lib_a-vfiprintf.o) (__swsetup_r)
/Users/taylor/arm-cs-tools/arm-none-eabi/lib/thumb2/libc.a(lib_a-fflush.o)
                              /Users/taylor/arm-cs-tools/arm-none-eabi/lib/thumb2/libc.a(lib_a-vfiprintf.o) (_fflush_r)
/Users/taylor/arm-cs-tools/arm-none-eabi/lib/thumb2/libc.a(lib_a-findfp.o)
                              /Users/taylor/arm-cs-tools/arm-none-eabi/lib/thumb2/libc.a(lib_a-iprintf.o) (__sinit)
/Users/taylor/arm-cs-tools/arm-none-eabi/lib/thumb2/libc.a(lib_a-fputwc.o)
                              /Users/taylor/arm-cs-tools/arm-none-eabi/lib/thumb2/libc.a(lib_a-vfiprintf.o) (_fputwc_r)
/Users/taylor/arm-cs-tools/arm-none-eabi/lib/thumb2/libc.a(lib_a-fvwrite.o)
                              /Users/taylor/arm-cs-tools/arm-none-eabi/lib/thumb2/libc.a(lib_a-vfiprintf.o) (__sfvwrite_r)
[...]
Memory Configuration

Name             Origin             Length             Attributes
rom              0x0000000000080000 0x0000000000080000 xr
sram0            0x0000000020000000 0x0000000000010000 xrw
sram1            0x0000000020080000 0x0000000000008000 xrw
ram              0x0000000020070000 0x0000000000018000 xrw
*default*        0x0000000000000000 0xffffffffffffffff

Linker script and memory map

LOAD /Users/taylor/arm-cs-tools/lib/gcc/arm-none-eabi/4.7.3/thumb2/crti.o
LOAD /Users/taylor/arm-cs-tools/lib/gcc/arm-none-eabi/4.7.3/thumb2/crtbegin.o
LOAD debug_sam3s_ek/test.o
START GROUP
LOAD /Users/taylor/arm-cs-tools/lib/gcc/arm-none-eabi/4.7.3/thumb2/libgcc.a
LOAD /Users/taylor/arm-cs-tools/arm-none-eabi/lib/thumb2/libc.a
LOAD /Users/taylor/arm-cs-tools/arm-none-eabi/lib/thumb2/libstdc++.a
LOAD ../../libsam_sam3s4c_gcc_dbg.a
LOAD ../../libarduino_sam3s_ek_gcc_dbg.a
LOAD ../../libvariant_sam3s_ek_gcc_dbg.a
END GROUP
START GROUP
LOAD /Users/taylor/arm-cs-tools/lib/gcc/arm-none-eabi/4.7.3/thumb2/libgcc.a
LOAD /Users/taylor/arm-cs-tools/arm-none-eabi/lib/thumb2/libc.a
END GROUP
LOAD /Users/taylor/arm-cs-tools/lib/gcc/arm-none-eabi/4.7.3/thumb2/crtend.o
LOAD /Users/taylor/arm-cs-tools/lib/gcc/arm-none-eabi/4.7.3/thumb2/crtn.o

.text           0x0000000000080000     0xfbcc
                0x0000000000080000                . = ALIGN (0x4)
                0x0000000000080000                _sfixed = .
 *(.vectors .vectors.*)
 .vectors       0x0000000000080000       0xcc ../../libsam_sam3s4c_gcc_dbg.a(startup_sam3s.o)
                0x0000000000080000                exception_table
 *(.text .text.* .gnu.linkonce.t.*)
 .text          0x00000000000800cc       0xc8 /Users/taylor/arm-cs-tools/lib/gcc/arm-none-eabi/4.7.3/thumb2/crtbegin.o
 .text.setup    0x0000000000080194       0x40 debug_sam3s_ek/test.o
                0x0000000000080194                setup
 .text._ZL9led_step1v
                0x00000000000801d4        0xc debug_sam3s_ek/test.o
 .text._ZL9led_step2v
                0x00000000000801e0        0xc debug_sam3s_ek/test.o
 .text.loop     0x00000000000801ec       0x2c debug_sam3s_ek/test.o
                0x00000000000801ec                loop
 .text          0x0000000000080218      0xa34 /Users/taylor/arm-cs-tools/lib/gcc/arm-none-eabi/4.7.3/thumb2/libgcc.a(unwind-arm.o)
                0x00000000000804f0                _Unwind_GetCFA
                0x00000000000804f4                __gnu_Unwind_RaiseException
                0x0000000000080554                __gnu_Unwind_ForcedUnwind
                0x000000000008056c                __gnu_Unwind_Resume
                0x00000000000805b0                __gnu_Unwind_Resume_or_Rethrow
                0x00000000000805c8                _Unwind_Complete
                0x00000000000805cc                _Unwind_DeleteException
                0x00000000000805dc                _Unwind_VRS_Get
                0x0000000000080624                _Unwind_VRS_Set
                0x0000000000080958                __aeabi_unwind_cpp_pr2
                0x0000000000080960                __aeabi_unwind_cpp_pr1
                0x0000000000080968                __aeabi_unwind_cpp_pr0
                0x0000000000080970                __gnu_Unwind_Backtrace
                0x00000000000809e0                _Unwind_VRS_Pop
 .text          0x0000000000080c4c      0x1ac /Users/taylor/arm-cs-tools/lib/gcc/arm-none-eabi/4.7.3/thumb2/libgcc.a(libunwind.o)
                0x0000000000080c4c                __restore_core_regs
                0x0000000000080c4c                restore_core_regs
                0x0000000000080c64                __gnu_Unwind_Restore_VFP
                0x0000000000080c6c                __gnu_Unwind_Save_VFP
                0x0000000000080c74                __gnu_Unwind_Restore_VFP_D
                0x0000000000080c7c                __gnu_Unwind_Save_VFP_D
                0x0000000000080c84                __gnu_Unwind_Restore_VFP_D_16_to_31
                0x0000000000080c8c                __gnu_Unwind_Save_VFP_D_16_to_31
                0x0000000000080c94                __gnu_Unwind_Restore_WMMXD
                0x0000000000080cd8                __gnu_Unwind_Save_WMMXD
                0x0000000000080d1c                __gnu_Unwind_Restore_WMMXC
                0x0000000000080d30                __gnu_Unwind_Save_WMMXC
                0x0000000000080d44                _Unwind_RaiseException
                0x0000000000080d44                ___Unwind_RaiseException
                0x0000000000080d68                ___Unwind_Resume
                0x0000000000080d68                _Unwind_Resume
                0x0000000000080d8c                ___Unwind_Resume_or_Rethrow
                0x0000000000080d8c                _Unwind_Resume_or_Rethrow
                0x0000000000080db0                _Unwind_ForcedUnwind
                0x0000000000080db0                ___Unwind_ForcedUnwind
                0x0000000000080dd4                _Unwind_Backtrace
                0x0000000000080dd4                ___Unwind_Backtrace
 .text          0x0000000000080df8      0x3a8 /Users/taylor/arm-cs-tools/lib/gcc/arm-none-eabi/4.7.3/thumb2/libgcc.a(pr-support.o)
                0x0000000000080e48                __gnu_unwind_execute
                0x0000000000081144                __gnu_unwind_frame
                0x0000000000081170                _Unwind_GetRegionStart
                0x000000000008117c                _Unwind_GetLanguageSpecificData
                0x0000000000081190                _Unwind_GetDataRelBase
                0x0000000000081198                _Unwind_GetTextRelBase
 .text.abort    0x00000000000811a0        0xe /Users/taylor/arm-cs-tools/arm-none-eabi/lib/thumb2/libc.a(lib_a-abort.o)
                0x00000000000811a0                abort
 .text.memcpy   0x00000000000811ae       0x16 /Users/taylor/arm-cs-tools/arm-none-eabi/lib/thumb2/libc.a(lib_a-memcpy.o)
                0x00000000000811ae                memcpy
 .text._raise_r
                0x00000000000811c4       0x50 /Users/taylor/arm-cs-tools/arm-none-eabi/lib/thumb2/libc.a(lib_a-signal.o)
                0x00000000000811c4                _raise_r
 .text.raise    0x0000000000081214       0x10 /Users/taylor/arm-cs-tools/arm-none-eabi/lib/thumb2/libc.a(lib_a-signal.o)
                0x0000000000081214                raise
 .text._kill_r  0x0000000000081224       0x24 /Users/taylor/arm-cs-tools/arm-none-eabi/lib/thumb2/libc.a(lib_a-signalr.o)
                0x0000000000081224                _kill_r
 .text._getpid_r
                0x0000000000081248        0x4 /Users/taylor/arm-cs-tools/arm-none-eabi/lib/thumb2/libc.a(lib_a-signalr.o)
                0x0000000000081248                _getpid_r
 .text._malloc_r
                0x000000000008124c      0x404 /Users/taylor/arm-cs-tools/arm-none-eabi/lib/thumb2/libc.a(lib_a-mallocr.o)
                0x000000000008124c                _malloc_r
 .text.__malloc_lock
                0x0000000000081650        0x2 /Users/taylor/arm-cs-tools/arm-none-eabi/lib/thumb2/libc.a(lib_a-mlock.o)
                0x0000000000081650                __malloc_lock
 .text.__malloc_unlock
                0x0000000000081652        0x2 /Users/taylor/arm-cs-tools/arm-none-eabi/lib/thumb2/libc.a(lib_a-mlock.o)
                0x0000000000081652                __malloc_unlock
 .text._sbrk_r  0x0000000000081654       0x20 /Users/taylor/arm-cs-tools/arm-none-eabi/lib/thumb2/libc.a(lib_a-sbrkr.o)
                0x0000000000081654                _sbrk_r
 .text._malloc_trim_r
                0x0000000000081674       0x9c /Users/taylor/arm-cs-tools/arm-none-eabi/lib/thumb2/libc.a(lib_a-freer.o)
                0x0000000000081674                _malloc_trim_r
 .text._free_r  0x0000000000081710      0x168 /Users/taylor/arm-cs-tools/arm-none-eabi/lib/thumb2/libc.a(lib_a-freer.o)
                0x0000000000081710                _free_r
 .text.Reset_Handler
                0x0000000000081878       0xb8 ../../libsam_sam3s4c_gcc_dbg.a(startup_sam3s.o)
                0x0000000000081878                Reset_Handler
 .text.Dummy_Handler
                0x0000000000081930        0x8 ../../libsam_sam3s4c_gcc_dbg.a(startup_sam3s.o)
                0x0000000000081930                TC5_Handler
                0x0000000000081930                DebugMon_Handler
                0x0000000000081930                HardFault_Handler
                0x0000000000081930                TC2_Handler
                0x0000000000081930                SPI_Handler
                0x0000000000081930                SysTick_Handler
                0x0000000000081930                TWI1_Handler
                0x0000000000081930                PendSV_Handler
                0x0000000000081930                NMI_Handler
                0x0000000000081930                ADC_Handler
                0x0000000000081930                SMC_Handler
                0x0000000000081930                CRCCU_Handler
                0x0000000000081930                RTT_Handler
                0x0000000000081930                PIOB_Handler
                0x0000000000081930                RTC_Handler
                0x0000000000081930                UsageFault_Handler
                0x0000000000081930                WDT_Handler
                0x0000000000081930                TC4_Handler
                0x0000000000081930                TC1_Handler
                0x0000000000081930                HSMCI_Handler
                0x0000000000081930                UART1_Handler
                0x0000000000081930                TC3_Handler
                0x0000000000081930                Dummy_Handler
                0x0000000000081930                TWI0_Handler
                0x0000000000081930                PIOA_Handler
                0x0000000000081930                SSC_Handler
                0x0000000000081930                ACC_Handler
                0x0000000000081930                PMC_Handler
                0x0000000000081930                PWM_Handler
                0x0000000000081930                MemManage_Handler
                0x0000000000081930                SUPC_Handler
                0x0000000000081930                SVC_Handler
                0x0000000000081930                EFC_Handler
                0x0000000000081930                UART0_Handler
                0x0000000000081930                PIOC_Handler
                0x0000000000081930                UDP_Handler
                0x0000000000081930                BusFault_Handler
                0x0000000000081930                RSTC_Handler
                0x0000000000081930                TC0_Handler
                0x0000000000081930                DACC_Handler
 .text._sbrk    0x0000000000081938       0x40 ../../libarduino_sam3s_ek_gcc_dbg.a(syscalls_sam3.o)
                0x0000000000081938                _sbrk
 .text._close   0x0000000000081978       0x18 ../../libarduino_sam3s_ek_gcc_dbg.a(syscalls_sam3.o)
                0x0000000000081978                _close
 .text._fstat   0x0000000000081990       0x24 ../../libarduino_sam3s_ek_gcc_dbg.a(syscalls_sam3.o)
                0x0000000000081990                _fstat
 .text._isatty  0x00000000000819b4       0x18 ../../libarduino_sam3s_ek_gcc_dbg.a(syscalls_sam3.o)
                0x00000000000819b4                _isatty
 .text._lseek   0x00000000000819cc       0x1c ../../libarduino_sam3s_ek_gcc_dbg.a(syscalls_sam3.o)
                0x00000000000819cc                _lseek
 .text._read    0x00000000000819e8       0x1c ../../libarduino_sam3s_ek_gcc_dbg.a(syscalls_sam3.o)
                0x00000000000819e8                _read
 .text._write   0x0000000000081a04       0x3c ../../libarduino_sam3s_ek_gcc_dbg.a(syscalls_sam3.o)
                0x0000000000081a04                _write
 .text._exit    0x0000000000081a40       0x1c ../../libarduino_sam3s_ek_gcc_dbg.a(syscalls_sam3.o)
                0x0000000000081a40                _exit
 .text._kill    0x0000000000081a5c       0x18 ../../libarduino_sam3s_ek_gcc_dbg.a(syscalls_sam3.o)
                0x0000000000081a5c                _kill
 .text._getpid  0x0000000000081a74       0x10 ../../libarduino_sam3s_ek_gcc_dbg.a(syscalls_sam3.o)
                0x0000000000081a74                _getpid
 .text.delay    0x0000000000081a84       0x38 ../../libarduino_sam3s_ek_gcc_dbg.a(wiring.o)
                0x0000000000081a84                delay
 .text.pinMode  0x0000000000081abc      0x1a0 ../../libarduino_sam3s_ek_gcc_dbg.a(wiring_digital.o)
                0x0000000000081abc                pinMode
 .text.digitalWrite
                0x0000000000081c5c       0xf4 ../../libarduino_sam3s_ek_gcc_dbg.a(wiring_digital.o)
                0x0000000000081c5c                digitalWrite
 .text.main     0x0000000000081d50       0x3c ../../libarduino_sam3s_ek_gcc_dbg.a(main.o)
                0x0000000000081d50                main
 .text.__empty  0x0000000000081d8c        0xc ../../libarduino_sam3s_ek_gcc_dbg.a(hooks.o)
                0x0000000000081d8c                yield
 .text.NVIC_SetPriority
                0x0000000000081d98       0x58 ../../libvariant_sam3s_ek_gcc_dbg.a(variant.o)
 .text.SysTick_Config
                0x0000000000081df0       0x58 ../../libvariant_sam3s_ek_gcc_dbg.a(variant.o)
 .text._Z11serialEventv
                0x0000000000081e48        0xc ../../libvariant_sam3s_ek_gcc_dbg.a(variant.o)
                0x0000000000081e48                serialEvent()
 .text._Z12serialEvent1v
                0x0000000000081e54        0xc ../../libvariant_sam3s_ek_gcc_dbg.a(variant.o)
                0x0000000000081e54                serialEvent1()
 .text._Z12serialEvent2v
                0x0000000000081e60        0xc ../../libvariant_sam3s_ek_gcc_dbg.a(variant.o)
                0x0000000000081e60                serialEvent2()
 .text.USART0_Handler
                0x0000000000081e6c       0x14 ../../libvariant_sam3s_ek_gcc_dbg.a(variant.o)
                0x0000000000081e6c                USART0_Handler
 .text.USART1_Handler
                0x0000000000081e80       0x14 ../../libvariant_sam3s_ek_gcc_dbg.a(variant.o)
                0x0000000000081e80                USART1_Handler
 .text._Z14serialEventRunv
                0x0000000000081e94       0x74 ../../libvariant_sam3s_ek_gcc_dbg.a(variant.o)
                0x0000000000081e94                serialEventRun()
 .text.init     0x0000000000081f08      0x204 ../../libvariant_sam3s_ek_gcc_dbg.a(variant.o)
                0x0000000000081f08                init
 .text._Z41__static_initialization_and_destruction_0ii
                0x000000000008210c       0x8c ../../libvariant_sam3s_ek_gcc_dbg.a(variant.o)
 .text._GLOBAL__sub_I_g_APinDescription
                0x0000000000082198       0x18 ../../libvariant_sam3s_ek_gcc_dbg.a(variant.o)
 .text.__libc_init_array
                0x00000000000821b0       0x4c /Users/taylor/arm-cs-tools/arm-none-eabi/lib/thumb2/libc.a(lib_a-init.o)
                0x00000000000821b0                __libc_init_array
 .text.iprintf  0x00000000000821fc       0x30 /Users/taylor/arm-cs-tools/arm-none-eabi/lib/thumb2/libc.a(lib_a-iprintf.o)
                0x00000000000821fc                iprintf
 .text.__sprint_r
                0x000000000008222c       0x6c /Users/taylor/arm-cs-tools/arm-none-eabi/lib/thumb2/libc.a(lib_a-vfiprintf.o)
                0x000000000008222c                __sprint_r
 .text._vfiprintf_r
                0x0000000000082298      0x920 /Users/taylor/arm-cs-tools/arm-none-eabi/lib/thumb2/libc.a(lib_a-vfiprintf.o)
                0x0000000000082298                _vfiprintf_r
 .text.__swsetup_r
                0x0000000000082bb8       0xec /Users/taylor/arm-cs-tools/arm-none-eabi/lib/thumb2/libc.a(lib_a-wsetup.o)
                0x0000000000082bb8                __swsetup_r
 .text._fflush_r
                0x0000000000082ca4      0x154 /Users/taylor/arm-cs-tools/arm-none-eabi/lib/thumb2/libc.a(lib_a-fflush.o)
                0x0000000000082ca4                _fflush_r
 .text._cleanup_r
                0x0000000000082df8        0xc /Users/taylor/arm-cs-tools/arm-none-eabi/lib/thumb2/libc.a(lib_a-findfp.o)
                0x0000000000082df8                _cleanup_r
 .text.std.isra.0
                0x0000000000082e04       0x54 /Users/taylor/arm-cs-tools/arm-none-eabi/lib/thumb2/libc.a(lib_a-findfp.o)
 .text.__sfmoreglue
                0x0000000000082e58       0x28 /Users/taylor/arm-cs-tools/arm-none-eabi/lib/thumb2/libc.a(lib_a-findfp.o)
                0x0000000000082e58                __sfmoreglue
 .text.__sinit  0x0000000000082e80       0x5c /Users/taylor/arm-cs-tools/arm-none-eabi/lib/thumb2/libc.a(lib_a-findfp.o)
                0x0000000000082e80                __sinit
 .text.__sfp    0x0000000000082edc       0x78 /Users/taylor/arm-cs-tools/arm-none-eabi/lib/thumb2/libc.a(lib_a-findfp.o)
                0x0000000000082edc                __sfp
 .text.__sfp_lock_acquire
                0x0000000000082f54        0x2 /Users/taylor/arm-cs-tools/arm-none-eabi/lib/thumb2/libc.a(lib_a-findfp.o)
                0x0000000000082f54                __sfp_lock_acquire
 .text.__sfp_lock_release
                0x0000000000082f56        0x2 /Users/taylor/arm-cs-tools/arm-none-eabi/lib/thumb2/libc.a(lib_a-findfp.o)
                0x0000000000082f56                __sfp_lock_release
 .text._fputwc_r
                0x0000000000082f58       0xbc /Users/taylor/arm-cs-tools/arm-none-eabi/lib/thumb2/libc.a(lib_a-fputwc.o)
                0x0000000000082f58                _fputwc_r
 .text.__sfvwrite_r
                0x0000000000083014      0x2b4 /Users/taylor/arm-cs-tools/arm-none-eabi/lib/thumb2/libc.a(lib_a-fvwrite.o)
                0x0000000000083014                __sfvwrite_r
 .text._fwalk   0x00000000000832c8       0x42 /Users/taylor/arm-cs-tools/arm-none-eabi/lib/thumb2/libc.a(lib_a-fwalk.o)
                0x00000000000832c8                _fwalk
 *fill*         0x000000000008330a        0x2 
 .text.__locale_charset
                0x000000000008330c        0x8 /Users/taylor/arm-cs-tools/arm-none-eabi/lib/thumb2/libc.a(lib_a-locale.o)
                0x000000000008330c                __locale_charset
 .text.__locale_mb_cur_max
                0x0000000000083314        0xc /Users/taylor/arm-cs-tools/arm-none-eabi/lib/thumb2/libc.a(lib_a-locale.o)
                0x0000000000083314                __locale_mb_cur_max
 .text._localeconv_r
                0x0000000000083320        0x8 /Users/taylor/arm-cs-tools/arm-none-eabi/lib/thumb2/libc.a(lib_a-locale.o)
                0x0000000000083320                _localeconv_r
 .text.__smakebuf_r
                0x0000000000083328       0xd8 /Users/taylor/arm-cs-tools/arm-none-eabi/lib/thumb2/libc.a(lib_a-makebuf.o)
                0x0000000000083328                __smakebuf_r
 .text.memchr   0x0000000000083400       0x1c /Users/taylor/arm-cs-tools/arm-none-eabi/lib/thumb2/libc.a(lib_a-memchr.o)
                0x0000000000083400                memchr
 .text.memmove  0x000000000008341c       0x32 /Users/taylor/arm-cs-tools/arm-none-eabi/lib/thumb2/libc.a(lib_a-memmove.o)
                0x000000000008341c                memmove
 .text.memset   0x000000000008344e       0x10 /Users/taylor/arm-cs-tools/arm-none-eabi/lib/thumb2/libc.a(lib_a-memset.o)
                0x000000000008344e                memset
 *fill*         0x000000000008345e        0x2 
 .text._realloc_r
                0x0000000000083460      0x2e0 /Users/taylor/arm-cs-tools/arm-none-eabi/lib/thumb2/libc.a(lib_a-reallocr.o)
                0x0000000000083460                _realloc_r
 .text.__sread  0x0000000000083740       0x22 /Users/taylor/arm-cs-tools/arm-none-eabi/lib/thumb2/libc.a(lib_a-stdio.o)
                0x0000000000083740                __sread
 .text.__swrite
                0x0000000000083762       0x3c /Users/taylor/arm-cs-tools/arm-none-eabi/lib/thumb2/libc.a(lib_a-stdio.o)
                0x0000000000083762                __swrite
 .text.__sseek  0x000000000008379e       0x24 /Users/taylor/arm-cs-tools/arm-none-eabi/lib/thumb2/libc.a(lib_a-stdio.o)
                0x000000000008379e                __sseek
 .text.__sclose
                0x00000000000837c2        0x8 /Users/taylor/arm-cs-tools/arm-none-eabi/lib/thumb2/libc.a(lib_a-stdio.o)
                0x00000000000837c2                __sclose
 .text.strcmp   0x00000000000837ca       0x16 /Users/taylor/arm-cs-tools/arm-none-eabi/lib/thumb2/libc.a(lib_a-strcmp.o)
                0x00000000000837ca                strcmp
 .text.strlen   0x00000000000837e0       0x10 /Users/taylor/arm-cs-tools/arm-none-eabi/lib/thumb2/libc.a(lib_a-strlen.o)
                0x00000000000837e0                strlen
 .text.__swbuf_r
                0x00000000000837f0       0xcc /Users/taylor/arm-cs-tools/arm-none-eabi/lib/thumb2/libc.a(lib_a-wbuf.o)
                0x00000000000837f0                __swbuf_r
 .text._wcrtomb_r
                0x00000000000838bc       0x4c /Users/taylor/arm-cs-tools/arm-none-eabi/lib/thumb2/libc.a(lib_a-wcrtomb.o)
                0x00000000000838bc                _wcrtomb_r
 .text.__ascii_wctomb
                0x0000000000083908       0x1a /Users/taylor/arm-cs-tools/arm-none-eabi/lib/thumb2/libc.a(lib_a-wctomb_r.o)
                0x0000000000083908                __ascii_wctomb
 *fill*         0x0000000000083922        0x2 
 .text._write_r
                0x0000000000083924       0x24 /Users/taylor/arm-cs-tools/arm-none-eabi/lib/thumb2/libc.a(lib_a-writer.o)
                0x0000000000083924                _write_r
 .text._close_r
                0x0000000000083948       0x20 /Users/taylor/arm-cs-tools/arm-none-eabi/lib/thumb2/libc.a(lib_a-closer.o)
                0x0000000000083948                _close_r
 .text._fclose_r
                0x0000000000083968       0xb0 /Users/taylor/arm-cs-tools/arm-none-eabi/lib/thumb2/libc.a(lib_a-fclose.o)
                0x0000000000083968                _fclose_r
 .text.fclose   0x0000000000083a18       0x10 /Users/taylor/arm-cs-tools/arm-none-eabi/lib/thumb2/libc.a(lib_a-fclose.o)
                0x0000000000083a18                fclose
 .text._fstat_r
                0x0000000000083a28       0x24 /Users/taylor/arm-cs-tools/arm-none-eabi/lib/thumb2/libc.a(lib_a-fstatr.o)
                0x0000000000083a28                _fstat_r
 .text._isatty_r
                0x0000000000083a4c       0x20 /Users/taylor/arm-cs-tools/arm-none-eabi/lib/thumb2/libc.a(lib_a-isattyr.o)
                0x0000000000083a4c                _isatty_r
 .text._lseek_r
                0x0000000000083a6c       0x24 /Users/taylor/arm-cs-tools/arm-none-eabi/lib/thumb2/libc.a(lib_a-lseekr.o)
                0x0000000000083a6c                _lseek_r
 .text._read_r  0x0000000000083a90       0x24 /Users/taylor/arm-cs-tools/arm-none-eabi/lib/thumb2/libc.a(lib_a-readr.o)
                0x0000000000083a90                _read_r
 .text.adc_init
                0x0000000000083ab4       0x84 ../../libsam_sam3s4c_gcc_dbg.a(adc.o)
                0x0000000000083ab4                adc_init
 .text.adc_configure_trigger
                0x0000000000083b38       0x30 ../../libsam_sam3s4c_gcc_dbg.a(adc.o)
                0x0000000000083b38                adc_configure_trigger
 .text.adc_configure_timing
                0x0000000000083b68       0x40 ../../libsam_sam3s4c_gcc_dbg.a(adc.o)
                0x0000000000083b68                adc_configure_timing
 .text.adc_disable_all_channel
                0x0000000000083ba8       0x1c ../../libsam_sam3s4c_gcc_dbg.a(adc.o)
                0x0000000000083ba8                adc_disable_all_channel
 .text.adc_disable_interrupt
                0x0000000000083bc4       0x1c ../../libsam_sam3s4c_gcc_dbg.a(adc.o)
                0x0000000000083bc4                adc_disable_interrupt
 .text.PIO_DisableInterrupt
                0x0000000000083be0       0x1c ../../libsam_sam3s4c_gcc_dbg.a(pio.o)
                0x0000000000083be0                PIO_DisableInterrupt
 .text.PIO_PullUp
                0x0000000000083bfc       0x2c ../../libsam_sam3s4c_gcc_dbg.a(pio.o)
                0x0000000000083bfc                PIO_PullUp
 .text.PIO_SetPeripheral
                0x0000000000083c28      0x104 ../../libsam_sam3s4c_gcc_dbg.a(pio.o)
                0x0000000000083c28                PIO_SetPeripheral
 .text.PIO_SetInput
                0x0000000000083d2c       0x80 ../../libsam_sam3s4c_gcc_dbg.a(pio.o)
                0x0000000000083d2c                PIO_SetInput
 .text.PIO_SetOutput
                0x0000000000083dac       0x64 ../../libsam_sam3s4c_gcc_dbg.a(pio.o)
                0x0000000000083dac                PIO_SetOutput
 .text.PIO_Configure
                0x0000000000083e10       0xd0 ../../libsam_sam3s4c_gcc_dbg.a(pio.o)
                0x0000000000083e10                PIO_Configure
 .text.PIO_GetOutputDataStatus
                0x0000000000083ee0       0x38 ../../libsam_sam3s4c_gcc_dbg.a(pio.o)
                0x0000000000083ee0                PIO_GetOutputDataStatus
 .text.pmc_enable_periph_clk
                0x0000000000083f18       0x94 ../../libsam_sam3s4c_gcc_dbg.a(pmc.o)
                0x0000000000083f18                pmc_enable_periph_clk
 .text.pmc_disable_periph_clk
                0x0000000000083fac       0x94 ../../libsam_sam3s4c_gcc_dbg.a(pmc.o)
                0x0000000000083fac                pmc_disable_periph_clk
 .text.GetTickCount
                0x0000000000084040       0x14 ../../libsam_sam3s4c_gcc_dbg.a(timetick.o)
                0x0000000000084040                GetTickCount
 .text.WDT_Disable
                0x0000000000084054       0x1c ../../libsam_sam3s4c_gcc_dbg.a(wdt.o)
                0x0000000000084054                WDT_Disable
 .text.SystemInit
                0x0000000000084070       0xc8 ../../libsam_sam3s4c_gcc_dbg.a(system_sam3s.o)
                0x0000000000084070                SystemInit
 .text.analogOutputInit
                0x0000000000084138       0x34 ../../libarduino_sam3s_ek_gcc_dbg.a(wiring_analog.o)
                0x0000000000084138                analogOutputInit
 .text._ZN10RingBufferC2Ev
                0x000000000008416c       0x38 ../../libarduino_sam3s_ek_gcc_dbg.a(RingBuffer.o)
                0x000000000008416c                RingBuffer::RingBuffer()
                0x000000000008416c                RingBuffer::RingBuffer()
 .text._ZN10RingBuffer10store_charEh
                0x00000000000841a4       0x40 ../../libarduino_sam3s_ek_gcc_dbg.a(RingBuffer.o)
                0x00000000000841a4                RingBuffer::store_char(unsigned char)
 .text._ZN5PrintC2Ev
                0x00000000000841e4       0x28 ../../libarduino_sam3s_ek_gcc_dbg.a(UARTClass.o)
                0x00000000000841e4                Print::Print()
                0x00000000000841e4                Print::Print()
 .text._ZN6StreamC2Ev
                0x000000000008420c       0x34 ../../libarduino_sam3s_ek_gcc_dbg.a(UARTClass.o)
                0x000000000008420c                Stream::Stream()
                0x000000000008420c                Stream::Stream()
 .text._ZN14HardwareSerialC2Ev
                0x0000000000084240       0x2c ../../libarduino_sam3s_ek_gcc_dbg.a(UARTClass.o)
                0x0000000000084240                HardwareSerial::HardwareSerial()
                0x0000000000084240                HardwareSerial::HardwareSerial()
 .text._ZN9UARTClass9availableEv
                0x000000000008426c       0x2c ../../libarduino_sam3s_ek_gcc_dbg.a(UARTClass.o)
                0x000000000008426c                UARTClass::available()
 .text._ZN10USARTClasscvbEv
                0x0000000000084298       0x18 ../../libarduino_sam3s_ek_gcc_dbg.a(USARTClass.o)
                0x0000000000084298                USARTClass::operator bool()
 .text._ZN10USARTClassC2EP5Usart4IRQnmP10RingBuffer
                0x00000000000842b0       0x4c ../../libarduino_sam3s_ek_gcc_dbg.a(USARTClass.o)
                0x00000000000842b0                USARTClass::USARTClass(Usart*, IRQn, unsigned long, RingBuffer*)
                0x00000000000842b0                USARTClass::USARTClass(Usart*, IRQn, unsigned long, RingBuffer*)
 .text._ZN10USARTClass9availableEv
                0x00000000000842fc       0x2c ../../libarduino_sam3s_ek_gcc_dbg.a(USARTClass.o)
                0x00000000000842fc                USARTClass::available()
 .text._ZN10USARTClass4peekEv
                0x0000000000084328       0x38 ../../libarduino_sam3s_ek_gcc_dbg.a(USARTClass.o)
                0x0000000000084328                USARTClass::peek()
 .text._ZN10USARTClass4readEv
                0x0000000000084360       0x50 ../../libarduino_sam3s_ek_gcc_dbg.a(USARTClass.o)
                0x0000000000084360                USARTClass::read()
 .text._ZN10USARTClass5flushEv
                0x00000000000843b0       0x2c ../../libarduino_sam3s_ek_gcc_dbg.a(USARTClass.o)
                0x00000000000843b0                USARTClass::flush()
 .text._ZN10USARTClass5writeEh
                0x00000000000843dc       0x3c ../../libarduino_sam3s_ek_gcc_dbg.a(USARTClass.o)
                0x00000000000843dc                USARTClass::write(unsigned char)
 .text._ZN10USARTClass10IrqHandlerEv
                0x0000000000084418       0x60 ../../libarduino_sam3s_ek_gcc_dbg.a(USARTClass.o)
                0x0000000000084418                USARTClass::IrqHandler()
 .text.__cxa_pure_virtual
                0x0000000000084478        0x8 ../../libarduino_sam3s_ek_gcc_dbg.a(cxxabi-compat.o)
                0x0000000000084478                __cxa_pure_virtual
 .text._ZN5Print5writeEPKhj
                0x0000000000084480       0x58 ../../libarduino_sam3s_ek_gcc_dbg.a(Print.o)
                0x0000000000084480                Print::write(unsigned char const*, unsigned int)
 .text          0x00000000000844d8      0x370 /Users/taylor/arm-cs-tools/lib/gcc/arm-none-eabi/4.7.3/thumb2/libgcc.a(_arm_addsubdf3.o)
                0x00000000000844d8                __aeabi_drsub
                0x00000000000844e0                __subdf3
                0x00000000000844e0                __aeabi_dsub
                0x00000000000844e4                __aeabi_dadd
                0x00000000000844e4                __adddf3
                0x000000000008475c                __aeabi_ui2d
                0x000000000008475c                __floatunsidf
                0x000000000008477c                __floatsidf
                0x000000000008477c                __aeabi_i2d
                0x00000000000847a0                __extendsfdf2
                0x00000000000847a0                __aeabi_f2d
                0x00000000000847dc                __aeabi_ul2d
                0x00000000000847dc                __floatundidf
                0x00000000000847ec                __aeabi_l2d
                0x00000000000847ec                __floatdidf
 .text          0x0000000000084848      0x424 /Users/taylor/arm-cs-tools/lib/gcc/arm-none-eabi/4.7.3/thumb2/libgcc.a(_arm_muldivdf3.o)
                0x0000000000084848                __aeabi_dmul
                0x0000000000084848                __muldf3
                0x0000000000084a9c                __aeabi_ddiv
                0x0000000000084a9c                __divdf3
 .text          0x0000000000084c6c      0x110 /Users/taylor/arm-cs-tools/lib/gcc/arm-none-eabi/4.7.3/thumb2/libgcc.a(_arm_cmpdf2.o)
                0x0000000000084c6c                __gtdf2
                0x0000000000084c6c                __gedf2
                0x0000000000084c74                __ltdf2
                0x0000000000084c74                __ledf2
                0x0000000000084c7c                __eqdf2
                0x0000000000084c7c                __nedf2
                0x0000000000084c7c                __cmpdf2
                0x0000000000084cf8                __aeabi_cdrcmple
                0x0000000000084d08                __aeabi_cdcmple
                0x0000000000084d08                __aeabi_cdcmpeq
                0x0000000000084d18                __aeabi_dcmpeq
                0x0000000000084d2c                __aeabi_dcmplt
                0x0000000000084d40                __aeabi_dcmple
                0x0000000000084d54                __aeabi_dcmpge
                0x0000000000084d68                __aeabi_dcmpgt
 .text          0x0000000000084d7c       0x50 /Users/taylor/arm-cs-tools/lib/gcc/arm-none-eabi/4.7.3/thumb2/libgcc.a(_arm_fixdfsi.o)
                0x0000000000084d7c                __fixdfsi
                0x0000000000084d7c                __aeabi_d2iz
 .text          0x0000000000084dcc       0x2c /Users/taylor/arm-cs-tools/lib/gcc/arm-none-eabi/4.7.3/thumb2/libgcc.a(_aeabi_uldivmod.o)
                0x0000000000084dcc                __aeabi_uldivmod
 .text          0x0000000000084df8       0x60 /Users/taylor/arm-cs-tools/lib/gcc/arm-none-eabi/4.7.3/thumb2/libgcc.a(bpabi.o)
                0x0000000000084df8                __gnu_ldivmod_helper
                0x0000000000084e28                __gnu_uldivmod_helper
 .text          0x0000000000084e58        0x4 /Users/taylor/arm-cs-tools/lib/gcc/arm-none-eabi/4.7.3/thumb2/libgcc.a(_dvmd_tls.o)
                0x0000000000084e58                __aeabi_ldiv0
                0x0000000000084e58                __aeabi_idiv0
 .text          0x0000000000084e5c      0x36c /Users/taylor/arm-cs-tools/lib/gcc/arm-none-eabi/4.7.3/thumb2/libgcc.a(_divdi3.o)
                0x0000000000084e5c                __divdi3
 .text          0x00000000000851c8      0x314 /Users/taylor/arm-cs-tools/lib/gcc/arm-none-eabi/4.7.3/thumb2/libgcc.a(_udivdi3.o)
                0x00000000000851c8                __udivdi3
 *fill*         0x00000000000854dc        0x4 
 .text          0x00000000000854e0      0x278 /Users/taylor/arm-cs-tools/lib/gcc/arm-none-eabi/4.7.3/thumb2/libgcc.a(_udivsi3.o)
                0x00000000000854e0                __udivsi3
                0x00000000000854e0                __aeabi_uidiv
                0x000000000008573c                __aeabi_uidivmod
 .text.malloc   0x0000000000085758       0x10 /Users/taylor/arm-cs-tools/arm-none-eabi/lib/thumb2/libc.a(lib_a-malloc.o)
                0x0000000000085758                malloc
 .text.free     0x0000000000085768       0x10 /Users/taylor/arm-cs-tools/arm-none-eabi/lib/thumb2/libc.a(lib_a-malloc.o)
                0x0000000000085768                free
 .text.realloc  0x0000000000085778       0x14 /Users/taylor/arm-cs-tools/arm-none-eabi/lib/thumb2/libc.a(lib_a-realloc.o)
                0x0000000000085778                realloc
 .text.__fpclassifyd
                0x000000000008578c       0x64 /Users/taylor/arm-cs-tools/arm-none-eabi/lib/thumb2/libc.a(lib_a-s_fpclassify.o)
                0x000000000008578c                __fpclassifyd
 .text.strncmp  0x00000000000857f0       0x32 /Users/taylor/arm-cs-tools/arm-none-eabi/lib/thumb2/libc.a(lib_a-strncmp.o)
                0x00000000000857f0                strncmp
 .text._Balloc  0x0000000000085822       0x6c /Users/taylor/arm-cs-tools/arm-none-eabi/lib/thumb2/libc.a(lib_a-mprec.o)
                0x0000000000085822                _Balloc
 .text._Bfree   0x000000000008588e       0x2e /Users/taylor/arm-cs-tools/arm-none-eabi/lib/thumb2/libc.a(lib_a-mprec.o)
                0x000000000008588e                _Bfree
 .text.__multadd
                0x00000000000858bc       0x74 /Users/taylor/arm-cs-tools/arm-none-eabi/lib/thumb2/libc.a(lib_a-mprec.o)
                0x00000000000858bc                __multadd
 .text.__hi0bits
                0x0000000000085930       0x3e /Users/taylor/arm-cs-tools/arm-none-eabi/lib/thumb2/libc.a(lib_a-mprec.o)
                0x0000000000085930                __hi0bits
 .text.__lo0bits
                0x000000000008596e       0x5a /Users/taylor/arm-cs-tools/arm-none-eabi/lib/thumb2/libc.a(lib_a-mprec.o)
                0x000000000008596e                __lo0bits
 .text.__i2b    0x00000000000859c8       0x12 /Users/taylor/arm-cs-tools/arm-none-eabi/lib/thumb2/libc.a(lib_a-mprec.o)
                0x00000000000859c8                __i2b
 .text.__multiply
                0x00000000000859da      0x124 /Users/taylor/arm-cs-tools/arm-none-eabi/lib/thumb2/libc.a(lib_a-mprec.o)
                0x00000000000859da                __multiply
 *fill*         0x0000000000085afe        0x2 
 .text.__pow5mult
                0x0000000000085b00       0xa0 /Users/taylor/arm-cs-tools/arm-none-eabi/lib/thumb2/libc.a(lib_a-mprec.o)
                0x0000000000085b00                __pow5mult
 .text.__lshift
                0x0000000000085ba0       0xa8 /Users/taylor/arm-cs-tools/arm-none-eabi/lib/thumb2/libc.a(lib_a-mprec.o)
                0x0000000000085ba0                __lshift
 .text.__mcmp   0x0000000000085c48       0x3a /Users/taylor/arm-cs-tools/arm-none-eabi/lib/thumb2/libc.a(lib_a-mprec.o)
                0x0000000000085c48                __mcmp
 .text.__mdiff  0x0000000000085c82       0xc6 /Users/taylor/arm-cs-tools/arm-none-eabi/lib/thumb2/libc.a(lib_a-mprec.o)
                0x0000000000085c82                __mdiff
 .text.__d2b    0x0000000000085d48       0xaa /Users/taylor/arm-cs-tools/arm-none-eabi/lib/thumb2/libc.a(lib_a-mprec.o)
                0x0000000000085d48                __d2b
 .text._calloc_r
                0x0000000000085df2       0x5a /Users/taylor/arm-cs-tools/arm-none-eabi/lib/thumb2/libc.a(lib_a-callocr.o)
                0x0000000000085df2                _calloc_r
 .text._ZNK10__cxxabiv117__class_type_info11__do_upcastEPKS0_PPv
                0x0000000000085e4c       0x38 /Users/taylor/arm-cs-tools/arm-none-eabi/lib/thumb2/libstdc++.a(class_type_info.o)
                0x0000000000085e4c                __cxxabiv1::__class_type_info::__do_upcast(__cxxabiv1::__class_type_info const*, void**) const
 .text._ZNK10__cxxabiv117__class_type_info20__do_find_public_srcEiPKvPKS0_S2_
                0x0000000000085e84        0xc /Users/taylor/arm-cs-tools/arm-none-eabi/lib/thumb2/libstdc++.a(class_type_info.o)
                0x0000000000085e84                __cxxabiv1::__class_type_info::__do_find_public_src(int, void const*, __cxxabiv1::__class_type_info const*, void const*) const
 .text._ZNK10__cxxabiv117__class_type_info11__do_upcastEPKS0_PKvRNS0_15__upcast_resultE
                0x0000000000085e90       0x1c /Users/taylor/arm-cs-tools/arm-none-eabi/lib/thumb2/libstdc++.a(class_type_info.o)
                0x0000000000085e90                __cxxabiv1::__class_type_info::__do_upcast(__cxxabiv1::__class_type_info const*, void const*, __cxxabiv1::__class_type_info::__upcast_result&) const
 .text._ZN10__cxxabiv117__class_type_infoD2Ev
                0x0000000000085eac       0x14 /Users/taylor/arm-cs-tools/arm-none-eabi/lib/thumb2/libstdc++.a(class_type_info.o)
                0x0000000000085eac                __cxxabiv1::__class_type_info::~__class_type_info()
                0x0000000000085eac                __cxxabiv1::__class_type_info::~__class_type_info()
 .text._ZN10__cxxabiv117__class_type_infoD0Ev
                0x0000000000085ec0       0x14 /Users/taylor/arm-cs-tools/arm-none-eabi/lib/thumb2/libstdc++.a(class_type_info.o)
                0x0000000000085ec0                __cxxabiv1::__class_type_info::~__class_type_info()
 .text._ZNK10__cxxabiv117__class_type_info12__do_dyncastEiNS0_10__sub_kindEPKS0_PKvS3_S5_RNS0_16__dyncast_resultE
                0x0000000000085ed4       0x40 /Users/taylor/arm-cs-tools/arm-none-eabi/lib/thumb2/libstdc++.a(class_type_info.o)
                0x0000000000085ed4                __cxxabiv1::__class_type_info::__do_dyncast(int, __cxxabiv1::__class_type_info::__sub_kind, __cxxabiv1::__class_type_info const*, void const*, __cxxabiv1::__class_type_info const*, void const*, __cxxabiv1::__class_type_info::__dyncast_result&) const
 .text._ZNK10__cxxabiv117__class_type_info10__do_catchEPKSt9type_infoPPvj
                0x0000000000085f14       0x28 /Users/taylor/arm-cs-tools/arm-none-eabi/lib/thumb2/libstdc++.a(class_type_info.o)
                0x0000000000085f14                __cxxabiv1::__class_type_info::__do_catch(std::type_info const*, void**, unsigned int) const
 .text._ZdlPv   0x0000000000085f3c        0x8 /Users/taylor/arm-cs-tools/arm-none-eabi/lib/thumb2/libstdc++.a(del_op.o)
                0x0000000000085f3c                operator delete(void*)
 .text.__cxa_end_cleanup
                0x0000000000085f44        0xc /Users/taylor/arm-cs-tools/arm-none-eabi/lib/thumb2/libstdc++.a(eh_arm.o)
                0x0000000000085f44                __cxa_end_cleanup
 .text.__cxa_type_match
                0x0000000000085f50       0xb4 /Users/taylor/arm-cs-tools/arm-none-eabi/lib/thumb2/libstdc++.a(eh_arm.o)
                0x0000000000085f50                __cxa_type_match
 .text.__cxa_begin_cleanup
                0x0000000000086004       0x64 /Users/taylor/arm-cs-tools/arm-none-eabi/lib/thumb2/libstdc++.a(eh_arm.o)
                0x0000000000086004                __cxa_begin_cleanup
 .text.__gnu_end_cleanup
                0x0000000000086068       0x74 /Users/taylor/arm-cs-tools/arm-none-eabi/lib/thumb2/libstdc++.a(eh_arm.o)
                0x0000000000086068                __gnu_end_cleanup
 .text._ZNSt9exceptionD2Ev
                0x00000000000860dc        0xc /Users/taylor/arm-cs-tools/arm-none-eabi/lib/thumb2/libstdc++.a(eh_exception.o)
                0x00000000000860dc                std::exception::~exception()
                0x00000000000860dc                std::exception::~exception()
 .text._ZNSt13bad_exceptionD2Ev
                0x00000000000860e8        0xc /Users/taylor/arm-cs-tools/arm-none-eabi/lib/thumb2/libstdc++.a(eh_exception.o)
                0x00000000000860e8                std::bad_exception::~bad_exception()
                0x00000000000860e8                std::bad_exception::~bad_exception()
 .text._ZNKSt9exception4whatEv
                0x00000000000860f4        0xc /Users/taylor/arm-cs-tools/arm-none-eabi/lib/thumb2/libstdc++.a(eh_exception.o)
                0x00000000000860f4                std::exception::what() const
 .text._ZNKSt13bad_exception4whatEv
                0x0000000000086100        0xc /Users/taylor/arm-cs-tools/arm-none-eabi/lib/thumb2/libstdc++.a(eh_exception.o)
                0x0000000000086100                std::bad_exception::what() const
 .text._ZNSt9exceptionD0Ev
                0x000000000008610c       0x14 /Users/taylor/arm-cs-tools/arm-none-eabi/lib/thumb2/libstdc++.a(eh_exception.o)
                0x000000000008610c                std::exception::~exception()
 .text._ZNSt13bad_exceptionD0Ev
                0x0000000000086120       0x14 /Users/taylor/arm-cs-tools/arm-none-eabi/lib/thumb2/libstdc++.a(eh_exception.o)
                0x0000000000086120                std::bad_exception::~bad_exception()
 .text.__cxa_get_globals_fast
                0x0000000000086134        0xc /Users/taylor/arm-cs-tools/arm-none-eabi/lib/thumb2/libstdc++.a(eh_globals.o)
                0x0000000000086134                __cxa_get_globals_fast
 .text.__cxa_get_globals
                0x0000000000086140        0xc /Users/taylor/arm-cs-tools/arm-none-eabi/lib/thumb2/libstdc++.a(eh_globals.o)
                0x0000000000086140                __cxa_get_globals
 .text._ZL12read_sleb128PKhPl
                0x000000000008614c       0x3c /Users/taylor/arm-cs-tools/arm-none-eabi/lib/thumb2/libstdc++.a(eh_personality.o)
 .text._ZL28read_encoded_value_with_basehjPKhPj
                0x0000000000086188       0xb4 /Users/taylor/arm-cs-tools/arm-none-eabi/lib/thumb2/libstdc++.a(eh_personality.o)
 .text._ZL21base_of_encoded_valuehP15_Unwind_Context
                0x000000000008623c       0x4c /Users/taylor/arm-cs-tools/arm-none-eabi/lib/thumb2/libstdc++.a(eh_personality.o)
 .text._ZL17parse_lsda_headerP15_Unwind_ContextPKhP16lsda_header_info
                0x0000000000086288       0x8c /Users/taylor/arm-cs-tools/arm-none-eabi/lib/thumb2/libstdc++.a(eh_personality.o)
 .text.__gxx_personality_v0
                0x0000000000086314      0x420 /Users/taylor/arm-cs-tools/arm-none-eabi/lib/thumb2/libstdc++.a(eh_personality.o)
                0x0000000000086314                __gxx_personality_v0
 .text._ZN10__cxxabiv111__terminateEPFvvE
                0x0000000000086734       0x28 /Users/taylor/arm-cs-tools/arm-none-eabi/lib/thumb2/libstdc++.a(eh_terminate.o)
                0x0000000000086734                __cxxabiv1::__terminate(void (*)())
 .text._ZSt9terminatev
                0x000000000008675c       0x10 /Users/taylor/arm-cs-tools/arm-none-eabi/lib/thumb2/libstdc++.a(eh_terminate.o)
                0x000000000008675c                std::terminate()
 .text._ZN10__cxxabiv112__unexpectedEPFvvE
                0x000000000008676c        0x8 /Users/taylor/arm-cs-tools/arm-none-eabi/lib/thumb2/libstdc++.a(eh_terminate.o)
                0x000000000008676c                __cxxabiv1::__unexpected(void (*)())
 .text._ZSt10unexpectedv
                0x0000000000086774       0x10 /Users/taylor/arm-cs-tools/arm-none-eabi/lib/thumb2/libstdc++.a(eh_terminate.o)
                0x0000000000086774                std::unexpected()
 .text._ZNK10__cxxabiv120__si_class_type_info12__do_dyncastEiNS_17__class_type_info10__sub_kindEPKS1_PKvS4_S6_RNS1_16__dyncast_resultE
                0x0000000000086784       0x90 /Users/taylor/arm-cs-tools/arm-none-eabi/lib/thumb2/libstdc++.a(si_class_type_info.o)
                0x0000000000086784                __cxxabiv1::__si_class_type_info::__do_dyncast(int, __cxxabiv1::__class_type_info::__sub_kind, __cxxabiv1::__class_type_info const*, void const*, __cxxabiv1::__class_type_info const*, void const*, __cxxabiv1::__class_type_info::__dyncast_result&) const
 .text._ZN10__cxxabiv120__si_class_type_infoD2Ev
                0x0000000000086814       0x14 /Users/taylor/arm-cs-tools/arm-none-eabi/lib/thumb2/libstdc++.a(si_class_type_info.o)
                0x0000000000086814                __cxxabiv1::__si_class_type_info::~__si_class_type_info()
                0x0000000000086814                __cxxabiv1::__si_class_type_info::~__si_class_type_info()
 .text._ZN10__cxxabiv120__si_class_type_infoD0Ev
                0x0000000000086828       0x14 /Users/taylor/arm-cs-tools/arm-none-eabi/lib/thumb2/libstdc++.a(si_class_type_info.o)
                0x0000000000086828                __cxxabiv1::__si_class_type_info::~__si_class_type_info()
 .text._ZNK10__cxxabiv120__si_class_type_info20__do_find_public_srcEiPKvPKNS_17__class_type_infoES2_
                0x000000000008683c       0x38 /Users/taylor/arm-cs-tools/arm-none-eabi/lib/thumb2/libstdc++.a(si_class_type_info.o)
                0x000000000008683c                __cxxabiv1::__si_class_type_info::__do_find_public_src(int, void const*, __cxxabiv1::__class_type_info const*, void const*) const
 .text._ZNK10__cxxabiv120__si_class_type_info11__do_upcastEPKNS_17__class_type_infoEPKvRNS1_15__upcast_resultE
                0x0000000000086874       0x28 /Users/taylor/arm-cs-tools/arm-none-eabi/lib/thumb2/libstdc++.a(si_class_type_info.o)
                0x0000000000086874                __cxxabiv1::__si_class_type_info::__do_upcast(__cxxabiv1::__class_type_info const*, void const*, __cxxabiv1::__class_type_info::__upcast_result&) const
 .text._ZNSt9type_infoD2Ev
                0x000000000008689c        0xc /Users/taylor/arm-cs-tools/arm-none-eabi/lib/thumb2/libstdc++.a(tinfo.o)
                0x000000000008689c                std::type_info::~type_info()
                0x000000000008689c                std::type_info::~type_info()
 .text._ZNKSt9type_info14__is_pointer_pEv
                0x00000000000868a8        0x4 /Users/taylor/arm-cs-tools/arm-none-eabi/lib/thumb2/libstdc++.a(tinfo.o)
                0x00000000000868a8                std::type_info::__is_pointer_p() const
 .text._ZNKSt9type_info15__is_function_pEv
                0x00000000000868ac        0x4 /Users/taylor/arm-cs-tools/arm-none-eabi/lib/thumb2/libstdc++.a(tinfo.o)
                0x00000000000868ac                std::type_info::__is_function_p() const
 .text._ZNKSt9type_info11__do_upcastEPKN10__cxxabiv117__class_type_infoEPPv
                0x00000000000868b0        0x4 /Users/taylor/arm-cs-tools/arm-none-eabi/lib/thumb2/libstdc++.a(tinfo.o)
                0x00000000000868b0                std::type_info::__do_upcast(__cxxabiv1::__class_type_info const*, void**) const
 .text._ZNSt9type_infoD0Ev
                0x00000000000868b4       0x14 /Users/taylor/arm-cs-tools/arm-none-eabi/lib/thumb2/libstdc++.a(tinfo.o)
                0x00000000000868b4                std::type_info::~type_info()
 .text._ZNKSt9type_infoeqERKS_
                0x00000000000868c8       0x28 /Users/taylor/arm-cs-tools/arm-none-eabi/lib/thumb2/libstdc++.a(tinfo.o)
                0x00000000000868c8                std::type_info::operator==(std::type_info const&) const
 .text._ZNKSt9type_info10__do_catchEPKS_PPvj
                0x00000000000868f0        0x4 /Users/taylor/arm-cs-tools/arm-none-eabi/lib/thumb2/libstdc++.a(tinfo.o)
                0x00000000000868f0                std::type_info::__do_catch(std::type_info const*, void**, unsigned int) const
 .text._ZN10__cxxabiv1L24__is_gxx_exception_classEPc
                0x00000000000868f4       0x3c /Users/taylor/arm-cs-tools/arm-none-eabi/lib/thumb2/libstdc++.a(eh_call.o)
 .text.__cxa_call_terminate
                0x0000000000086930       0x20 /Users/taylor/arm-cs-tools/arm-none-eabi/lib/thumb2/libstdc++.a(eh_call.o)
                0x0000000000086930                __cxa_call_terminate
 .text.__cxa_call_unexpected
                0x0000000000086950       0xf0 /Users/taylor/arm-cs-tools/arm-none-eabi/lib/thumb2/libstdc++.a(eh_call.o)
                0x0000000000086950                __cxa_call_unexpected
 .text.__cxa_begin_catch
                0x0000000000086a40       0x8c /Users/taylor/arm-cs-tools/arm-none-eabi/lib/thumb2/libstdc++.a(eh_catch.o)
                0x0000000000086a40                __cxa_begin_catch
 .text.__cxa_end_catch
                0x0000000000086acc       0x8c /Users/taylor/arm-cs-tools/arm-none-eabi/lib/thumb2/libstdc++.a(eh_catch.o)
                0x0000000000086acc                __cxa_end_catch
 .text._ZL23__gxx_exception_cleanup19_Unwind_Reason_CodeP21_Unwind_Control_Block
                0x0000000000086b58       0x44 /Users/taylor/arm-cs-tools/arm-none-eabi/lib/thumb2/libstdc++.a(eh_throw.o)
 .text.__cxa_throw
                0x0000000000086b9c       0x7c /Users/taylor/arm-cs-tools/arm-none-eabi/lib/thumb2/libstdc++.a(eh_throw.o)
                0x0000000000086b9c                __cxa_throw
 .text.__cxa_rethrow
                0x0000000000086c18       0x70 /Users/taylor/arm-cs-tools/arm-none-eabi/lib/thumb2/libstdc++.a(eh_throw.o)
                0x0000000000086c18                __cxa_rethrow
 .text._ZN9__gnu_cxx27__verbose_terminate_handlerEv
                0x0000000000086c88      0x12c /Users/taylor/arm-cs-tools/arm-none-eabi/lib/thumb2/libstdc++.a(vterminate.o)
                0x0000000000086c88                __gnu_cxx::__verbose_terminate_handler()
 .text          0x0000000000086db4     0x52b8 /Users/taylor/arm-cs-tools/arm-none-eabi/lib/thumb2/libstdc++.a(cp-demangle.o)
                0x000000000008bf7c                __cxa_demangle
                0x000000000008c04c                __gcclibcxx_demangle_callback
 .text.__cxa_allocate_exception
                0x000000000008c06c       0x70 /Users/taylor/arm-cs-tools/arm-none-eabi/lib/thumb2/libstdc++.a(eh_alloc.o)
                0x000000000008c06c                __cxa_allocate_exception
 .text.__cxa_free_exception
                0x000000000008c0dc       0x38 /Users/taylor/arm-cs-tools/arm-none-eabi/lib/thumb2/libstdc++.a(eh_alloc.o)
                0x000000000008c0dc                __cxa_free_exception
 .text.__cxa_current_exception_type
                0x000000000008c114       0x1c /Users/taylor/arm-cs-tools/arm-none-eabi/lib/thumb2/libstdc++.a(eh_type.o)
                0x000000000008c114                __cxa_current_exception_type
 .text          0x000000000008c130      0x2b0 /Users/taylor/arm-cs-tools/lib/gcc/arm-none-eabi/4.7.3/thumb2/libgcc.a(_divsi3.o)
                0x000000000008c130                __aeabi_idiv
                0x000000000008c130                __divsi3
                0x000000000008c3c4                __aeabi_idivmod
 .text._fputc_r
                0x000000000008c3e0       0x48 /Users/taylor/arm-cs-tools/arm-none-eabi/lib/thumb2/libc.a(lib_a-fputc.o)
                0x000000000008c3e0                _fputc_r
 .text.fputc    0x000000000008c428       0x14 /Users/taylor/arm-cs-tools/arm-none-eabi/lib/thumb2/libc.a(lib_a-fputc.o)
                0x000000000008c428                fputc
 .text._fputs_r
                0x000000000008c43c       0x78 /Users/taylor/arm-cs-tools/arm-none-eabi/lib/thumb2/libc.a(lib_a-fputs.o)
                0x000000000008c43c                _fputs_r
 .text.fputs    0x000000000008c4b4       0x14 /Users/taylor/arm-cs-tools/arm-none-eabi/lib/thumb2/libc.a(lib_a-fputs.o)
                0x000000000008c4b4                fputs
 .text._fwrite_r
                0x000000000008c4c8       0x8c /Users/taylor/arm-cs-tools/arm-none-eabi/lib/thumb2/libc.a(lib_a-fwrite.o)
                0x000000000008c4c8                _fwrite_r
 .text.fwrite   0x000000000008c554       0x20 /Users/taylor/arm-cs-tools/arm-none-eabi/lib/thumb2/libc.a(lib_a-fwrite.o)
                0x000000000008c554                fwrite
 .text.memcmp   0x000000000008c574       0x20 /Users/taylor/arm-cs-tools/arm-none-eabi/lib/thumb2/libc.a(lib_a-memcmp.o)
                0x000000000008c574                memcmp
 .text._putc_r  0x000000000008c594       0x7c /Users/taylor/arm-cs-tools/arm-none-eabi/lib/thumb2/libc.a(lib_a-putc.o)
                0x000000000008c594                _putc_r
 .text.sprintf  0x000000000008c610       0x48 /Users/taylor/arm-cs-tools/arm-none-eabi/lib/thumb2/libc.a(lib_a-sprintf.o)
                0x000000000008c610                sprintf
 .text._svfprintf_r
                0x000000000008c658      0xfb4 /Users/taylor/arm-cs-tools/arm-none-eabi/lib/thumb2/libc.a(lib_a-svfprintf.o)
                0x000000000008c658                _svfprintf_r
 .text.quorem   0x000000000008d60c      0x124 /Users/taylor/arm-cs-tools/arm-none-eabi/lib/thumb2/libc.a(lib_a-dtoa.o)
 .text._dtoa_r  0x000000000008d730      0xb48 /Users/taylor/arm-cs-tools/arm-none-eabi/lib/thumb2/libc.a(lib_a-dtoa.o)
                0x000000000008d730                _dtoa_r
 .text.__ssprint_r
                0x000000000008e278       0xfe /Users/taylor/arm-cs-tools/arm-none-eabi/lib/thumb2/libc.a(lib_a-svfiprintf.o)
                0x000000000008e278                __ssprint_r
 *(.glue_7t)
 .glue_7t       0x0000000000000000        0x0 linker stubs
 *(.glue_7)
 .glue_7        0x0000000000000000        0x0 linker stubs
 *(.rodata .rodata* .gnu.linkonce.r.*)
 .rodata.str1.1
                0x000000000008e376        0x2 /Users/taylor/arm-cs-tools/arm-none-eabi/lib/thumb2/libc.a(lib_a-impure.o)
 .rodata._global_impure_ptr
                0x000000000008e378        0x4 /Users/taylor/arm-cs-tools/arm-none-eabi/lib/thumb2/libc.a(lib_a-impure.o)
                0x000000000008e378                _global_impure_ptr
 .rodata        0x000000000008e37c       0x1c ../../libarduino_sam3s_ek_gcc_dbg.a(syscalls_sam3.o)
 .rodata.g_APinDescription
                0x000000000008e398      0x32c ../../libvariant_sam3s_ek_gcc_dbg.a(variant.o)
                0x000000000008e398                g_APinDescription
 .rodata.blanks.6693
                0x000000000008e6c4       0x10 /Users/taylor/arm-cs-tools/arm-none-eabi/lib/thumb2/libc.a(lib_a-vfiprintf.o)
 .rodata.str1.1
                0x000000000008e6d4       0x22 /Users/taylor/arm-cs-tools/arm-none-eabi/lib/thumb2/libc.a(lib_a-vfiprintf.o)
 .rodata.zeroes.6694
                0x000000000008e6f6       0x10 /Users/taylor/arm-cs-tools/arm-none-eabi/lib/thumb2/libc.a(lib_a-vfiprintf.o)
 *fill*         0x000000000008e706        0x2 
 .rodata.__sf_fake_stdin
                0x000000000008e708       0x20 /Users/taylor/arm-cs-tools/arm-none-eabi/lib/thumb2/libc.a(lib_a-findfp.o)
                0x000000000008e708                __sf_fake_stdin
 .rodata.__sf_fake_stdout
                0x000000000008e728       0x20 /Users/taylor/arm-cs-tools/arm-none-eabi/lib/thumb2/libc.a(lib_a-findfp.o)
                0x000000000008e728                __sf_fake_stdout
 .rodata.__sf_fake_stderr
                0x000000000008e748       0x20 /Users/taylor/arm-cs-tools/arm-none-eabi/lib/thumb2/libc.a(lib_a-findfp.o)
                0x000000000008e748                __sf_fake_stderr
 .rodata.str1.1
                0x000000000008e768        0x8 /Users/taylor/arm-cs-tools/arm-none-eabi/lib/thumb2/libc.a(lib_a-locale.o)
                                          0xb (size before relaxing)
 .rodata._ZTV14HardwareSerial
                0x000000000008e770       0x28 ../../libarduino_sam3s_ek_gcc_dbg.a(UARTClass.o)
                0x000000000008e770                vtable for HardwareSerial
 .rodata._ZTV6Stream
                0x000000000008e798       0x20 ../../libarduino_sam3s_ek_gcc_dbg.a(UARTClass.o)
                0x000000000008e798                vtable for Stream
 .rodata._ZTS14HardwareSerial
                0x000000000008e7b8       0x14 ../../libarduino_sam3s_ek_gcc_dbg.a(UARTClass.o)
                0x000000000008e7b8                typeinfo name for HardwareSerial
 .rodata._ZTI14HardwareSerial
                0x000000000008e7cc        0xc ../../libarduino_sam3s_ek_gcc_dbg.a(UARTClass.o)
                0x000000000008e7cc                typeinfo for HardwareSerial
 .rodata._ZTS6Stream
                0x000000000008e7d8        0x8 ../../libarduino_sam3s_ek_gcc_dbg.a(UARTClass.o)
                0x000000000008e7d8                typeinfo name for Stream
 .rodata._ZTI6Stream
                0x000000000008e7e0        0xc ../../libarduino_sam3s_ek_gcc_dbg.a(UARTClass.o)
                0x000000000008e7e0                typeinfo for Stream
 *fill*         0x000000000008e7ec        0x4 
 .rodata._ZTV10USARTClass
                0x000000000008e7f0       0x28 ../../libarduino_sam3s_ek_gcc_dbg.a(USARTClass.o)
                0x000000000008e7f0                vtable for USARTClass
 .rodata._ZTI10USARTClass
                0x000000000008e818        0xc ../../libarduino_sam3s_ek_gcc_dbg.a(USARTClass.o)
                0x000000000008e818                typeinfo for USARTClass
 .rodata._ZTS10USARTClass
                0x000000000008e824       0x10 ../../libarduino_sam3s_ek_gcc_dbg.a(USARTClass.o)
                0x000000000008e824                typeinfo name for USARTClass
 *fill*         0x000000000008e834        0x4 
 .rodata._ZTV5Print
                0x000000000008e838       0x10 ../../libarduino_sam3s_ek_gcc_dbg.a(Print.o)
                0x000000000008e838                vtable for Print
 .rodata._ZTI5Print
                0x000000000008e848        0x8 ../../libarduino_sam3s_ek_gcc_dbg.a(Print.o)
                0x000000000008e848                typeinfo for Print
 .rodata._ZTS5Print
                0x000000000008e850        0x8 ../../libarduino_sam3s_ek_gcc_dbg.a(Print.o)
                0x000000000008e850                typeinfo name for Print
 .rodata.__mprec_tens
                0x000000000008e858       0xc8 /Users/taylor/arm-cs-tools/arm-none-eabi/lib/thumb2/libc.a(lib_a-mprec.o)
                0x000000000008e858                __mprec_tens
 .rodata.__mprec_bigtens
                0x000000000008e920       0x28 /Users/taylor/arm-cs-tools/arm-none-eabi/lib/thumb2/libc.a(lib_a-mprec.o)
                0x000000000008e920                __mprec_bigtens
 .rodata.p05.5261
                0x000000000008e948        0xc /Users/taylor/arm-cs-tools/arm-none-eabi/lib/thumb2/libc.a(lib_a-mprec.o)
 *fill*         0x000000000008e954        0x4 
 .rodata._ZTVN10__cxxabiv117__class_type_infoE
                0x000000000008e958       0x30 /Users/taylor/arm-cs-tools/arm-none-eabi/lib/thumb2/libstdc++.a(class_type_info.o)
                0x000000000008e958                vtable for __cxxabiv1::__class_type_info
 .rodata._ZTIN10__cxxabiv117__class_type_infoE
                0x000000000008e988        0xc /Users/taylor/arm-cs-tools/arm-none-eabi/lib/thumb2/libstdc++.a(class_type_info.o)
                0x000000000008e988                typeinfo for __cxxabiv1::__class_type_info
 .rodata._ZTSN10__cxxabiv117__class_type_infoE
                0x000000000008e994       0x24 /Users/taylor/arm-cs-tools/arm-none-eabi/lib/thumb2/libstdc++.a(class_type_info.o)
                0x000000000008e994                typeinfo name for __cxxabiv1::__class_type_info
 .rodata._ZTVSt9exception
                0x000000000008e9b8       0x18 /Users/taylor/arm-cs-tools/arm-none-eabi/lib/thumb2/libstdc++.a(eh_exception.o)
                0x000000000008e9b8                vtable for std::exception
 .rodata._ZTIN10__cxxabiv115__forced_unwindE
                0x000000000008e9d0        0x8 /Users/taylor/arm-cs-tools/arm-none-eabi/lib/thumb2/libstdc++.a(eh_exception.o)
                0x000000000008e9d0                typeinfo for __cxxabiv1::__forced_unwind
 .rodata._ZTISt9exception
                0x000000000008e9d8        0x8 /Users/taylor/arm-cs-tools/arm-none-eabi/lib/thumb2/libstdc++.a(eh_exception.o)
                0x000000000008e9d8                typeinfo for std::exception
 .rodata._ZTSSt13bad_exception
                0x000000000008e9e0       0x14 /Users/taylor/arm-cs-tools/arm-none-eabi/lib/thumb2/libstdc++.a(eh_exception.o)
                0x000000000008e9e0                typeinfo name for std::bad_exception
 .rodata.str1.4
                0x000000000008e9f4       0x23 /Users/taylor/arm-cs-tools/arm-none-eabi/lib/thumb2/libstdc++.a(eh_exception.o)
                                         0x24 (size before relaxing)
 *fill*         0x000000000008ea17        0x1 
 .rodata._ZTSN10__cxxabiv119__foreign_exceptionE
                0x000000000008ea18       0x24 /Users/taylor/arm-cs-tools/arm-none-eabi/lib/thumb2/libstdc++.a(eh_exception.o)
                0x000000000008ea18                typeinfo name for __cxxabiv1::__foreign_exception
 .rodata._ZTIN10__cxxabiv119__foreign_exceptionE
                0x000000000008ea3c        0x8 /Users/taylor/arm-cs-tools/arm-none-eabi/lib/thumb2/libstdc++.a(eh_exception.o)
                0x000000000008ea3c                typeinfo for __cxxabiv1::__foreign_exception
 *fill*         0x000000000008ea44        0x4 
 .rodata._ZTVSt13bad_exception
                0x000000000008ea48       0x18 /Users/taylor/arm-cs-tools/arm-none-eabi/lib/thumb2/libstdc++.a(eh_exception.o)
                0x000000000008ea48                vtable for std::bad_exception
 .rodata._ZTSSt9exception
                0x000000000008ea60       0x10 /Users/taylor/arm-cs-tools/arm-none-eabi/lib/thumb2/libstdc++.a(eh_exception.o)
                0x000000000008ea60                typeinfo name for std::exception
 .rodata._ZTSN10__cxxabiv115__forced_unwindE
                0x000000000008ea70       0x20 /Users/taylor/arm-cs-tools/arm-none-eabi/lib/thumb2/libstdc++.a(eh_exception.o)
                0x000000000008ea70                typeinfo name for __cxxabiv1::__forced_unwind
 .rodata._ZTISt13bad_exception
                0x000000000008ea90        0xc /Users/taylor/arm-cs-tools/arm-none-eabi/lib/thumb2/libstdc++.a(eh_exception.o)
                0x000000000008ea90                typeinfo for std::bad_exception
 *fill*         0x000000000008ea9c        0x4 
 .rodata._ZTVN10__cxxabiv120__si_class_type_infoE
                0x000000000008eaa0       0x30 /Users/taylor/arm-cs-tools/arm-none-eabi/lib/thumb2/libstdc++.a(si_class_type_info.o)
                0x000000000008eaa0                vtable for __cxxabiv1::__si_class_type_info
 .rodata._ZTIN10__cxxabiv120__si_class_type_infoE
                0x000000000008ead0        0xc /Users/taylor/arm-cs-tools/arm-none-eabi/lib/thumb2/libstdc++.a(si_class_type_info.o)
                0x000000000008ead0                typeinfo for __cxxabiv1::__si_class_type_info
 .rodata._ZTSN10__cxxabiv120__si_class_type_infoE
                0x000000000008eadc       0x28 /Users/taylor/arm-cs-tools/arm-none-eabi/lib/thumb2/libstdc++.a(si_class_type_info.o)
                0x000000000008eadc                typeinfo name for __cxxabiv1::__si_class_type_info
 .rodata._ZTISt9type_info
                0x000000000008eb04        0x8 /Users/taylor/arm-cs-tools/arm-none-eabi/lib/thumb2/libstdc++.a(tinfo.o)
                0x000000000008eb04                typeinfo for std::type_info
 .rodata._ZTSSt9type_info
                0x000000000008eb0c       0x10 /Users/taylor/arm-cs-tools/arm-none-eabi/lib/thumb2/libstdc++.a(tinfo.o)
                0x000000000008eb0c                typeinfo name for std::type_info
 *fill*         0x000000000008eb1c        0x4 
 .rodata._ZTVSt9type_info
                0x000000000008eb20       0x20 /Users/taylor/arm-cs-tools/arm-none-eabi/lib/thumb2/libstdc++.a(tinfo.o)
                0x000000000008eb20                vtable for std::type_info
 .rodata.str1.4
                0x000000000008eb40       0x94 /Users/taylor/arm-cs-tools/arm-none-eabi/lib/thumb2/libstdc++.a(vterminate.o)
 .rodata        0x000000000008ebd4      0x6f8 /Users/taylor/arm-cs-tools/arm-none-eabi/lib/thumb2/libstdc++.a(cp-demangle.o)
 .rodata.str1.4
                0x000000000008f2cc      0x768 /Users/taylor/arm-cs-tools/arm-none-eabi/lib/thumb2/libstdc++.a(cp-demangle.o)
                                        0x7b4 (size before relaxing)
 .rodata.blanks.6735
                0x000000000008fa34       0x10 /Users/taylor/arm-cs-tools/arm-none-eabi/lib/thumb2/libc.a(lib_a-svfprintf.o)
 .rodata.str1.1
                0x000000000008fa44       0x12 /Users/taylor/arm-cs-tools/arm-none-eabi/lib/thumb2/libc.a(lib_a-svfprintf.o)
                                         0x34 (size before relaxing)
 .rodata.zeroes.6736
                0x000000000008fa56       0x10 /Users/taylor/arm-cs-tools/arm-none-eabi/lib/thumb2/libc.a(lib_a-svfprintf.o)
 .rodata.str1.1
                0x000000000008fa66        0xd /Users/taylor/arm-cs-tools/arm-none-eabi/lib/thumb2/libc.a(lib_a-dtoa.o)
                                          0xf (size before relaxing)
 *(.ARM.extab* .gnu.linkonce.armextab.*)
 *fill*         0x000000000008fa73        0x1 
 .ARM.extab     0x000000000008fa74       0x18 /Users/taylor/arm-cs-tools/lib/gcc/arm-none-eabi/4.7.3/thumb2/libgcc.a(unwind-arm.o)
 .ARM.extab     0x000000000008fa8c       0x18 /Users/taylor/arm-cs-tools/lib/gcc/arm-none-eabi/4.7.3/thumb2/libgcc.a(pr-support.o)
 .ARM.extab.text._ZN5PrintC2Ev
                0x000000000008faa4        0x0 ../../libarduino_sam3s_ek_gcc_dbg.a(UARTClass.o)
 .ARM.extab.text._ZN6StreamC2Ev
                0x000000000008faa4        0x0 ../../libarduino_sam3s_ek_gcc_dbg.a(UARTClass.o)
 .ARM.extab.text._ZN14HardwareSerialC2Ev
                0x000000000008faa4        0x0 ../../libarduino_sam3s_ek_gcc_dbg.a(UARTClass.o)
 .ARM.extab.text._ZN10USARTClasscvbEv
                0x000000000008faa4        0x0 ../../libarduino_sam3s_ek_gcc_dbg.a(USARTClass.o)
 .ARM.extab.text._ZN10USARTClass10IrqHandlerEv
                0x000000000008faa4        0xc ../../libarduino_sam3s_ek_gcc_dbg.a(USARTClass.o)
 .ARM.extab.text._ZN5Print5writeEPKhj
                0x000000000008fab0        0xc ../../libarduino_sam3s_ek_gcc_dbg.a(Print.o)
 .ARM.extab.text._ZL21base_of_encoded_valuehP15_Unwind_Context
                0x000000000008fabc        0xc /Users/taylor/arm-cs-tools/arm-none-eabi/lib/thumb2/libstdc++.a(eh_personality.o)
 .ARM.extab.text.__gxx_personality_v0
                0x000000000008fac8       0x20 /Users/taylor/arm-cs-tools/arm-none-eabi/lib/thumb2/libstdc++.a(eh_personality.o)
 .ARM.extab.text._ZN10__cxxabiv111__terminateEPFvvE
                0x000000000008fae8       0x2c /Users/taylor/arm-cs-tools/arm-none-eabi/lib/thumb2/libstdc++.a(eh_terminate.o)
 .ARM.extab.text._ZN10__cxxabiv112__unexpectedEPFvvE
                0x000000000008fb14        0xc /Users/taylor/arm-cs-tools/arm-none-eabi/lib/thumb2/libstdc++.a(eh_terminate.o)
 .ARM.extab.text._ZSt10unexpectedv
                0x000000000008fb20        0xc /Users/taylor/arm-cs-tools/arm-none-eabi/lib/thumb2/libstdc++.a(eh_terminate.o)
 .ARM.extab.text.__cxa_call_unexpected
                0x000000000008fb2c       0x2c /Users/taylor/arm-cs-tools/arm-none-eabi/lib/thumb2/libstdc++.a(eh_call.o)
 .ARM.extab.text.__cxa_begin_catch
                0x000000000008fb58       0x1c /Users/taylor/arm-cs-tools/arm-none-eabi/lib/thumb2/libstdc++.a(eh_catch.o)
 .ARM.extab.text._ZN9__gnu_cxx27__verbose_terminate_handlerEv
                0x000000000008fb74       0x34 /Users/taylor/arm-cs-tools/arm-none-eabi/lib/thumb2/libstdc++.a(vterminate.o)
                0x000000000008fba8                . = ALIGN (0x4)
 *(.init)
 .init          0x000000000008fba8        0x4 /Users/taylor/arm-cs-tools/lib/gcc/arm-none-eabi/4.7.3/thumb2/crti.o
                0x000000000008fba8                _init
 .init          0x000000000008fbac        0x8 /Users/taylor/arm-cs-tools/lib/gcc/arm-none-eabi/4.7.3/thumb2/crtn.o
                0x000000000008fbb4                . = ALIGN (0x4)
                0x000000000008fbb4                __preinit_array_start = .
 *(.preinit_array)
                0x000000000008fbb4                __preinit_array_end = .
                0x000000000008fbb4                . = ALIGN (0x4)
                0x000000000008fbb4                __init_array_start = .
 *(SORT(.init_array.*))
 *(.init_array)
 .init_array    0x000000000008fbb4        0x4 /Users/taylor/arm-cs-tools/lib/gcc/arm-none-eabi/4.7.3/thumb2/crtbegin.o
 .init_array    0x000000000008fbb8        0x4 ../../libvariant_sam3s_ek_gcc_dbg.a(variant.o)
                0x000000000008fbbc                __init_array_end = .
                0x000000000008fbbc                . = ALIGN (0x4)
 *crtbegin.o(.ctors)
 *(EXCLUDE_FILE(*crtend.o) .ctors)
 *(SORT(.ctors.*))
 *crtend.o(.ctors)
                0x000000000008fbbc                . = ALIGN (0x4)
 *(.fini)
 .fini          0x000000000008fbbc        0x4 /Users/taylor/arm-cs-tools/lib/gcc/arm-none-eabi/4.7.3/thumb2/crti.o
                0x000000000008fbbc                _fini
 .fini          0x000000000008fbc0        0x8 /Users/taylor/arm-cs-tools/lib/gcc/arm-none-eabi/4.7.3/thumb2/crtn.o
                0x000000000008fbc8                . = ALIGN (0x4)
                0x000000000008fbc8                __fini_array_start = .
 *(.fini_array)
 .fini_array    0x000000000008fbc8        0x4 /Users/taylor/arm-cs-tools/lib/gcc/arm-none-eabi/4.7.3/thumb2/crtbegin.o
 *(SORT(.fini_array.*))
                0x000000000008fbcc                __fini_array_end = .
 *crtbegin.o(.dtors)
 *(EXCLUDE_FILE(*crtend.o) .dtors)
 *(SORT(.dtors.*))
 *crtend.o(.dtors)
                0x000000000008fbcc                . = ALIGN (0x4)
                0x000000000008fbcc                _efixed = .
                0x000000000008fbcc                PROVIDE (__exidx_start, .)

.vfp11_veneer   0x000000000008fbcc        0x0
 .vfp11_veneer  0x0000000000000000        0x0 linker stubs

.v4_bx          0x000000000008fbcc        0x0
 .v4_bx         0x0000000000000000        0x0 linker stubs

.iplt           0x000000000008fbcc        0x0
 .iplt          0x0000000000000000        0x0 /Users/taylor/arm-cs-tools/lib/gcc/arm-none-eabi/4.7.3/thumb2/crtbegin.o

.ARM.exidx      0x000000000008fbcc      0x200
 *(.ARM.exidx* .gnu.linkonce.armexidx.*)
 .ARM.exidx.text.setup
                0x000000000008fbcc        0x8 debug_sam3s_ek/test.o
 .ARM.exidx.text._ZL9led_step1v
                0x000000000008fbd4        0x8 debug_sam3s_ek/test.o
 .ARM.exidx.text._ZL9led_step2v
                0x000000000008fbdc        0x0 debug_sam3s_ek/test.o
                                          0x8 (size before relaxing)
 .ARM.exidx.text.loop
                0x000000000008fbdc        0x8 debug_sam3s_ek/test.o
 .ARM.exidx     0x000000000008fbe4       0x90 /Users/taylor/arm-cs-tools/lib/gcc/arm-none-eabi/4.7.3/thumb2/libgcc.a(unwind-arm.o)
                                         0xd8 (size before relaxing)
 .ARM.exidx     0x000000000008fc74       0x38 /Users/taylor/arm-cs-tools/lib/gcc/arm-none-eabi/4.7.3/thumb2/libgcc.a(pr-support.o)
                                         0x48 (size before relaxing)
 .ARM.exidx.text.main
                0x000000000008fcac       0x10 ../../libarduino_sam3s_ek_gcc_dbg.a(main.o)
                                          0x8 (size before relaxing)
 .ARM.exidx.text._ZN10RingBufferC2Ev
                0x000000000008fcbc        0x0 ../../libarduino_sam3s_ek_gcc_dbg.a(RingBuffer.o)
                                          0x8 (size before relaxing)
 .ARM.exidx.text._ZN10RingBuffer10store_charEh
                0x000000000008fcbc        0x0 ../../libarduino_sam3s_ek_gcc_dbg.a(RingBuffer.o)
                                          0x8 (size before relaxing)
 .ARM.exidx.text._ZN5PrintC2Ev
                0x000000000008fcbc        0x0 ../../libarduino_sam3s_ek_gcc_dbg.a(UARTClass.o)
                                          0x8 (size before relaxing)
 .ARM.exidx.text._ZN6StreamC2Ev
                0x000000000008fcbc        0x0 ../../libarduino_sam3s_ek_gcc_dbg.a(UARTClass.o)
                                          0x8 (size before relaxing)
 .ARM.exidx.text._ZN14HardwareSerialC2Ev
                0x000000000008fcbc        0x0 ../../libarduino_sam3s_ek_gcc_dbg.a(UARTClass.o)
                                          0x8 (size before relaxing)
 .ARM.exidx.text._ZN9UARTClass9availableEv
                0x000000000008fcbc        0x0 ../../libarduino_sam3s_ek_gcc_dbg.a(UARTClass.o)
                                          0x8 (size before relaxing)
 .ARM.exidx.text._ZN10USARTClasscvbEv
                0x000000000008fcbc        0x0 ../../libarduino_sam3s_ek_gcc_dbg.a(USARTClass.o)
                                          0x8 (size before relaxing)
 .ARM.exidx.text._ZN10USARTClassC2EP5Usart4IRQnmP10RingBuffer
                0x000000000008fcbc        0x0 ../../libarduino_sam3s_ek_gcc_dbg.a(USARTClass.o)
                                          0x8 (size before relaxing)
 .ARM.exidx.text._ZN10USARTClass9availableEv
                0x000000000008fcbc        0x0 ../../libarduino_sam3s_ek_gcc_dbg.a(USARTClass.o)
                                          0x8 (size before relaxing)
 .ARM.exidx.text._ZN10USARTClass4peekEv
                0x000000000008fcbc        0x0 ../../libarduino_sam3s_ek_gcc_dbg.a(USARTClass.o)
                                          0x8 (size before relaxing)
 .ARM.exidx.text._ZN10USARTClass4readEv
                0x000000000008fcbc        0x0 ../../libarduino_sam3s_ek_gcc_dbg.a(USARTClass.o)
                                          0x8 (size before relaxing)
 .ARM.exidx.text._ZN10USARTClass5flushEv
                0x000000000008fcbc        0x0 ../../libarduino_sam3s_ek_gcc_dbg.a(USARTClass.o)
                                          0x8 (size before relaxing)
 .ARM.exidx.text._ZN10USARTClass5writeEh
                0x000000000008fcbc        0x0 ../../libarduino_sam3s_ek_gcc_dbg.a(USARTClass.o)
                                          0x8 (size before relaxing)
 .ARM.exidx.text._ZN10USARTClass10IrqHandlerEv
                0x000000000008fcbc        0x8 ../../libarduino_sam3s_ek_gcc_dbg.a(USARTClass.o)
 .ARM.exidx.text.__cxa_pure_virtual
                0x000000000008fcc4        0x8 ../../libarduino_sam3s_ek_gcc_dbg.a(cxxabi-compat.o)
 .ARM.exidx.text._ZN5Print5writeEPKhj
                0x000000000008fccc       0x10 ../../libarduino_sam3s_ek_gcc_dbg.a(Print.o)
                                          0x8 (size before relaxing)
 .ARM.exidx     0x000000000008fcdc        0x0 /Users/taylor/arm-cs-tools/lib/gcc/arm-none-eabi/4.7.3/thumb2/libgcc.a(_divdi3.o)
                                          0x8 (size before relaxing)
 .ARM.exidx     0x000000000008fcdc        0x0 /Users/taylor/arm-cs-tools/lib/gcc/arm-none-eabi/4.7.3/thumb2/libgcc.a(_udivdi3.o)
                                          0x8 (size before relaxing)
 .ARM.exidx.text._ZNK10__cxxabiv117__class_type_info11__do_upcastEPKS0_PPv
                0x000000000008fcdc        0x8 /Users/taylor/arm-cs-tools/arm-none-eabi/lib/thumb2/libstdc++.a(class_type_info.o)
 .ARM.exidx.text._ZNK10__cxxabiv117__class_type_info20__do_find_public_srcEiPKvPKS0_S2_
                0x000000000008fce4        0x8 /Users/taylor/arm-cs-tools/arm-none-eabi/lib/thumb2/libstdc++.a(class_type_info.o)
 .ARM.exidx.text._ZNK10__cxxabiv117__class_type_info11__do_upcastEPKS0_PKvRNS0_15__upcast_resultE
                0x000000000008fcec        0x8 /Users/taylor/arm-cs-tools/arm-none-eabi/lib/thumb2/libstdc++.a(class_type_info.o)
 .ARM.exidx.text._ZN10__cxxabiv117__class_type_infoD2Ev
                0x000000000008fcf4        0x8 /Users/taylor/arm-cs-tools/arm-none-eabi/lib/thumb2/libstdc++.a(class_type_info.o)
 .ARM.exidx.text._ZN10__cxxabiv117__class_type_infoD0Ev
                0x000000000008fcfc        0x0 /Users/taylor/arm-cs-tools/arm-none-eabi/lib/thumb2/libstdc++.a(class_type_info.o)
                                          0x8 (size before relaxing)
 .ARM.exidx.text._ZNK10__cxxabiv117__class_type_info12__do_dyncastEiNS0_10__sub_kindEPKS0_PKvS3_S5_RNS0_16__dyncast_resultE
                0x000000000008fcfc        0x8 /Users/taylor/arm-cs-tools/arm-none-eabi/lib/thumb2/libstdc++.a(class_type_info.o)
 .ARM.exidx.text._ZNK10__cxxabiv117__class_type_info10__do_catchEPKSt9type_infoPPvj
                0x000000000008fd04        0x8 /Users/taylor/arm-cs-tools/arm-none-eabi/lib/thumb2/libstdc++.a(class_type_info.o)
 .ARM.exidx.text._ZdlPv
                0x000000000008fd0c        0x8 /Users/taylor/arm-cs-tools/arm-none-eabi/lib/thumb2/libstdc++.a(del_op.o)
 .ARM.exidx.text.__cxa_type_match
                0x000000000008fd14        0x8 /Users/taylor/arm-cs-tools/arm-none-eabi/lib/thumb2/libstdc++.a(eh_arm.o)
 .ARM.exidx.text.__cxa_begin_cleanup
                0x000000000008fd1c        0x8 /Users/taylor/arm-cs-tools/arm-none-eabi/lib/thumb2/libstdc++.a(eh_arm.o)
 .ARM.exidx.text.__gnu_end_cleanup
                0x000000000008fd24        0x0 /Users/taylor/arm-cs-tools/arm-none-eabi/lib/thumb2/libstdc++.a(eh_arm.o)
                                          0x8 (size before relaxing)
 .ARM.exidx.text._ZNSt9exceptionD2Ev
                0x000000000008fd24        0x0 /Users/taylor/arm-cs-tools/arm-none-eabi/lib/thumb2/libstdc++.a(eh_exception.o)
                                          0x8 (size before relaxing)
 .ARM.exidx.text._ZNSt13bad_exceptionD2Ev
                0x000000000008fd24        0x0 /Users/taylor/arm-cs-tools/arm-none-eabi/lib/thumb2/libstdc++.a(eh_exception.o)
                                          0x8 (size before relaxing)
 .ARM.exidx.text._ZNKSt9exception4whatEv
                0x000000000008fd24        0x0 /Users/taylor/arm-cs-tools/arm-none-eabi/lib/thumb2/libstdc++.a(eh_exception.o)
                                          0x8 (size before relaxing)
 .ARM.exidx.text._ZNKSt13bad_exception4whatEv
                0x000000000008fd24        0x0 /Users/taylor/arm-cs-tools/arm-none-eabi/lib/thumb2/libstdc++.a(eh_exception.o)
                                          0x8 (size before relaxing)
 .ARM.exidx.text._ZNSt9exceptionD0Ev
                0x000000000008fd24        0x0 /Users/taylor/arm-cs-tools/arm-none-eabi/lib/thumb2/libstdc++.a(eh_exception.o)
                                          0x8 (size before relaxing)
 .ARM.exidx.text._ZNSt13bad_exceptionD0Ev
                0x000000000008fd24        0x0 /Users/taylor/arm-cs-tools/arm-none-eabi/lib/thumb2/libstdc++.a(eh_exception.o)
                                          0x8 (size before relaxing)
 .ARM.exidx.text.__cxa_get_globals_fast
                0x000000000008fd24        0x0 /Users/taylor/arm-cs-tools/arm-none-eabi/lib/thumb2/libstdc++.a(eh_globals.o)
                                          0x8 (size before relaxing)
 .ARM.exidx.text.__cxa_get_globals
                0x000000000008fd24        0x0 /Users/taylor/arm-cs-tools/arm-none-eabi/lib/thumb2/libstdc++.a(eh_globals.o)
                                          0x8 (size before relaxing)
 .ARM.exidx.text._ZL12read_sleb128PKhPl
                0x000000000008fd24        0x0 /Users/taylor/arm-cs-tools/arm-none-eabi/lib/thumb2/libstdc++.a(eh_personality.o)
                                          0x8 (size before relaxing)
 .ARM.exidx.text._ZL28read_encoded_value_with_basehjPKhPj
                0x000000000008fd24        0x8 /Users/taylor/arm-cs-tools/arm-none-eabi/lib/thumb2/libstdc++.a(eh_personality.o)
 .ARM.exidx.text._ZL21base_of_encoded_valuehP15_Unwind_Context
                0x000000000008fd2c        0x8 /Users/taylor/arm-cs-tools/arm-none-eabi/lib/thumb2/libstdc++.a(eh_personality.o)
 .ARM.exidx.text._ZL17parse_lsda_headerP15_Unwind_ContextPKhP16lsda_header_info
                0x000000000008fd34        0x8 /Users/taylor/arm-cs-tools/arm-none-eabi/lib/thumb2/libstdc++.a(eh_personality.o)
 .ARM.exidx.text.__gxx_personality_v0
                0x000000000008fd3c        0x8 /Users/taylor/arm-cs-tools/arm-none-eabi/lib/thumb2/libstdc++.a(eh_personality.o)
 .ARM.exidx.text._ZN10__cxxabiv111__terminateEPFvvE
                0x000000000008fd44        0x8 /Users/taylor/arm-cs-tools/arm-none-eabi/lib/thumb2/libstdc++.a(eh_terminate.o)
 .ARM.exidx.text._ZSt9terminatev
                0x000000000008fd4c        0x8 /Users/taylor/arm-cs-tools/arm-none-eabi/lib/thumb2/libstdc++.a(eh_terminate.o)
 .ARM.exidx.text._ZN10__cxxabiv112__unexpectedEPFvvE
                0x000000000008fd54        0x8 /Users/taylor/arm-cs-tools/arm-none-eabi/lib/thumb2/libstdc++.a(eh_terminate.o)
 .ARM.exidx.text._ZSt10unexpectedv
                0x000000000008fd5c        0x8 /Users/taylor/arm-cs-tools/arm-none-eabi/lib/thumb2/libstdc++.a(eh_terminate.o)
 .ARM.exidx.text._ZNK10__cxxabiv120__si_class_type_info12__do_dyncastEiNS_17__class_type_info10__sub_kindEPKS1_PKvS4_S6_RNS1_16__dyncast_resultE
                0x000000000008fd64        0x8 /Users/taylor/arm-cs-tools/arm-none-eabi/lib/thumb2/libstdc++.a(si_class_type_info.o)
 .ARM.exidx.text._ZN10__cxxabiv120__si_class_type_infoD2Ev
                0x000000000008fd6c        0x8 /Users/taylor/arm-cs-tools/arm-none-eabi/lib/thumb2/libstdc++.a(si_class_type_info.o)
 .ARM.exidx.text._ZN10__cxxabiv120__si_class_type_infoD0Ev
                0x000000000008fd74        0x0 /Users/taylor/arm-cs-tools/arm-none-eabi/lib/thumb2/libstdc++.a(si_class_type_info.o)
                                          0x8 (size before relaxing)
 .ARM.exidx.text._ZNK10__cxxabiv120__si_class_type_info20__do_find_public_srcEiPKvPKNS_17__class_type_infoES2_
                0x000000000008fd74        0x8 /Users/taylor/arm-cs-tools/arm-none-eabi/lib/thumb2/libstdc++.a(si_class_type_info.o)
 .ARM.exidx.text._ZNK10__cxxabiv120__si_class_type_info11__do_upcastEPKNS_17__class_type_infoEPKvRNS1_15__upcast_resultE
                0x000000000008fd7c        0x8 /Users/taylor/arm-cs-tools/arm-none-eabi/lib/thumb2/libstdc++.a(si_class_type_info.o)
 .ARM.exidx.text._ZNSt9type_infoD2Ev
                0x000000000008fd84        0x8 /Users/taylor/arm-cs-tools/arm-none-eabi/lib/thumb2/libstdc++.a(tinfo.o)
 .ARM.exidx.text._ZNKSt9type_info14__is_pointer_pEv
                0x000000000008fd8c        0x0 /Users/taylor/arm-cs-tools/arm-none-eabi/lib/thumb2/libstdc++.a(tinfo.o)
                                          0x8 (size before relaxing)
 .ARM.exidx.text._ZNKSt9type_info15__is_function_pEv
                0x000000000008fd8c        0x0 /Users/taylor/arm-cs-tools/arm-none-eabi/lib/thumb2/libstdc++.a(tinfo.o)
                                          0x8 (size before relaxing)
 .ARM.exidx.text._ZNKSt9type_info11__do_upcastEPKN10__cxxabiv117__class_type_infoEPPv
                0x000000000008fd8c        0x0 /Users/taylor/arm-cs-tools/arm-none-eabi/lib/thumb2/libstdc++.a(tinfo.o)
                                          0x8 (size before relaxing)
 .ARM.exidx.text._ZNSt9type_infoD0Ev
                0x000000000008fd8c        0x0 /Users/taylor/arm-cs-tools/arm-none-eabi/lib/thumb2/libstdc++.a(tinfo.o)
                                          0x8 (size before relaxing)
 .ARM.exidx.text._ZNKSt9type_infoeqERKS_
                0x000000000008fd8c        0x0 /Users/taylor/arm-cs-tools/arm-none-eabi/lib/thumb2/libstdc++.a(tinfo.o)
                                          0x8 (size before relaxing)
 .ARM.exidx.text._ZNKSt9type_info10__do_catchEPKS_PPvj
                0x000000000008fd8c        0x0 /Users/taylor/arm-cs-tools/arm-none-eabi/lib/thumb2/libstdc++.a(tinfo.o)
                                          0x8 (size before relaxing)
 .ARM.exidx.text._ZN10__cxxabiv1L24__is_gxx_exception_classEPc
                0x000000000008fd8c        0x0 /Users/taylor/arm-cs-tools/arm-none-eabi/lib/thumb2/libstdc++.a(eh_call.o)
                                          0x8 (size before relaxing)
 .ARM.exidx.text.__cxa_call_terminate
                0x000000000008fd8c        0x0 /Users/taylor/arm-cs-tools/arm-none-eabi/lib/thumb2/libstdc++.a(eh_call.o)
                                          0x8 (size before relaxing)
 .ARM.exidx.text.__cxa_call_unexpected
                0x000000000008fd8c        0x8 /Users/taylor/arm-cs-tools/arm-none-eabi/lib/thumb2/libstdc++.a(eh_call.o)
 .ARM.exidx.text.__cxa_begin_catch
                0x000000000008fd94        0x8 /Users/taylor/arm-cs-tools/arm-none-eabi/lib/thumb2/libstdc++.a(eh_catch.o)
 .ARM.exidx.text.__cxa_end_catch
                0x000000000008fd9c        0x8 /Users/taylor/arm-cs-tools/arm-none-eabi/lib/thumb2/libstdc++.a(eh_catch.o)
 .ARM.exidx.text._ZL23__gxx_exception_cleanup19_Unwind_Reason_CodeP21_Unwind_Control_Block
                0x000000000008fda4        0x8 /Users/taylor/arm-cs-tools/arm-none-eabi/lib/thumb2/libstdc++.a(eh_throw.o)
 .ARM.exidx.text.__cxa_throw
                0x000000000008fdac        0x8 /Users/taylor/arm-cs-tools/arm-none-eabi/lib/thumb2/libstdc++.a(eh_throw.o)
 .ARM.exidx.text.__cxa_rethrow
                0x000000000008fdb4        0x8 /Users/taylor/arm-cs-tools/arm-none-eabi/lib/thumb2/libstdc++.a(eh_throw.o)
 .ARM.exidx.text._ZN9__gnu_cxx27__verbose_terminate_handlerEv
                0x000000000008fdbc       0x10 /Users/taylor/arm-cs-tools/arm-none-eabi/lib/thumb2/libstdc++.a(vterminate.o)
                                          0x8 (size before relaxing)
 .ARM.exidx.text.__cxa_allocate_exception
                0x000000000008fdcc        0x0 /Users/taylor/arm-cs-tools/arm-none-eabi/lib/thumb2/libstdc++.a(eh_alloc.o)
                                          0x8 (size before relaxing)
 .ARM.exidx.text.__cxa_free_exception
                0x000000000008fdcc        0x0 /Users/taylor/arm-cs-tools/arm-none-eabi/lib/thumb2/libstdc++.a(eh_alloc.o)
                                          0x8 (size before relaxing)
 .ARM.exidx.text.__cxa_current_exception_type
                0x000000000008fdcc        0x0 /Users/taylor/arm-cs-tools/arm-none-eabi/lib/thumb2/libstdc++.a(eh_type.o)
                                          0x8 (size before relaxing)
                0x000000000008fdcc                PROVIDE (__exidx_end, .)

.eh_frame       0x000000000008fdcc        0x0
 .eh_frame      0x000000000008fdcc        0x0 /Users/taylor/arm-cs-tools/lib/gcc/arm-none-eabi/4.7.3/thumb2/crtbegin.o

.rel.dyn        0x000000000008fdcc        0x0
 .rel.iplt      0x0000000000000000        0x0 /Users/taylor/arm-cs-tools/lib/gcc/arm-none-eabi/4.7.3/thumb2/crtbegin.o

.jcr            0x000000000008fdcc        0x0
 .jcr           0x000000000008fdcc        0x0 /Users/taylor/arm-cs-tools/lib/gcc/arm-none-eabi/4.7.3/thumb2/crtbegin.o

.tm_clone_table
                0x000000000008fdcc        0x0
 .tm_clone_table
                0x000000000008fdcc        0x0 /Users/taylor/arm-cs-tools/lib/gcc/arm-none-eabi/4.7.3/thumb2/crtbegin.o
 .tm_clone_table
                0x000000000008fdcc        0x0 /Users/taylor/arm-cs-tools/lib/gcc/arm-none-eabi/4.7.3/thumb2/crtend.o

.igot.plt       0x000000000008fdcc        0x0
 .igot.plt      0x0000000000000000        0x0 /Users/taylor/arm-cs-tools/lib/gcc/arm-none-eabi/4.7.3/thumb2/crtbegin.o
                0x000000000008fdcc                . = ALIGN (0x4)
                0x000000000008fdcc                _etext = .

.relocate       0x0000000020070000      0x570 load address 0x000000000008fdcc
                0x0000000020070000                . = ALIGN (0x4)
                0x0000000020070000                _srelocate = .
 *(.ramfunc .ramfunc.*)
 *(.data .data.*)
 .data.impure_data
                0x0000000020070000       0xf0 /Users/taylor/arm-cs-tools/arm-none-eabi/lib/thumb2/libc.a(lib_a-impure.o)
 .data._impure_ptr
                0x00000000200700f0        0x4 /Users/taylor/arm-cs-tools/arm-none-eabi/lib/thumb2/libc.a(lib_a-impure.o)
                0x00000000200700f0                _impure_ptr
 .data.__malloc_av_
                0x00000000200700f4      0x408 /Users/taylor/arm-cs-tools/arm-none-eabi/lib/thumb2/libc.a(lib_a-mallocr.o)
                0x00000000200700f4                __malloc_av_
 .data.__malloc_trim_threshold
                0x00000000200704fc        0x4 /Users/taylor/arm-cs-tools/arm-none-eabi/lib/thumb2/libc.a(lib_a-mallocr.o)
                0x00000000200704fc                __malloc_trim_threshold
 .data.__malloc_sbrk_base
                0x0000000020070500        0x4 /Users/taylor/arm-cs-tools/arm-none-eabi/lib/thumb2/libc.a(lib_a-mallocr.o)
                0x0000000020070500                __malloc_sbrk_base
 .data.lconv    0x0000000020070504       0x38 /Users/taylor/arm-cs-tools/arm-none-eabi/lib/thumb2/libc.a(lib_a-locale.o)
 .data.lc_ctype_charset
                0x000000002007053c       0x20 /Users/taylor/arm-cs-tools/arm-none-eabi/lib/thumb2/libc.a(lib_a-locale.o)
 .data.__mb_cur_max
                0x000000002007055c        0x4 /Users/taylor/arm-cs-tools/arm-none-eabi/lib/thumb2/libc.a(lib_a-locale.o)
                0x000000002007055c                __mb_cur_max
 .data.__wctomb
                0x0000000020070560        0x4 /Users/taylor/arm-cs-tools/arm-none-eabi/lib/thumb2/libc.a(lib_a-wctomb_r.o)
                0x0000000020070560                __wctomb
 .data.SystemCoreClock
                0x0000000020070564        0x4 ../../libsam_sam3s4c_gcc_dbg.a(system_sam3s.o)
                0x0000000020070564                SystemCoreClock
 .data._ZN10__cxxabiv120__unexpected_handlerE
                0x0000000020070568        0x4 /Users/taylor/arm-cs-tools/arm-none-eabi/lib/thumb2/libstdc++.a(eh_unex_handler.o)
                0x0000000020070568                __cxxabiv1::__unexpected_handler
 .data._ZN10__cxxabiv119__terminate_handlerE
                0x000000002007056c        0x4 /Users/taylor/arm-cs-tools/arm-none-eabi/lib/thumb2/libstdc++.a(eh_term_handler.o)
                0x000000002007056c                __cxxabiv1::__terminate_handler
                0x0000000020070570                . = ALIGN (0x4)
                0x0000000020070570                _erelocate = .

.bss            0x0000000020070570      0xa24 load address 0x000000000009033c
                0x0000000020070570                . = ALIGN (0x4)
                0x0000000020070570                _sbss = .
                0x0000000020070570                _szero = .
 *(.bss .bss.*)
 .bss           0x0000000020070570       0x1c /Users/taylor/arm-cs-tools/lib/gcc/arm-none-eabi/4.7.3/thumb2/crtbegin.o
 .bss.__malloc_max_total_mem
                0x000000002007058c        0x4 /Users/taylor/arm-cs-tools/arm-none-eabi/lib/thumb2/libc.a(lib_a-mallocr.o)
                0x000000002007058c                __malloc_max_total_mem
 .bss.__malloc_max_sbrked_mem
                0x0000000020070590        0x4 /Users/taylor/arm-cs-tools/arm-none-eabi/lib/thumb2/libc.a(lib_a-mallocr.o)
                0x0000000020070590                __malloc_max_sbrked_mem
 .bss.__malloc_top_pad
                0x0000000020070594        0x4 /Users/taylor/arm-cs-tools/arm-none-eabi/lib/thumb2/libc.a(lib_a-mallocr.o)
                0x0000000020070594                __malloc_top_pad
 .bss.__malloc_current_mallinfo
                0x0000000020070598       0x28 /Users/taylor/arm-cs-tools/arm-none-eabi/lib/thumb2/libc.a(lib_a-mallocr.o)
                0x0000000020070598                __malloc_current_mallinfo
 .bss.heap.5990
                0x00000000200705c0        0x4 ../../libarduino_sam3s_ek_gcc_dbg.a(syscalls_sam3.o)
 .bss.rx_buffer1
                0x00000000200705c4       0x48 ../../libvariant_sam3s_ek_gcc_dbg.a(variant.o)
                0x00000000200705c4                rx_buffer1
 .bss.rx_buffer2
                0x000000002007060c       0x48 ../../libvariant_sam3s_ek_gcc_dbg.a(variant.o)
                0x000000002007060c                rx_buffer2
 .bss.rx_buffer3
                0x0000000020070654       0x48 ../../libvariant_sam3s_ek_gcc_dbg.a(variant.o)
                0x0000000020070654                rx_buffer3
 .bss.rx_buffer4
                0x000000002007069c       0x48 ../../libvariant_sam3s_ek_gcc_dbg.a(variant.o)
                0x000000002007069c                rx_buffer4
 .bss.Serial1   0x00000000200706e4       0x20 ../../libvariant_sam3s_ek_gcc_dbg.a(variant.o)
                0x00000000200706e4                Serial1
 .bss.Serial2   0x0000000020070704       0x20 ../../libvariant_sam3s_ek_gcc_dbg.a(variant.o)
                0x0000000020070704                Serial2
 .bss._dwTickCount
                0x0000000020070724        0x4 ../../libsam_sam3s4c_gcc_dbg.a(timetick.o)
 .bss.pinEnabled
                0x0000000020070728       0x50 ../../libarduino_sam3s_ek_gcc_dbg.a(wiring_analog.o)
 .bss._ZL10eh_globals
                0x0000000020070778        0xc /Users/taylor/arm-cs-tools/arm-none-eabi/lib/thumb2/libstdc++.a(eh_globals.o)
 .bss._ZZN9__gnu_cxx27__verbose_terminate_handlerEvE11terminating
                0x0000000020070784        0x1 /Users/taylor/arm-cs-tools/arm-none-eabi/lib/thumb2/libstdc++.a(vterminate.o)
 *fill*         0x0000000020070785        0x3 
 .bss._ZL14emergency_used
                0x0000000020070788        0x4 /Users/taylor/arm-cs-tools/arm-none-eabi/lib/thumb2/libstdc++.a(eh_alloc.o)
 *fill*         0x000000002007078c        0x4 
 .bss._ZL16emergency_buffer
                0x0000000020070790      0x800 /Users/taylor/arm-cs-tools/arm-none-eabi/lib/thumb2/libstdc++.a(eh_alloc.o)
 *(COMMON)
 COMMON         0x0000000020070f90        0x4 /Users/taylor/arm-cs-tools/arm-none-eabi/lib/thumb2/libc.a(lib_a-reent.o)
                0x0000000020070f90                errno
                0x0000000020070f94                . = ALIGN (0x4)
                0x0000000020070f94                _ebss = .
                0x0000000020070f94                _ezero = .
                0x0000000020070f94                . = ALIGN (0x4)
                0x0000000020070f94                _end = .

.stack_dummy    0x0000000020070f94        0x0
 *(.stack*)